/home/kenbio/sensor_ws/install/sensor_bringup/lib/python3.12/site-packages/sensor_bringup/__init__.py
/home/kenbio/sensor_ws/install/sensor_bringup/lib/python3.12/site-packages/sensor_bringup/command_odom.py
/home/kenbio/sensor_ws/install/sensor_bringup/lib/python3.12/site-packages/sensor_bringup/imu_marker_viz.py
/home/kenbio/sensor_ws/install/sensor_bringup/lib/python3.12/site-packages/sensor_bringup/__pycache__/__init__.cpython-312.pyc
/home/kenbio/sensor_ws/install/sensor_bringup/lib/python3.12/site-packages/sensor_bringup/__pycache__/command_odom.cpython-312.pyc
/home/kenbio/sensor_ws/install/sensor_bringup/lib/python3.12/site-packages/sensor_bringup/__pycache__/imu_marker_viz.cpython-312.pyc
/home/kenbio/sensor_ws/install/sensor_bringup/share/ament_index/resource_index/packages/sensor_bringup
/home/kenbio/sensor_ws/install/sensor_bringup/share/sensor_bringup/package.xml
/home/kenbio/sensor_ws/install/sensor_bringup/share/sensor_bringup/launch/slam_bringup.launch.py
/home/kenbio/sensor_ws/install/sensor_bringup/share/sensor_bringup/launch/sensor_bringup.launch.py
/home/kenbio/sensor_ws/install/sensor_bringup/share/sensor_bringup/launch/nav_bringup.launch.py
/home/kenbio/sensor_ws/install/sensor_bringup/share/sensor_bringup/config/nav2_params.yaml
/home/kenbio/sensor_ws/install/sensor_bringup/share/sensor_bringup/config/slam_toolbox_mapping.yaml
/home/kenbio/sensor_ws/install/sensor_bringup/share/sensor_bringup/config/slam_toolbox_localization.yaml
/home/kenbio/sensor_ws/install/sensor_bringup/share/sensor_bringup/maps/README.md
/home/kenbio/sensor_ws/install/sensor_bringup/share/sensor_bringup/rviz/nav2_navigation.rviz
/home/kenbio/sensor_ws/install/sensor_bringup/share/sensor_bringup/rviz/sensor_bringup.rviz
/home/kenbio/sensor_ws/install/sensor_bringup/lib/python3.12/site-packages/sensor_bringup-0.0.1-py3.12.egg-info/top_level.txt
/home/kenbio/sensor_ws/install/sensor_bringup/lib/python3.12/site-packages/sensor_bringup-0.0.1-py3.12.egg-info/dependency_links.txt
/home/kenbio/sensor_ws/install/sensor_bringup/lib/python3.12/site-packages/sensor_bringup-0.0.1-py3.12.egg-info/PKG-INFO
/home/kenbio/sensor_ws/install/sensor_bringup/lib/python3.12/site-packages/sensor_bringup-0.0.1-py3.12.egg-info/zip-safe
/home/kenbio/sensor_ws/install/sensor_bringup/lib/python3.12/site-packages/sensor_bringup-0.0.1-py3.12.egg-info/SOURCES.txt
/home/kenbio/sensor_ws/install/sensor_bringup/lib/python3.12/site-packages/sensor_bringup-0.0.1-py3.12.egg-info/entry_points.txt
/home/kenbio/sensor_ws/install/sensor_bringup/lib/python3.12/site-packages/sensor_bringup-0.0.1-py3.12.egg-info/requires.txt
/home/kenbio/sensor_ws/install/sensor_bringup/lib/sensor_bringup/command_odom
/home/kenbio/sensor_ws/install/sensor_bringup/lib/sensor_bringup/imu_marker_viz
