running egg_info
writing ../../build/sensor_bringup/sensor_bringup.egg-info/PKG-INFO
writing dependency_links to ../../build/sensor_bringup/sensor_bringup.egg-info/dependency_links.txt
writing entry points to ../../build/sensor_bringup/sensor_bringup.egg-info/entry_points.txt
writing requirements to ../../build/sensor_bringup/sensor_bringup.egg-info/requires.txt
writing top-level names to ../../build/sensor_bringup/sensor_bringup.egg-info/top_level.txt
reading manifest file '../../build/sensor_bringup/sensor_bringup.egg-info/SOURCES.txt'
writing manifest file '../../build/sensor_bringup/sensor_bringup.egg-info/SOURCES.txt'
running build
running build_py
running install
running install_lib
running install_data
copying package.xml -> /home/kenbio/sensor_ws/install/sensor_bringup/share/sensor_bringup
copying launch/slam_bringup.launch.py -> /home/kenbio/sensor_ws/install/sensor_bringup/share/sensor_bringup/launch
copying launch/sensor_bringup.launch.py -> /home/kenbio/sensor_ws/install/sensor_bringup/share/sensor_bringup/launch
copying launch/nav_bringup.launch.py -> /home/kenbio/sensor_ws/install/sensor_bringup/share/sensor_bringup/launch
creating /home/kenbio/sensor_ws/install/sensor_bringup/share/sensor_bringup/config
copying config/nav2_params.yaml -> /home/kenbio/sensor_ws/install/sensor_bringup/share/sensor_bringup/config
copying config/slam_toolbox_mapping.yaml -> /home/kenbio/sensor_ws/install/sensor_bringup/share/sensor_bringup/config
copying config/slam_toolbox_localization.yaml -> /home/kenbio/sensor_ws/install/sensor_bringup/share/sensor_bringup/config
creating /home/kenbio/sensor_ws/install/sensor_bringup/share/sensor_bringup/maps
copying maps/README.md -> /home/kenbio/sensor_ws/install/sensor_bringup/share/sensor_bringup/maps
copying rviz/nav2_navigation.rviz -> /home/kenbio/sensor_ws/install/sensor_bringup/share/sensor_bringup/rviz
running install_egg_info
removing '/home/kenbio/sensor_ws/install/sensor_bringup/lib/python3.12/site-packages/sensor_bringup-0.0.1-py3.12.egg-info' (and everything under it)
Copying ../../build/sensor_bringup/sensor_bringup.egg-info to /home/kenbio/sensor_ws/install/sensor_bringup/lib/python3.12/site-packages/sensor_bringup-0.0.1-py3.12.egg-info
running install_scripts
Installing imu_marker_viz script to /home/kenbio/sensor_ws/install/sensor_bringup/lib/sensor_bringup
writing list of installed files to '/home/kenbio/sensor_ws/build/sensor_bringup/install.log'
