running egg_info
writing ../../build/agv_control/agv_control.egg-info/PKG-INFO
writing dependency_links to ../../build/agv_control/agv_control.egg-info/dependency_links.txt
writing entry points to ../../build/agv_control/agv_control.egg-info/entry_points.txt
writing requirements to ../../build/agv_control/agv_control.egg-info/requires.txt
writing top-level names to ../../build/agv_control/agv_control.egg-info/top_level.txt
reading manifest file '../../build/agv_control/agv_control.egg-info/SOURCES.txt'
writing manifest file '../../build/agv_control/agv_control.egg-info/SOURCES.txt'
running build
running build_py
running install
running install_lib
running install_data
running install_egg_info
removing '/home/kenbio/sensor_ws/install/agv_control/lib/python3.12/site-packages/agv_control-0.0.1-py3.12.egg-info' (and everything under it)
Copying ../../build/agv_control/agv_control.egg-info to /home/kenbio/sensor_ws/install/agv_control/lib/python3.12/site-packages/agv_control-0.0.1-py3.12.egg-info
running install_scripts
Installing agv_bridge script to /home/kenbio/sensor_ws/install/agv_control/lib/agv_control
Installing keyboard_teleop script to /home/kenbio/sensor_ws/install/agv_control/lib/agv_control
writing list of installed files to '/home/kenbio/sensor_ws/build/agv_control/install.log'
