[0.675s] Invoking command in '/home/kenbio/sensor_ws/src/agv_control': DEBUGINFOD_URLS=https://debuginfod.ubuntu.com PYTHONPATH=/home/kenbio/sensor_ws/build/agv_control/prefix_override:/usr/lib/python3/dist-packages/colcon_core/task/python/colcon_distutils_commands:/home/kenbio/sensor_ws/install/agv_control/lib/python3.12/site-packages:${PYTHONPATH} /usr/bin/python3 -W ignore:setup.py install is deprecated -W ignore:easy_install command is deprecated setup.py egg_info --egg-base ../../build/agv_control build --build-base /home/kenbio/sensor_ws/build/agv_control/build install --record /home/kenbio/sensor_ws/build/agv_control/install.log --single-version-externally-managed install_data
[0.772s] running egg_info
[0.778s] writing ../../build/agv_control/agv_control.egg-info/PKG-INFO
[0.778s] writing dependency_links to ../../build/agv_control/agv_control.egg-info/dependency_links.txt
[0.778s] writing entry points to ../../build/agv_control/agv_control.egg-info/entry_points.txt
[0.778s] writing requirements to ../../build/agv_control/agv_control.egg-info/requires.txt
[0.778s] writing top-level names to ../../build/agv_control/agv_control.egg-info/top_level.txt
[0.790s] reading manifest file '../../build/agv_control/agv_control.egg-info/SOURCES.txt'
[0.790s] writing manifest file '../../build/agv_control/agv_control.egg-info/SOURCES.txt'
[0.790s] running build
[0.790s] running build_py
[0.790s] running install
[0.793s] running install_lib
[0.799s] running install_data
[0.799s] running install_egg_info
[0.805s] removing '/home/kenbio/sensor_ws/install/agv_control/lib/python3.12/site-packages/agv_control-0.0.1-py3.12.egg-info' (and everything under it)
[0.806s] Copying ../../build/agv_control/agv_control.egg-info to /home/kenbio/sensor_ws/install/agv_control/lib/python3.12/site-packages/agv_control-0.0.1-py3.12.egg-info
[0.806s] running install_scripts
[0.849s] Installing agv_bridge script to /home/kenbio/sensor_ws/install/agv_control/lib/agv_control
[0.849s] Installing keyboard_teleop script to /home/kenbio/sensor_ws/install/agv_control/lib/agv_control
[0.849s] writing list of installed files to '/home/kenbio/sensor_ws/build/agv_control/install.log'
[0.868s] Invoked command in '/home/kenbio/sensor_ws/src/agv_control' returned '0': DEBUGINFOD_URLS=https://debuginfod.ubuntu.com PYTHONPATH=/home/kenbio/sensor_ws/build/agv_control/prefix_override:/usr/lib/python3/dist-packages/colcon_core/task/python/colcon_distutils_commands:/home/kenbio/sensor_ws/install/agv_control/lib/python3.12/site-packages:${PYTHONPATH} /usr/bin/python3 -W ignore:setup.py install is deprecated -W ignore:easy_install command is deprecated setup.py egg_info --egg-base ../../build/agv_control build --build-base /home/kenbio/sensor_ws/build/agv_control/build install --record /home/kenbio/sensor_ws/build/agv_control/install.log --single-version-externally-managed install_data
