[0.309s] Invoking command in '/home/kenbio/sensor_ws/src/sensor_bringup': AMENT_PREFIX_PATH=/home/kenbio/sensor_ws/install/ldlidar:/home/kenbio/sensor_ws/install/imu_ros2_device:/home/kenbio/sensor_ws/install/agv_control:${AMENT_PREFIX_PATH} CMAKE_PREFIX_PATH=/home/kenbio/sensor_ws/install/ldlidar:${CMAKE_PREFIX_PATH} DEBUGINFOD_URLS=https://debuginfod.ubuntu.com PYTHONPATH=/home/kenbio/sensor_ws/build/sensor_bringup/prefix_override:/usr/lib/python3/dist-packages/colcon_core/task/python/colcon_distutils_commands:/home/kenbio/sensor_ws/install/sensor_bringup/lib/python3.12/site-packages:/home/kenbio/sensor_ws/install/imu_ros2_device/lib/python3.12/site-packages:/home/kenbio/sensor_ws/install/agv_control/lib/python3.12/site-packages:${PYTHONPATH} /usr/bin/python3 -W ignore:setup.py install is deprecated -W ignore:easy_install command is deprecated setup.py egg_info --egg-base ../../build/sensor_bringup build --build-base /home/kenbio/sensor_ws/build/sensor_bringup/build install --record /home/kenbio/sensor_ws/build/sensor_bringup/install.log --single-version-externally-managed install_data
[0.406s] running egg_info
[0.412s] writing ../../build/sensor_bringup/sensor_bringup.egg-info/PKG-INFO
[0.412s] writing dependency_links to ../../build/sensor_bringup/sensor_bringup.egg-info/dependency_links.txt
[0.412s] writing entry points to ../../build/sensor_bringup/sensor_bringup.egg-info/entry_points.txt
[0.412s] writing requirements to ../../build/sensor_bringup/sensor_bringup.egg-info/requires.txt
[0.412s] writing top-level names to ../../build/sensor_bringup/sensor_bringup.egg-info/top_level.txt
[0.425s] reading manifest file '../../build/sensor_bringup/sensor_bringup.egg-info/SOURCES.txt'
[0.425s] writing manifest file '../../build/sensor_bringup/sensor_bringup.egg-info/SOURCES.txt'
[0.425s] running build
[0.425s] running build_py
[0.425s] copying sensor_bringup/command_odom.py -> /home/kenbio/sensor_ws/build/sensor_bringup/build/lib/sensor_bringup
[0.425s] running install
[0.427s] running install_lib
[0.434s] copying /home/kenbio/sensor_ws/build/sensor_bringup/build/lib/sensor_bringup/command_odom.py -> /home/kenbio/sensor_ws/install/sensor_bringup/lib/python3.12/site-packages/sensor_bringup
[0.434s] byte-compiling /home/kenbio/sensor_ws/install/sensor_bringup/lib/python3.12/site-packages/sensor_bringup/command_odom.py to command_odom.cpython-312.pyc
[0.435s] running install_data
[0.435s] copying package.xml -> /home/kenbio/sensor_ws/install/sensor_bringup/share/sensor_bringup
[0.435s] copying launch/slam_bringup.launch.py -> /home/kenbio/sensor_ws/install/sensor_bringup/share/sensor_bringup/launch
[0.435s] copying launch/nav_bringup.launch.py -> /home/kenbio/sensor_ws/install/sensor_bringup/share/sensor_bringup/launch
[0.435s] running install_egg_info
[0.441s] removing '/home/kenbio/sensor_ws/install/sensor_bringup/lib/python3.12/site-packages/sensor_bringup-0.0.1-py3.12.egg-info' (and everything under it)
[0.441s] Copying ../../build/sensor_bringup/sensor_bringup.egg-info to /home/kenbio/sensor_ws/install/sensor_bringup/lib/python3.12/site-packages/sensor_bringup-0.0.1-py3.12.egg-info
[0.442s] running install_scripts
[0.486s] Installing command_odom script to /home/kenbio/sensor_ws/install/sensor_bringup/lib/sensor_bringup
[0.486s] Installing imu_marker_viz script to /home/kenbio/sensor_ws/install/sensor_bringup/lib/sensor_bringup
[0.486s] writing list of installed files to '/home/kenbio/sensor_ws/build/sensor_bringup/install.log'
[0.500s] Invoked command in '/home/kenbio/sensor_ws/src/sensor_bringup' returned '0': AMENT_PREFIX_PATH=/home/kenbio/sensor_ws/install/ldlidar:/home/kenbio/sensor_ws/install/imu_ros2_device:/home/kenbio/sensor_ws/install/agv_control:${AMENT_PREFIX_PATH} CMAKE_PREFIX_PATH=/home/kenbio/sensor_ws/install/ldlidar:${CMAKE_PREFIX_PATH} DEBUGINFOD_URLS=https://debuginfod.ubuntu.com PYTHONPATH=/home/kenbio/sensor_ws/build/sensor_bringup/prefix_override:/usr/lib/python3/dist-packages/colcon_core/task/python/colcon_distutils_commands:/home/kenbio/sensor_ws/install/sensor_bringup/lib/python3.12/site-packages:/home/kenbio/sensor_ws/install/imu_ros2_device/lib/python3.12/site-packages:/home/kenbio/sensor_ws/install/agv_control/lib/python3.12/site-packages:${PYTHONPATH} /usr/bin/python3 -W ignore:setup.py install is deprecated -W ignore:easy_install command is deprecated setup.py egg_info --egg-base ../../build/sensor_bringup build --build-base /home/kenbio/sensor_ws/build/sensor_bringup/build install --record /home/kenbio/sensor_ws/build/sensor_bringup/install.log --single-version-externally-managed install_data
