[0.308s] Invoking command in '/home/kenbio/sensor_ws/src/sensor_bringup': AMENT_PREFIX_PATH=/home/kenbio/sensor_ws/install/ldlidar:/home/kenbio/sensor_ws/install/imu_ros2_device:/home/kenbio/sensor_ws/install/agv_control:${AMENT_PREFIX_PATH} CMAKE_PREFIX_PATH=/home/kenbio/sensor_ws/install/ldlidar:${CMAKE_PREFIX_PATH} DEBUGINFOD_URLS=https://debuginfod.ubuntu.com PYTHONPATH=/home/kenbio/sensor_ws/build/sensor_bringup/prefix_override:/usr/lib/python3/dist-packages/colcon_core/task/python/colcon_distutils_commands:/home/kenbio/sensor_ws/install/sensor_bringup/lib/python3.12/site-packages:/home/kenbio/sensor_ws/install/imu_ros2_device/lib/python3.12/site-packages:/home/kenbio/sensor_ws/install/agv_control/lib/python3.12/site-packages:${PYTHONPATH} /usr/bin/python3 -W ignore:setup.py install is deprecated -W ignore:easy_install command is deprecated setup.py egg_info --egg-base ../../build/sensor_bringup build --build-base /home/kenbio/sensor_ws/build/sensor_bringup/build install --record /home/kenbio/sensor_ws/build/sensor_bringup/install.log --single-version-externally-managed install_data
[0.403s] running egg_info
[0.409s] writing ../../build/sensor_bringup/sensor_bringup.egg-info/PKG-INFO
[0.409s] writing dependency_links to ../../build/sensor_bringup/sensor_bringup.egg-info/dependency_links.txt
[0.409s] writing entry points to ../../build/sensor_bringup/sensor_bringup.egg-info/entry_points.txt
[0.409s] writing requirements to ../../build/sensor_bringup/sensor_bringup.egg-info/requires.txt
[0.409s] writing top-level names to ../../build/sensor_bringup/sensor_bringup.egg-info/top_level.txt
[0.422s] reading manifest file '../../build/sensor_bringup/sensor_bringup.egg-info/SOURCES.txt'
[0.422s] writing manifest file '../../build/sensor_bringup/sensor_bringup.egg-info/SOURCES.txt'
[0.422s] running build
[0.422s] running build_py
[0.422s] running install
[0.425s] running install_lib
[0.431s] running install_data
[0.431s] copying config/nav2_params.yaml -> /home/kenbio/sensor_ws/install/sensor_bringup/share/sensor_bringup/config
[0.431s] running install_egg_info
[0.438s] removing '/home/kenbio/sensor_ws/install/sensor_bringup/lib/python3.12/site-packages/sensor_bringup-0.0.1-py3.12.egg-info' (and everything under it)
[0.438s] Copying ../../build/sensor_bringup/sensor_bringup.egg-info to /home/kenbio/sensor_ws/install/sensor_bringup/lib/python3.12/site-packages/sensor_bringup-0.0.1-py3.12.egg-info
[0.438s] running install_scripts
[0.482s] Installing imu_marker_viz script to /home/kenbio/sensor_ws/install/sensor_bringup/lib/sensor_bringup
[0.483s] writing list of installed files to '/home/kenbio/sensor_ws/build/sensor_bringup/install.log'
[0.496s] Invoked command in '/home/kenbio/sensor_ws/src/sensor_bringup' returned '0': AMENT_PREFIX_PATH=/home/kenbio/sensor_ws/install/ldlidar:/home/kenbio/sensor_ws/install/imu_ros2_device:/home/kenbio/sensor_ws/install/agv_control:${AMENT_PREFIX_PATH} CMAKE_PREFIX_PATH=/home/kenbio/sensor_ws/install/ldlidar:${CMAKE_PREFIX_PATH} DEBUGINFOD_URLS=https://debuginfod.ubuntu.com PYTHONPATH=/home/kenbio/sensor_ws/build/sensor_bringup/prefix_override:/usr/lib/python3/dist-packages/colcon_core/task/python/colcon_distutils_commands:/home/kenbio/sensor_ws/install/sensor_bringup/lib/python3.12/site-packages:/home/kenbio/sensor_ws/install/imu_ros2_device/lib/python3.12/site-packages:/home/kenbio/sensor_ws/install/agv_control/lib/python3.12/site-packages:${PYTHONPATH} /usr/bin/python3 -W ignore:setup.py install is deprecated -W ignore:easy_install command is deprecated setup.py egg_info --egg-base ../../build/sensor_bringup build --build-base /home/kenbio/sensor_ws/build/sensor_bringup/build install --record /home/kenbio/sensor_ws/build/sensor_bringup/install.log --single-version-externally-managed install_data
