[1.553s] Invoking command in '/home/kenbio/sensor_ws/src/sensor_bringup': AMENT_PREFIX_PATH=/home/kenbio/sensor_ws/install/ldlidar:/home/kenbio/sensor_ws/install/imu_ros2_device:/home/kenbio/sensor_ws/install/agv_control:${AMENT_PREFIX_PATH} CMAKE_PREFIX_PATH=/home/kenbio/sensor_ws/install/ldlidar:${CMAKE_PREFIX_PATH} PYTHONPATH=/home/kenbio/sensor_ws/build/sensor_bringup/prefix_override:/usr/lib/python3/dist-packages/colcon_core/task/python/colcon_distutils_commands:/home/kenbio/sensor_ws/install/sensor_bringup/lib/python3.12/site-packages:/home/kenbio/sensor_ws/install/imu_ros2_device/lib/python3.12/site-packages:/home/kenbio/sensor_ws/install/agv_control/lib/python3.12/site-packages:${PYTHONPATH} /usr/bin/python3 -W ignore:setup.py install is deprecated -W ignore:easy_install command is deprecated setup.py egg_info --egg-base ../../build/sensor_bringup build --build-base /home/kenbio/sensor_ws/build/sensor_bringup/build install --record /home/kenbio/sensor_ws/build/sensor_bringup/install.log --single-version-externally-managed install_data
[1.948s] running egg_info
[1.977s] writing ../../build/sensor_bringup/sensor_bringup.egg-info/PKG-INFO
[1.977s] writing dependency_links to ../../build/sensor_bringup/sensor_bringup.egg-info/dependency_links.txt
[1.978s] writing entry points to ../../build/sensor_bringup/sensor_bringup.egg-info/entry_points.txt
[1.978s] writing requirements to ../../build/sensor_bringup/sensor_bringup.egg-info/requires.txt
[1.978s] writing top-level names to ../../build/sensor_bringup/sensor_bringup.egg-info/top_level.txt
[2.038s] reading manifest file '../../build/sensor_bringup/sensor_bringup.egg-info/SOURCES.txt'
[2.039s] writing manifest file '../../build/sensor_bringup/sensor_bringup.egg-info/SOURCES.txt'
[2.040s] running build
[2.040s] running build_py
[2.040s] running install
[2.049s] running install_lib
[2.080s] running install_data
[2.081s] copying launch/sensor_bringup.launch.py -> /home/kenbio/sensor_ws/install/sensor_bringup/share/sensor_bringup/launch
[2.081s] running install_egg_info
[2.114s] removing '/home/kenbio/sensor_ws/install/sensor_bringup/lib/python3.12/site-packages/sensor_bringup-0.0.1-py3.12.egg-info' (and everything under it)
[2.115s] Copying ../../build/sensor_bringup/sensor_bringup.egg-info to /home/kenbio/sensor_ws/install/sensor_bringup/lib/python3.12/site-packages/sensor_bringup-0.0.1-py3.12.egg-info
[2.117s] running install_scripts
[2.311s] Installing command_odom script to /home/kenbio/sensor_ws/install/sensor_bringup/lib/sensor_bringup
[2.311s] Installing imu_marker_viz script to /home/kenbio/sensor_ws/install/sensor_bringup/lib/sensor_bringup
[2.312s] writing list of installed files to '/home/kenbio/sensor_ws/build/sensor_bringup/install.log'
[2.352s] Invoked command in '/home/kenbio/sensor_ws/src/sensor_bringup' returned '0': AMENT_PREFIX_PATH=/home/kenbio/sensor_ws/install/ldlidar:/home/kenbio/sensor_ws/install/imu_ros2_device:/home/kenbio/sensor_ws/install/agv_control:${AMENT_PREFIX_PATH} CMAKE_PREFIX_PATH=/home/kenbio/sensor_ws/install/ldlidar:${CMAKE_PREFIX_PATH} PYTHONPATH=/home/kenbio/sensor_ws/build/sensor_bringup/prefix_override:/usr/lib/python3/dist-packages/colcon_core/task/python/colcon_distutils_commands:/home/kenbio/sensor_ws/install/sensor_bringup/lib/python3.12/site-packages:/home/kenbio/sensor_ws/install/imu_ros2_device/lib/python3.12/site-packages:/home/kenbio/sensor_ws/install/agv_control/lib/python3.12/site-packages:${PYTHONPATH} /usr/bin/python3 -W ignore:setup.py install is deprecated -W ignore:easy_install command is deprecated setup.py egg_info --egg-base ../../build/sensor_bringup build --build-base /home/kenbio/sensor_ws/build/sensor_bringup/build install --record /home/kenbio/sensor_ws/build/sensor_bringup/install.log --single-version-externally-managed install_data
