[0.248s] DEBUG:colcon:Command line arguments: ['/usr/bin/colcon', 'build', '--packages-select', 'ldlidar', 'imu_ros2_device', 'agv_control', 'sensor_bringup']
[0.248s] DEBUG:colcon:Parsed command line arguments: Namespace(log_base=None, log_level=None, verb_name='build', build_base='build', install_base='install', merge_install=False, symlink_install=False, test_result_base=None, continue_on_error=False, executor='parallel', parallel_workers=32, event_handlers=None, ignore_user_meta=False, metas=['./colcon.meta'], base_paths=['.'], packages_ignore=None, packages_ignore_regex=None, paths=None, packages_up_to=None, packages_up_to_regex=None, packages_above=None, packages_above_and_dependencies=None, packages_above_depth=None, packages_select_by_dep=None, packages_skip_by_dep=None, packages_skip_up_to=None, packages_select_build_failed=False, packages_skip_build_finished=False, packages_select_test_failures=False, packages_skip_test_passed=False, packages_select=['ldlidar', 'imu_ros2_device', 'agv_control', 'sensor_bringup'], packages_skip=None, packages_select_regex=None, packages_skip_regex=None, packages_start=None, packages_end=None, allow_overriding=[], cmake_args=None, cmake_target=None, cmake_target_skip_unavailable=False, cmake_clean_cache=False, cmake_clean_first=False, cmake_force_configure=False, ament_cmake_args=None, catkin_cmake_args=None, catkin_skip_building_tests=False, verb_parser=<colcon_defaults.argument_parser.defaults.DefaultArgumentsDecorator object at 0x72c382f7d640>, verb_extension=<colcon_core.verb.build.BuildVerb object at 0x72c3830f73e0>, main=<bound method BuildVerb.main of <colcon_core.verb.build.BuildVerb object at 0x72c3830f73e0>>)
[0.301s] Level 1:colcon.colcon_core.package_discovery:discover_packages(colcon_meta) check parameters
[0.301s] Level 1:colcon.colcon_core.package_discovery:discover_packages(recursive) check parameters
[0.301s] Level 1:colcon.colcon_core.package_discovery:discover_packages(ignore) check parameters
[0.301s] Level 1:colcon.colcon_core.package_discovery:discover_packages(path) check parameters
[0.301s] Level 1:colcon.colcon_core.package_discovery:discover_packages(colcon_meta) discover
[0.301s] Level 1:colcon.colcon_core.package_discovery:discover_packages(recursive) discover
[0.301s] INFO:colcon.colcon_core.package_discovery:Crawling recursively for packages in '/home/kenbio/sensor_ws'
[0.301s] Level 1:colcon.colcon_core.package_identification:_identify(.) by extensions ['ignore', 'ignore_ament_install']
[0.301s] Level 1:colcon.colcon_core.package_identification:_identify(.) by extension 'ignore'
[0.301s] Level 1:colcon.colcon_core.package_identification:_identify(.) by extension 'ignore_ament_install'
[0.301s] Level 1:colcon.colcon_core.package_identification:_identify(.) by extensions ['colcon_pkg']
[0.301s] Level 1:colcon.colcon_core.package_identification:_identify(.) by extension 'colcon_pkg'
[0.301s] Level 1:colcon.colcon_core.package_identification:_identify(.) by extensions ['colcon_meta']
[0.301s] Level 1:colcon.colcon_core.package_identification:_identify(.) by extension 'colcon_meta'
[0.301s] Level 1:colcon.colcon_core.package_identification:_identify(.) by extensions ['ros']
[0.301s] Level 1:colcon.colcon_core.package_identification:_identify(.) by extension 'ros'
[0.323s] Level 1:colcon.colcon_core.package_identification:_identify(.) by extensions ['cmake', 'python']
[0.323s] Level 1:colcon.colcon_core.package_identification:_identify(.) by extension 'cmake'
[0.323s] Level 1:colcon.colcon_core.package_identification:_identify(.) by extension 'python'
[0.323s] Level 1:colcon.colcon_core.package_identification:_identify(.) by extensions ['python_setup_py']
[0.323s] Level 1:colcon.colcon_core.package_identification:_identify(.) by extension 'python_setup_py'
[0.323s] Level 1:colcon.colcon_core.package_identification:_identify(build) by extensions ['ignore', 'ignore_ament_install']
[0.323s] Level 1:colcon.colcon_core.package_identification:_identify(build) by extension 'ignore'
[0.324s] Level 1:colcon.colcon_core.package_identification:_identify(build) ignored
[0.324s] Level 1:colcon.colcon_core.package_identification:_identify(install) by extensions ['ignore', 'ignore_ament_install']
[0.324s] Level 1:colcon.colcon_core.package_identification:_identify(install) by extension 'ignore'
[0.324s] Level 1:colcon.colcon_core.package_identification:_identify(install) ignored
[0.324s] Level 1:colcon.colcon_core.package_identification:_identify(log) by extensions ['ignore', 'ignore_ament_install']
[0.324s] Level 1:colcon.colcon_core.package_identification:_identify(log) by extension 'ignore'
[0.324s] Level 1:colcon.colcon_core.package_identification:_identify(log) ignored
[0.324s] Level 1:colcon.colcon_core.package_identification:_identify(src) by extensions ['ignore', 'ignore_ament_install']
[0.324s] Level 1:colcon.colcon_core.package_identification:_identify(src) by extension 'ignore'
[0.324s] Level 1:colcon.colcon_core.package_identification:_identify(src) by extension 'ignore_ament_install'
[0.324s] Level 1:colcon.colcon_core.package_identification:_identify(src) by extensions ['colcon_pkg']
[0.324s] Level 1:colcon.colcon_core.package_identification:_identify(src) by extension 'colcon_pkg'
[0.324s] Level 1:colcon.colcon_core.package_identification:_identify(src) by extensions ['colcon_meta']
[0.324s] Level 1:colcon.colcon_core.package_identification:_identify(src) by extension 'colcon_meta'
[0.324s] Level 1:colcon.colcon_core.package_identification:_identify(src) by extensions ['ros']
[0.324s] Level 1:colcon.colcon_core.package_identification:_identify(src) by extension 'ros'
[0.324s] Level 1:colcon.colcon_core.package_identification:_identify(src) by extensions ['cmake', 'python']
[0.324s] Level 1:colcon.colcon_core.package_identification:_identify(src) by extension 'cmake'
[0.324s] Level 1:colcon.colcon_core.package_identification:_identify(src) by extension 'python'
[0.324s] Level 1:colcon.colcon_core.package_identification:_identify(src) by extensions ['python_setup_py']
[0.324s] Level 1:colcon.colcon_core.package_identification:_identify(src) by extension 'python_setup_py'
[0.324s] Level 1:colcon.colcon_core.package_identification:_identify(src/agv_control) by extensions ['ignore', 'ignore_ament_install']
[0.324s] Level 1:colcon.colcon_core.package_identification:_identify(src/agv_control) by extension 'ignore'
[0.324s] Level 1:colcon.colcon_core.package_identification:_identify(src/agv_control) by extension 'ignore_ament_install'
[0.324s] Level 1:colcon.colcon_core.package_identification:_identify(src/agv_control) by extensions ['colcon_pkg']
[0.324s] Level 1:colcon.colcon_core.package_identification:_identify(src/agv_control) by extension 'colcon_pkg'
[0.324s] Level 1:colcon.colcon_core.package_identification:_identify(src/agv_control) by extensions ['colcon_meta']
[0.324s] Level 1:colcon.colcon_core.package_identification:_identify(src/agv_control) by extension 'colcon_meta'
[0.324s] Level 1:colcon.colcon_core.package_identification:_identify(src/agv_control) by extensions ['ros']
[0.324s] Level 1:colcon.colcon_core.package_identification:_identify(src/agv_control) by extension 'ros'
[0.327s] DEBUG:colcon.colcon_core.package_identification:Package 'src/agv_control' with type 'ros.ament_python' and name 'agv_control'
[0.327s] Level 1:colcon.colcon_core.package_identification:_identify(src/imu_ros2_device) by extensions ['ignore', 'ignore_ament_install']
[0.327s] Level 1:colcon.colcon_core.package_identification:_identify(src/imu_ros2_device) by extension 'ignore'
[0.327s] Level 1:colcon.colcon_core.package_identification:_identify(src/imu_ros2_device) by extension 'ignore_ament_install'
[0.327s] Level 1:colcon.colcon_core.package_identification:_identify(src/imu_ros2_device) by extensions ['colcon_pkg']
[0.327s] Level 1:colcon.colcon_core.package_identification:_identify(src/imu_ros2_device) by extension 'colcon_pkg'
[0.327s] Level 1:colcon.colcon_core.package_identification:_identify(src/imu_ros2_device) by extensions ['colcon_meta']
[0.327s] Level 1:colcon.colcon_core.package_identification:_identify(src/imu_ros2_device) by extension 'colcon_meta'
[0.327s] Level 1:colcon.colcon_core.package_identification:_identify(src/imu_ros2_device) by extensions ['ros']
[0.327s] Level 1:colcon.colcon_core.package_identification:_identify(src/imu_ros2_device) by extension 'ros'
[0.327s] DEBUG:colcon.colcon_core.package_identification:Package 'src/imu_ros2_device' with type 'ros.ament_python' and name 'imu_ros2_device'
[0.327s] Level 1:colcon.colcon_core.package_identification:_identify(src/ldlidar_ros2) by extensions ['ignore', 'ignore_ament_install']
[0.327s] Level 1:colcon.colcon_core.package_identification:_identify(src/ldlidar_ros2) by extension 'ignore'
[0.327s] Level 1:colcon.colcon_core.package_identification:_identify(src/ldlidar_ros2) by extension 'ignore_ament_install'
[0.327s] Level 1:colcon.colcon_core.package_identification:_identify(src/ldlidar_ros2) by extensions ['colcon_pkg']
[0.327s] Level 1:colcon.colcon_core.package_identification:_identify(src/ldlidar_ros2) by extension 'colcon_pkg'
[0.327s] Level 1:colcon.colcon_core.package_identification:_identify(src/ldlidar_ros2) by extensions ['colcon_meta']
[0.327s] Level 1:colcon.colcon_core.package_identification:_identify(src/ldlidar_ros2) by extension 'colcon_meta'
[0.327s] Level 1:colcon.colcon_core.package_identification:_identify(src/ldlidar_ros2) by extensions ['ros']
[0.327s] Level 1:colcon.colcon_core.package_identification:_identify(src/ldlidar_ros2) by extension 'ros'
[0.327s] Level 1:colcon.colcon_core.package_identification:_identify(src/ldlidar_ros2) by extensions ['cmake', 'python']
[0.327s] Level 1:colcon.colcon_core.package_identification:_identify(src/ldlidar_ros2) by extension 'cmake'
[0.327s] Level 1:colcon.colcon_core.package_identification:_identify(src/ldlidar_ros2) by extension 'python'
[0.327s] Level 1:colcon.colcon_core.package_identification:_identify(src/ldlidar_ros2) by extensions ['python_setup_py']
[0.327s] Level 1:colcon.colcon_core.package_identification:_identify(src/ldlidar_ros2) by extension 'python_setup_py'
[0.328s] Level 1:colcon.colcon_core.package_identification:_identify(src/ldlidar_ros2/ldlidar) by extensions ['ignore', 'ignore_ament_install']
[0.328s] Level 1:colcon.colcon_core.package_identification:_identify(src/ldlidar_ros2/ldlidar) by extension 'ignore'
[0.328s] Level 1:colcon.colcon_core.package_identification:_identify(src/ldlidar_ros2/ldlidar) by extension 'ignore_ament_install'
[0.328s] Level 1:colcon.colcon_core.package_identification:_identify(src/ldlidar_ros2/ldlidar) by extensions ['colcon_pkg']
[0.328s] Level 1:colcon.colcon_core.package_identification:_identify(src/ldlidar_ros2/ldlidar) by extension 'colcon_pkg'
[0.328s] Level 1:colcon.colcon_core.package_identification:_identify(src/ldlidar_ros2/ldlidar) by extensions ['colcon_meta']
[0.328s] Level 1:colcon.colcon_core.package_identification:_identify(src/ldlidar_ros2/ldlidar) by extension 'colcon_meta'
[0.328s] Level 1:colcon.colcon_core.package_identification:_identify(src/ldlidar_ros2/ldlidar) by extensions ['ros']
[0.328s] Level 1:colcon.colcon_core.package_identification:_identify(src/ldlidar_ros2/ldlidar) by extension 'ros'
[0.328s] DEBUG:colcon.colcon_core.package_identification:Package 'src/ldlidar_ros2/ldlidar' with type 'ros.ament_cmake' and name 'ldlidar'
[0.328s] Level 1:colcon.colcon_core.package_identification:_identify(src/ldlidar_ros2/ldlidar_driver) by extensions ['ignore', 'ignore_ament_install']
[0.328s] Level 1:colcon.colcon_core.package_identification:_identify(src/ldlidar_ros2/ldlidar_driver) by extension 'ignore'
[0.328s] Level 1:colcon.colcon_core.package_identification:_identify(src/ldlidar_ros2/ldlidar_driver) by extension 'ignore_ament_install'
[0.328s] Level 1:colcon.colcon_core.package_identification:_identify(src/ldlidar_ros2/ldlidar_driver) by extensions ['colcon_pkg']
[0.328s] Level 1:colcon.colcon_core.package_identification:_identify(src/ldlidar_ros2/ldlidar_driver) by extension 'colcon_pkg'
[0.328s] Level 1:colcon.colcon_core.package_identification:_identify(src/ldlidar_ros2/ldlidar_driver) by extensions ['colcon_meta']
[0.328s] Level 1:colcon.colcon_core.package_identification:_identify(src/ldlidar_ros2/ldlidar_driver) by extension 'colcon_meta'
[0.328s] Level 1:colcon.colcon_core.package_identification:_identify(src/ldlidar_ros2/ldlidar_driver) by extensions ['ros']
[0.328s] Level 1:colcon.colcon_core.package_identification:_identify(src/ldlidar_ros2/ldlidar_driver) by extension 'ros'
[0.328s] Level 1:colcon.colcon_core.package_identification:_identify(src/ldlidar_ros2/ldlidar_driver) by extensions ['cmake', 'python']
[0.328s] Level 1:colcon.colcon_core.package_identification:_identify(src/ldlidar_ros2/ldlidar_driver) by extension 'cmake'
[0.328s] Level 1:colcon.colcon_core.package_identification:_identify(src/ldlidar_ros2/ldlidar_driver) by extension 'python'
[0.328s] Level 1:colcon.colcon_core.package_identification:_identify(src/ldlidar_ros2/ldlidar_driver) by extensions ['python_setup_py']
[0.328s] Level 1:colcon.colcon_core.package_identification:_identify(src/ldlidar_ros2/ldlidar_driver) by extension 'python_setup_py'
[0.328s] Level 1:colcon.colcon_core.package_identification:_identify(src/ldlidar_ros2/ldlidar_driver/include) by extensions ['ignore', 'ignore_ament_install']
[0.328s] Level 1:colcon.colcon_core.package_identification:_identify(src/ldlidar_ros2/ldlidar_driver/include) by extension 'ignore'
[0.328s] Level 1:colcon.colcon_core.package_identification:_identify(src/ldlidar_ros2/ldlidar_driver/include) by extension 'ignore_ament_install'
[0.328s] Level 1:colcon.colcon_core.package_identification:_identify(src/ldlidar_ros2/ldlidar_driver/include) by extensions ['colcon_pkg']
[0.328s] Level 1:colcon.colcon_core.package_identification:_identify(src/ldlidar_ros2/ldlidar_driver/include) by extension 'colcon_pkg'
[0.328s] Level 1:colcon.colcon_core.package_identification:_identify(src/ldlidar_ros2/ldlidar_driver/include) by extensions ['colcon_meta']
[0.328s] Level 1:colcon.colcon_core.package_identification:_identify(src/ldlidar_ros2/ldlidar_driver/include) by extension 'colcon_meta'
[0.328s] Level 1:colcon.colcon_core.package_identification:_identify(src/ldlidar_ros2/ldlidar_driver/include) by extensions ['ros']
[0.328s] Level 1:colcon.colcon_core.package_identification:_identify(src/ldlidar_ros2/ldlidar_driver/include) by extension 'ros'
[0.328s] Level 1:colcon.colcon_core.package_identification:_identify(src/ldlidar_ros2/ldlidar_driver/include) by extensions ['cmake', 'python']
[0.328s] Level 1:colcon.colcon_core.package_identification:_identify(src/ldlidar_ros2/ldlidar_driver/include) by extension 'cmake'
[0.328s] Level 1:colcon.colcon_core.package_identification:_identify(src/ldlidar_ros2/ldlidar_driver/include) by extension 'python'
[0.328s] Level 1:colcon.colcon_core.package_identification:_identify(src/ldlidar_ros2/ldlidar_driver/include) by extensions ['python_setup_py']
[0.328s] Level 1:colcon.colcon_core.package_identification:_identify(src/ldlidar_ros2/ldlidar_driver/include) by extension 'python_setup_py'
[0.329s] Level 1:colcon.colcon_core.package_identification:_identify(src/ldlidar_ros2/ldlidar_driver/include/core) by extensions ['ignore', 'ignore_ament_install']
[0.329s] Level 1:colcon.colcon_core.package_identification:_identify(src/ldlidar_ros2/ldlidar_driver/include/core) by extension 'ignore'
[0.329s] Level 1:colcon.colcon_core.package_identification:_identify(src/ldlidar_ros2/ldlidar_driver/include/core) by extension 'ignore_ament_install'
[0.329s] Level 1:colcon.colcon_core.package_identification:_identify(src/ldlidar_ros2/ldlidar_driver/include/core) by extensions ['colcon_pkg']
[0.329s] Level 1:colcon.colcon_core.package_identification:_identify(src/ldlidar_ros2/ldlidar_driver/include/core) by extension 'colcon_pkg'
[0.329s] Level 1:colcon.colcon_core.package_identification:_identify(src/ldlidar_ros2/ldlidar_driver/include/core) by extensions ['colcon_meta']
[0.329s] Level 1:colcon.colcon_core.package_identification:_identify(src/ldlidar_ros2/ldlidar_driver/include/core) by extension 'colcon_meta'
[0.329s] Level 1:colcon.colcon_core.package_identification:_identify(src/ldlidar_ros2/ldlidar_driver/include/core) by extensions ['ros']
[0.329s] Level 1:colcon.colcon_core.package_identification:_identify(src/ldlidar_ros2/ldlidar_driver/include/core) by extension 'ros'
[0.329s] Level 1:colcon.colcon_core.package_identification:_identify(src/ldlidar_ros2/ldlidar_driver/include/core) by extensions ['cmake', 'python']
[0.329s] Level 1:colcon.colcon_core.package_identification:_identify(src/ldlidar_ros2/ldlidar_driver/include/core) by extension 'cmake'
[0.329s] Level 1:colcon.colcon_core.package_identification:_identify(src/ldlidar_ros2/ldlidar_driver/include/core) by extension 'python'
[0.329s] Level 1:colcon.colcon_core.package_identification:_identify(src/ldlidar_ros2/ldlidar_driver/include/core) by extensions ['python_setup_py']
[0.329s] Level 1:colcon.colcon_core.package_identification:_identify(src/ldlidar_ros2/ldlidar_driver/include/core) by extension 'python_setup_py'
[0.329s] Level 1:colcon.colcon_core.package_identification:_identify(src/ldlidar_ros2/ldlidar_driver/include/dataprocess) by extensions ['ignore', 'ignore_ament_install']
[0.329s] Level 1:colcon.colcon_core.package_identification:_identify(src/ldlidar_ros2/ldlidar_driver/include/dataprocess) by extension 'ignore'
[0.329s] Level 1:colcon.colcon_core.package_identification:_identify(src/ldlidar_ros2/ldlidar_driver/include/dataprocess) by extension 'ignore_ament_install'
[0.329s] Level 1:colcon.colcon_core.package_identification:_identify(src/ldlidar_ros2/ldlidar_driver/include/dataprocess) by extensions ['colcon_pkg']
[0.329s] Level 1:colcon.colcon_core.package_identification:_identify(src/ldlidar_ros2/ldlidar_driver/include/dataprocess) by extension 'colcon_pkg'
[0.329s] Level 1:colcon.colcon_core.package_identification:_identify(src/ldlidar_ros2/ldlidar_driver/include/dataprocess) by extensions ['colcon_meta']
[0.329s] Level 1:colcon.colcon_core.package_identification:_identify(src/ldlidar_ros2/ldlidar_driver/include/dataprocess) by extension 'colcon_meta'
[0.329s] Level 1:colcon.colcon_core.package_identification:_identify(src/ldlidar_ros2/ldlidar_driver/include/dataprocess) by extensions ['ros']
[0.329s] Level 1:colcon.colcon_core.package_identification:_identify(src/ldlidar_ros2/ldlidar_driver/include/dataprocess) by extension 'ros'
[0.329s] Level 1:colcon.colcon_core.package_identification:_identify(src/ldlidar_ros2/ldlidar_driver/include/dataprocess) by extensions ['cmake', 'python']
[0.329s] Level 1:colcon.colcon_core.package_identification:_identify(src/ldlidar_ros2/ldlidar_driver/include/dataprocess) by extension 'cmake'
[0.329s] Level 1:colcon.colcon_core.package_identification:_identify(src/ldlidar_ros2/ldlidar_driver/include/dataprocess) by extension 'python'
[0.329s] Level 1:colcon.colcon_core.package_identification:_identify(src/ldlidar_ros2/ldlidar_driver/include/dataprocess) by extensions ['python_setup_py']
[0.329s] Level 1:colcon.colcon_core.package_identification:_identify(src/ldlidar_ros2/ldlidar_driver/include/dataprocess) by extension 'python_setup_py'
[0.329s] Level 1:colcon.colcon_core.package_identification:_identify(src/ldlidar_ros2/ldlidar_driver/include/filter) by extensions ['ignore', 'ignore_ament_install']
[0.329s] Level 1:colcon.colcon_core.package_identification:_identify(src/ldlidar_ros2/ldlidar_driver/include/filter) by extension 'ignore'
[0.329s] Level 1:colcon.colcon_core.package_identification:_identify(src/ldlidar_ros2/ldlidar_driver/include/filter) by extension 'ignore_ament_install'
[0.329s] Level 1:colcon.colcon_core.package_identification:_identify(src/ldlidar_ros2/ldlidar_driver/include/filter) by extensions ['colcon_pkg']
[0.329s] Level 1:colcon.colcon_core.package_identification:_identify(src/ldlidar_ros2/ldlidar_driver/include/filter) by extension 'colcon_pkg'
[0.329s] Level 1:colcon.colcon_core.package_identification:_identify(src/ldlidar_ros2/ldlidar_driver/include/filter) by extensions ['colcon_meta']
[0.329s] Level 1:colcon.colcon_core.package_identification:_identify(src/ldlidar_ros2/ldlidar_driver/include/filter) by extension 'colcon_meta'
[0.329s] Level 1:colcon.colcon_core.package_identification:_identify(src/ldlidar_ros2/ldlidar_driver/include/filter) by extensions ['ros']
[0.329s] Level 1:colcon.colcon_core.package_identification:_identify(src/ldlidar_ros2/ldlidar_driver/include/filter) by extension 'ros'
[0.329s] Level 1:colcon.colcon_core.package_identification:_identify(src/ldlidar_ros2/ldlidar_driver/include/filter) by extensions ['cmake', 'python']
[0.329s] Level 1:colcon.colcon_core.package_identification:_identify(src/ldlidar_ros2/ldlidar_driver/include/filter) by extension 'cmake'
[0.329s] Level 1:colcon.colcon_core.package_identification:_identify(src/ldlidar_ros2/ldlidar_driver/include/filter) by extension 'python'
[0.329s] Level 1:colcon.colcon_core.package_identification:_identify(src/ldlidar_ros2/ldlidar_driver/include/filter) by extensions ['python_setup_py']
[0.329s] Level 1:colcon.colcon_core.package_identification:_identify(src/ldlidar_ros2/ldlidar_driver/include/filter) by extension 'python_setup_py'
[0.329s] Level 1:colcon.colcon_core.package_identification:_identify(src/ldlidar_ros2/ldlidar_driver/include/logger) by extensions ['ignore', 'ignore_ament_install']
[0.329s] Level 1:colcon.colcon_core.package_identification:_identify(src/ldlidar_ros2/ldlidar_driver/include/logger) by extension 'ignore'
[0.329s] Level 1:colcon.colcon_core.package_identification:_identify(src/ldlidar_ros2/ldlidar_driver/include/logger) by extension 'ignore_ament_install'
[0.329s] Level 1:colcon.colcon_core.package_identification:_identify(src/ldlidar_ros2/ldlidar_driver/include/logger) by extensions ['colcon_pkg']
[0.329s] Level 1:colcon.colcon_core.package_identification:_identify(src/ldlidar_ros2/ldlidar_driver/include/logger) by extension 'colcon_pkg'
[0.329s] Level 1:colcon.colcon_core.package_identification:_identify(src/ldlidar_ros2/ldlidar_driver/include/logger) by extensions ['colcon_meta']
[0.329s] Level 1:colcon.colcon_core.package_identification:_identify(src/ldlidar_ros2/ldlidar_driver/include/logger) by extension 'colcon_meta'
[0.329s] Level 1:colcon.colcon_core.package_identification:_identify(src/ldlidar_ros2/ldlidar_driver/include/logger) by extensions ['ros']
[0.329s] Level 1:colcon.colcon_core.package_identification:_identify(src/ldlidar_ros2/ldlidar_driver/include/logger) by extension 'ros'
[0.329s] Level 1:colcon.colcon_core.package_identification:_identify(src/ldlidar_ros2/ldlidar_driver/include/logger) by extensions ['cmake', 'python']
[0.330s] Level 1:colcon.colcon_core.package_identification:_identify(src/ldlidar_ros2/ldlidar_driver/include/logger) by extension 'cmake'
[0.330s] Level 1:colcon.colcon_core.package_identification:_identify(src/ldlidar_ros2/ldlidar_driver/include/logger) by extension 'python'
[0.330s] Level 1:colcon.colcon_core.package_identification:_identify(src/ldlidar_ros2/ldlidar_driver/include/logger) by extensions ['python_setup_py']
[0.330s] Level 1:colcon.colcon_core.package_identification:_identify(src/ldlidar_ros2/ldlidar_driver/include/logger) by extension 'python_setup_py'
[0.330s] Level 1:colcon.colcon_core.package_identification:_identify(src/ldlidar_ros2/ldlidar_driver/include/networkcom) by extensions ['ignore', 'ignore_ament_install']
[0.330s] Level 1:colcon.colcon_core.package_identification:_identify(src/ldlidar_ros2/ldlidar_driver/include/networkcom) by extension 'ignore'
[0.330s] Level 1:colcon.colcon_core.package_identification:_identify(src/ldlidar_ros2/ldlidar_driver/include/networkcom) by extension 'ignore_ament_install'
[0.330s] Level 1:colcon.colcon_core.package_identification:_identify(src/ldlidar_ros2/ldlidar_driver/include/networkcom) by extensions ['colcon_pkg']
[0.330s] Level 1:colcon.colcon_core.package_identification:_identify(src/ldlidar_ros2/ldlidar_driver/include/networkcom) by extension 'colcon_pkg'
[0.330s] Level 1:colcon.colcon_core.package_identification:_identify(src/ldlidar_ros2/ldlidar_driver/include/networkcom) by extensions ['colcon_meta']
[0.330s] Level 1:colcon.colcon_core.package_identification:_identify(src/ldlidar_ros2/ldlidar_driver/include/networkcom) by extension 'colcon_meta'
[0.330s] Level 1:colcon.colcon_core.package_identification:_identify(src/ldlidar_ros2/ldlidar_driver/include/networkcom) by extensions ['ros']
[0.330s] Level 1:colcon.colcon_core.package_identification:_identify(src/ldlidar_ros2/ldlidar_driver/include/networkcom) by extension 'ros'
[0.330s] Level 1:colcon.colcon_core.package_identification:_identify(src/ldlidar_ros2/ldlidar_driver/include/networkcom) by extensions ['cmake', 'python']
[0.330s] Level 1:colcon.colcon_core.package_identification:_identify(src/ldlidar_ros2/ldlidar_driver/include/networkcom) by extension 'cmake'
[0.330s] Level 1:colcon.colcon_core.package_identification:_identify(src/ldlidar_ros2/ldlidar_driver/include/networkcom) by extension 'python'
[0.330s] Level 1:colcon.colcon_core.package_identification:_identify(src/ldlidar_ros2/ldlidar_driver/include/networkcom) by extensions ['python_setup_py']
[0.330s] Level 1:colcon.colcon_core.package_identification:_identify(src/ldlidar_ros2/ldlidar_driver/include/networkcom) by extension 'python_setup_py'
[0.330s] Level 1:colcon.colcon_core.package_identification:_identify(src/ldlidar_ros2/ldlidar_driver/include/serialcom) by extensions ['ignore', 'ignore_ament_install']
[0.330s] Level 1:colcon.colcon_core.package_identification:_identify(src/ldlidar_ros2/ldlidar_driver/include/serialcom) by extension 'ignore'
[0.330s] Level 1:colcon.colcon_core.package_identification:_identify(src/ldlidar_ros2/ldlidar_driver/include/serialcom) by extension 'ignore_ament_install'
[0.330s] Level 1:colcon.colcon_core.package_identification:_identify(src/ldlidar_ros2/ldlidar_driver/include/serialcom) by extensions ['colcon_pkg']
[0.330s] Level 1:colcon.colcon_core.package_identification:_identify(src/ldlidar_ros2/ldlidar_driver/include/serialcom) by extension 'colcon_pkg'
[0.330s] Level 1:colcon.colcon_core.package_identification:_identify(src/ldlidar_ros2/ldlidar_driver/include/serialcom) by extensions ['colcon_meta']
[0.330s] Level 1:colcon.colcon_core.package_identification:_identify(src/ldlidar_ros2/ldlidar_driver/include/serialcom) by extension 'colcon_meta'
[0.330s] Level 1:colcon.colcon_core.package_identification:_identify(src/ldlidar_ros2/ldlidar_driver/include/serialcom) by extensions ['ros']
[0.330s] Level 1:colcon.colcon_core.package_identification:_identify(src/ldlidar_ros2/ldlidar_driver/include/serialcom) by extension 'ros'
[0.330s] Level 1:colcon.colcon_core.package_identification:_identify(src/ldlidar_ros2/ldlidar_driver/include/serialcom) by extensions ['cmake', 'python']
[0.330s] Level 1:colcon.colcon_core.package_identification:_identify(src/ldlidar_ros2/ldlidar_driver/include/serialcom) by extension 'cmake'
[0.330s] Level 1:colcon.colcon_core.package_identification:_identify(src/ldlidar_ros2/ldlidar_driver/include/serialcom) by extension 'python'
[0.330s] Level 1:colcon.colcon_core.package_identification:_identify(src/ldlidar_ros2/ldlidar_driver/include/serialcom) by extensions ['python_setup_py']
[0.330s] Level 1:colcon.colcon_core.package_identification:_identify(src/ldlidar_ros2/ldlidar_driver/include/serialcom) by extension 'python_setup_py'
[0.330s] Level 1:colcon.colcon_core.package_identification:_identify(src/ldlidar_ros2/ldlidar_driver/src) by extensions ['ignore', 'ignore_ament_install']
[0.330s] Level 1:colcon.colcon_core.package_identification:_identify(src/ldlidar_ros2/ldlidar_driver/src) by extension 'ignore'
[0.330s] Level 1:colcon.colcon_core.package_identification:_identify(src/ldlidar_ros2/ldlidar_driver/src) by extension 'ignore_ament_install'
[0.330s] Level 1:colcon.colcon_core.package_identification:_identify(src/ldlidar_ros2/ldlidar_driver/src) by extensions ['colcon_pkg']
[0.330s] Level 1:colcon.colcon_core.package_identification:_identify(src/ldlidar_ros2/ldlidar_driver/src) by extension 'colcon_pkg'
[0.330s] Level 1:colcon.colcon_core.package_identification:_identify(src/ldlidar_ros2/ldlidar_driver/src) by extensions ['colcon_meta']
[0.330s] Level 1:colcon.colcon_core.package_identification:_identify(src/ldlidar_ros2/ldlidar_driver/src) by extension 'colcon_meta'
[0.330s] Level 1:colcon.colcon_core.package_identification:_identify(src/ldlidar_ros2/ldlidar_driver/src) by extensions ['ros']
[0.330s] Level 1:colcon.colcon_core.package_identification:_identify(src/ldlidar_ros2/ldlidar_driver/src) by extension 'ros'
[0.330s] Level 1:colcon.colcon_core.package_identification:_identify(src/ldlidar_ros2/ldlidar_driver/src) by extensions ['cmake', 'python']
[0.330s] Level 1:colcon.colcon_core.package_identification:_identify(src/ldlidar_ros2/ldlidar_driver/src) by extension 'cmake'
[0.330s] Level 1:colcon.colcon_core.package_identification:_identify(src/ldlidar_ros2/ldlidar_driver/src) by extension 'python'
[0.330s] Level 1:colcon.colcon_core.package_identification:_identify(src/ldlidar_ros2/ldlidar_driver/src) by extensions ['python_setup_py']
[0.330s] Level 1:colcon.colcon_core.package_identification:_identify(src/ldlidar_ros2/ldlidar_driver/src) by extension 'python_setup_py'
[0.330s] Level 1:colcon.colcon_core.package_identification:_identify(src/ldlidar_ros2/ldlidar_driver/src/core) by extensions ['ignore', 'ignore_ament_install']
[0.330s] Level 1:colcon.colcon_core.package_identification:_identify(src/ldlidar_ros2/ldlidar_driver/src/core) by extension 'ignore'
[0.330s] Level 1:colcon.colcon_core.package_identification:_identify(src/ldlidar_ros2/ldlidar_driver/src/core) by extension 'ignore_ament_install'
[0.330s] Level 1:colcon.colcon_core.package_identification:_identify(src/ldlidar_ros2/ldlidar_driver/src/core) by extensions ['colcon_pkg']
[0.330s] Level 1:colcon.colcon_core.package_identification:_identify(src/ldlidar_ros2/ldlidar_driver/src/core) by extension 'colcon_pkg'
[0.330s] Level 1:colcon.colcon_core.package_identification:_identify(src/ldlidar_ros2/ldlidar_driver/src/core) by extensions ['colcon_meta']
[0.330s] Level 1:colcon.colcon_core.package_identification:_identify(src/ldlidar_ros2/ldlidar_driver/src/core) by extension 'colcon_meta'
[0.330s] Level 1:colcon.colcon_core.package_identification:_identify(src/ldlidar_ros2/ldlidar_driver/src/core) by extensions ['ros']
[0.330s] Level 1:colcon.colcon_core.package_identification:_identify(src/ldlidar_ros2/ldlidar_driver/src/core) by extension 'ros'
[0.331s] Level 1:colcon.colcon_core.package_identification:_identify(src/ldlidar_ros2/ldlidar_driver/src/core) by extensions ['cmake', 'python']
[0.331s] Level 1:colcon.colcon_core.package_identification:_identify(src/ldlidar_ros2/ldlidar_driver/src/core) by extension 'cmake'
[0.331s] Level 1:colcon.colcon_core.package_identification:_identify(src/ldlidar_ros2/ldlidar_driver/src/core) by extension 'python'
[0.331s] Level 1:colcon.colcon_core.package_identification:_identify(src/ldlidar_ros2/ldlidar_driver/src/core) by extensions ['python_setup_py']
[0.331s] Level 1:colcon.colcon_core.package_identification:_identify(src/ldlidar_ros2/ldlidar_driver/src/core) by extension 'python_setup_py'
[0.331s] Level 1:colcon.colcon_core.package_identification:_identify(src/ldlidar_ros2/ldlidar_driver/src/dataprocess) by extensions ['ignore', 'ignore_ament_install']
[0.331s] Level 1:colcon.colcon_core.package_identification:_identify(src/ldlidar_ros2/ldlidar_driver/src/dataprocess) by extension 'ignore'
[0.331s] Level 1:colcon.colcon_core.package_identification:_identify(src/ldlidar_ros2/ldlidar_driver/src/dataprocess) by extension 'ignore_ament_install'
[0.331s] Level 1:colcon.colcon_core.package_identification:_identify(src/ldlidar_ros2/ldlidar_driver/src/dataprocess) by extensions ['colcon_pkg']
[0.331s] Level 1:colcon.colcon_core.package_identification:_identify(src/ldlidar_ros2/ldlidar_driver/src/dataprocess) by extension 'colcon_pkg'
[0.331s] Level 1:colcon.colcon_core.package_identification:_identify(src/ldlidar_ros2/ldlidar_driver/src/dataprocess) by extensions ['colcon_meta']
[0.331s] Level 1:colcon.colcon_core.package_identification:_identify(src/ldlidar_ros2/ldlidar_driver/src/dataprocess) by extension 'colcon_meta'
[0.331s] Level 1:colcon.colcon_core.package_identification:_identify(src/ldlidar_ros2/ldlidar_driver/src/dataprocess) by extensions ['ros']
[0.331s] Level 1:colcon.colcon_core.package_identification:_identify(src/ldlidar_ros2/ldlidar_driver/src/dataprocess) by extension 'ros'
[0.331s] Level 1:colcon.colcon_core.package_identification:_identify(src/ldlidar_ros2/ldlidar_driver/src/dataprocess) by extensions ['cmake', 'python']
[0.331s] Level 1:colcon.colcon_core.package_identification:_identify(src/ldlidar_ros2/ldlidar_driver/src/dataprocess) by extension 'cmake'
[0.331s] Level 1:colcon.colcon_core.package_identification:_identify(src/ldlidar_ros2/ldlidar_driver/src/dataprocess) by extension 'python'
[0.331s] Level 1:colcon.colcon_core.package_identification:_identify(src/ldlidar_ros2/ldlidar_driver/src/dataprocess) by extensions ['python_setup_py']
[0.331s] Level 1:colcon.colcon_core.package_identification:_identify(src/ldlidar_ros2/ldlidar_driver/src/dataprocess) by extension 'python_setup_py'
[0.331s] Level 1:colcon.colcon_core.package_identification:_identify(src/ldlidar_ros2/ldlidar_driver/src/filter) by extensions ['ignore', 'ignore_ament_install']
[0.331s] Level 1:colcon.colcon_core.package_identification:_identify(src/ldlidar_ros2/ldlidar_driver/src/filter) by extension 'ignore'
[0.331s] Level 1:colcon.colcon_core.package_identification:_identify(src/ldlidar_ros2/ldlidar_driver/src/filter) by extension 'ignore_ament_install'
[0.331s] Level 1:colcon.colcon_core.package_identification:_identify(src/ldlidar_ros2/ldlidar_driver/src/filter) by extensions ['colcon_pkg']
[0.331s] Level 1:colcon.colcon_core.package_identification:_identify(src/ldlidar_ros2/ldlidar_driver/src/filter) by extension 'colcon_pkg'
[0.331s] Level 1:colcon.colcon_core.package_identification:_identify(src/ldlidar_ros2/ldlidar_driver/src/filter) by extensions ['colcon_meta']
[0.331s] Level 1:colcon.colcon_core.package_identification:_identify(src/ldlidar_ros2/ldlidar_driver/src/filter) by extension 'colcon_meta'
[0.331s] Level 1:colcon.colcon_core.package_identification:_identify(src/ldlidar_ros2/ldlidar_driver/src/filter) by extensions ['ros']
[0.331s] Level 1:colcon.colcon_core.package_identification:_identify(src/ldlidar_ros2/ldlidar_driver/src/filter) by extension 'ros'
[0.331s] Level 1:colcon.colcon_core.package_identification:_identify(src/ldlidar_ros2/ldlidar_driver/src/filter) by extensions ['cmake', 'python']
[0.331s] Level 1:colcon.colcon_core.package_identification:_identify(src/ldlidar_ros2/ldlidar_driver/src/filter) by extension 'cmake'
[0.331s] Level 1:colcon.colcon_core.package_identification:_identify(src/ldlidar_ros2/ldlidar_driver/src/filter) by extension 'python'
[0.331s] Level 1:colcon.colcon_core.package_identification:_identify(src/ldlidar_ros2/ldlidar_driver/src/filter) by extensions ['python_setup_py']
[0.331s] Level 1:colcon.colcon_core.package_identification:_identify(src/ldlidar_ros2/ldlidar_driver/src/filter) by extension 'python_setup_py'
[0.331s] Level 1:colcon.colcon_core.package_identification:_identify(src/ldlidar_ros2/ldlidar_driver/src/logger) by extensions ['ignore', 'ignore_ament_install']
[0.331s] Level 1:colcon.colcon_core.package_identification:_identify(src/ldlidar_ros2/ldlidar_driver/src/logger) by extension 'ignore'
[0.331s] Level 1:colcon.colcon_core.package_identification:_identify(src/ldlidar_ros2/ldlidar_driver/src/logger) by extension 'ignore_ament_install'
[0.331s] Level 1:colcon.colcon_core.package_identification:_identify(src/ldlidar_ros2/ldlidar_driver/src/logger) by extensions ['colcon_pkg']
[0.331s] Level 1:colcon.colcon_core.package_identification:_identify(src/ldlidar_ros2/ldlidar_driver/src/logger) by extension 'colcon_pkg'
[0.331s] Level 1:colcon.colcon_core.package_identification:_identify(src/ldlidar_ros2/ldlidar_driver/src/logger) by extensions ['colcon_meta']
[0.331s] Level 1:colcon.colcon_core.package_identification:_identify(src/ldlidar_ros2/ldlidar_driver/src/logger) by extension 'colcon_meta'
[0.331s] Level 1:colcon.colcon_core.package_identification:_identify(src/ldlidar_ros2/ldlidar_driver/src/logger) by extensions ['ros']
[0.331s] Level 1:colcon.colcon_core.package_identification:_identify(src/ldlidar_ros2/ldlidar_driver/src/logger) by extension 'ros'
[0.331s] Level 1:colcon.colcon_core.package_identification:_identify(src/ldlidar_ros2/ldlidar_driver/src/logger) by extensions ['cmake', 'python']
[0.331s] Level 1:colcon.colcon_core.package_identification:_identify(src/ldlidar_ros2/ldlidar_driver/src/logger) by extension 'cmake'
[0.331s] Level 1:colcon.colcon_core.package_identification:_identify(src/ldlidar_ros2/ldlidar_driver/src/logger) by extension 'python'
[0.331s] Level 1:colcon.colcon_core.package_identification:_identify(src/ldlidar_ros2/ldlidar_driver/src/logger) by extensions ['python_setup_py']
[0.331s] Level 1:colcon.colcon_core.package_identification:_identify(src/ldlidar_ros2/ldlidar_driver/src/logger) by extension 'python_setup_py'
[0.331s] Level 1:colcon.colcon_core.package_identification:_identify(src/ldlidar_ros2/ldlidar_driver/src/networkcom) by extensions ['ignore', 'ignore_ament_install']
[0.331s] Level 1:colcon.colcon_core.package_identification:_identify(src/ldlidar_ros2/ldlidar_driver/src/networkcom) by extension 'ignore'
[0.331s] Level 1:colcon.colcon_core.package_identification:_identify(src/ldlidar_ros2/ldlidar_driver/src/networkcom) by extension 'ignore_ament_install'
[0.331s] Level 1:colcon.colcon_core.package_identification:_identify(src/ldlidar_ros2/ldlidar_driver/src/networkcom) by extensions ['colcon_pkg']
[0.331s] Level 1:colcon.colcon_core.package_identification:_identify(src/ldlidar_ros2/ldlidar_driver/src/networkcom) by extension 'colcon_pkg'
[0.331s] Level 1:colcon.colcon_core.package_identification:_identify(src/ldlidar_ros2/ldlidar_driver/src/networkcom) by extensions ['colcon_meta']
[0.331s] Level 1:colcon.colcon_core.package_identification:_identify(src/ldlidar_ros2/ldlidar_driver/src/networkcom) by extension 'colcon_meta'
[0.331s] Level 1:colcon.colcon_core.package_identification:_identify(src/ldlidar_ros2/ldlidar_driver/src/networkcom) by extensions ['ros']
[0.331s] Level 1:colcon.colcon_core.package_identification:_identify(src/ldlidar_ros2/ldlidar_driver/src/networkcom) by extension 'ros'
[0.332s] Level 1:colcon.colcon_core.package_identification:_identify(src/ldlidar_ros2/ldlidar_driver/src/networkcom) by extensions ['cmake', 'python']
[0.332s] Level 1:colcon.colcon_core.package_identification:_identify(src/ldlidar_ros2/ldlidar_driver/src/networkcom) by extension 'cmake'
[0.332s] Level 1:colcon.colcon_core.package_identification:_identify(src/ldlidar_ros2/ldlidar_driver/src/networkcom) by extension 'python'
[0.332s] Level 1:colcon.colcon_core.package_identification:_identify(src/ldlidar_ros2/ldlidar_driver/src/networkcom) by extensions ['python_setup_py']
[0.332s] Level 1:colcon.colcon_core.package_identification:_identify(src/ldlidar_ros2/ldlidar_driver/src/networkcom) by extension 'python_setup_py'
[0.332s] Level 1:colcon.colcon_core.package_identification:_identify(src/ldlidar_ros2/ldlidar_driver/src/serialcom) by extensions ['ignore', 'ignore_ament_install']
[0.332s] Level 1:colcon.colcon_core.package_identification:_identify(src/ldlidar_ros2/ldlidar_driver/src/serialcom) by extension 'ignore'
[0.332s] Level 1:colcon.colcon_core.package_identification:_identify(src/ldlidar_ros2/ldlidar_driver/src/serialcom) by extension 'ignore_ament_install'
[0.332s] Level 1:colcon.colcon_core.package_identification:_identify(src/ldlidar_ros2/ldlidar_driver/src/serialcom) by extensions ['colcon_pkg']
[0.332s] Level 1:colcon.colcon_core.package_identification:_identify(src/ldlidar_ros2/ldlidar_driver/src/serialcom) by extension 'colcon_pkg'
[0.332s] Level 1:colcon.colcon_core.package_identification:_identify(src/ldlidar_ros2/ldlidar_driver/src/serialcom) by extensions ['colcon_meta']
[0.332s] Level 1:colcon.colcon_core.package_identification:_identify(src/ldlidar_ros2/ldlidar_driver/src/serialcom) by extension 'colcon_meta'
[0.332s] Level 1:colcon.colcon_core.package_identification:_identify(src/ldlidar_ros2/ldlidar_driver/src/serialcom) by extensions ['ros']
[0.332s] Level 1:colcon.colcon_core.package_identification:_identify(src/ldlidar_ros2/ldlidar_driver/src/serialcom) by extension 'ros'
[0.332s] Level 1:colcon.colcon_core.package_identification:_identify(src/ldlidar_ros2/ldlidar_driver/src/serialcom) by extensions ['cmake', 'python']
[0.332s] Level 1:colcon.colcon_core.package_identification:_identify(src/ldlidar_ros2/ldlidar_driver/src/serialcom) by extension 'cmake'
[0.332s] Level 1:colcon.colcon_core.package_identification:_identify(src/ldlidar_ros2/ldlidar_driver/src/serialcom) by extension 'python'
[0.332s] Level 1:colcon.colcon_core.package_identification:_identify(src/ldlidar_ros2/ldlidar_driver/src/serialcom) by extensions ['python_setup_py']
[0.332s] Level 1:colcon.colcon_core.package_identification:_identify(src/ldlidar_ros2/ldlidar_driver/src/serialcom) by extension 'python_setup_py'
[0.332s] Level 1:colcon.colcon_core.package_identification:_identify(src/sensor_bringup) by extensions ['ignore', 'ignore_ament_install']
[0.332s] Level 1:colcon.colcon_core.package_identification:_identify(src/sensor_bringup) by extension 'ignore'
[0.332s] Level 1:colcon.colcon_core.package_identification:_identify(src/sensor_bringup) by extension 'ignore_ament_install'
[0.332s] Level 1:colcon.colcon_core.package_identification:_identify(src/sensor_bringup) by extensions ['colcon_pkg']
[0.332s] Level 1:colcon.colcon_core.package_identification:_identify(src/sensor_bringup) by extension 'colcon_pkg'
[0.332s] Level 1:colcon.colcon_core.package_identification:_identify(src/sensor_bringup) by extensions ['colcon_meta']
[0.332s] Level 1:colcon.colcon_core.package_identification:_identify(src/sensor_bringup) by extension 'colcon_meta'
[0.332s] Level 1:colcon.colcon_core.package_identification:_identify(src/sensor_bringup) by extensions ['ros']
[0.332s] Level 1:colcon.colcon_core.package_identification:_identify(src/sensor_bringup) by extension 'ros'
[0.333s] DEBUG:colcon.colcon_core.package_identification:Package 'src/sensor_bringup' with type 'ros.ament_python' and name 'sensor_bringup'
[0.333s] Level 1:colcon.colcon_core.package_discovery:discover_packages(recursive) using defaults
[0.333s] Level 1:colcon.colcon_core.package_discovery:discover_packages(ignore) discover
[0.333s] Level 1:colcon.colcon_core.package_discovery:discover_packages(ignore) using defaults
[0.333s] Level 1:colcon.colcon_core.package_discovery:discover_packages(path) discover
[0.333s] Level 1:colcon.colcon_core.package_discovery:discover_packages(path) using defaults
[0.352s] Level 1:colcon.colcon_core.package_discovery:discover_packages(prefix_path) check parameters
[0.352s] Level 1:colcon.colcon_core.package_discovery:discover_packages(prefix_path) discover
[0.355s] DEBUG:colcon.colcon_installed_package_information.package_discovery:Found 286 installed packages in /opt/ros/jazzy
[0.356s] Level 1:colcon.colcon_core.package_discovery:discover_packages(prefix_path) using defaults
[0.376s] Level 5:colcon.colcon_core.verb:set package 'agv_control' build argument 'cmake_args' from command line to 'None'
[0.376s] Level 5:colcon.colcon_core.verb:set package 'agv_control' build argument 'cmake_target' from command line to 'None'
[0.376s] Level 5:colcon.colcon_core.verb:set package 'agv_control' build argument 'cmake_target_skip_unavailable' from command line to 'False'
[0.376s] Level 5:colcon.colcon_core.verb:set package 'agv_control' build argument 'cmake_clean_cache' from command line to 'False'
[0.376s] Level 5:colcon.colcon_core.verb:set package 'agv_control' build argument 'cmake_clean_first' from command line to 'False'
[0.376s] Level 5:colcon.colcon_core.verb:set package 'agv_control' build argument 'cmake_force_configure' from command line to 'False'
[0.376s] Level 5:colcon.colcon_core.verb:set package 'agv_control' build argument 'ament_cmake_args' from command line to 'None'
[0.376s] Level 5:colcon.colcon_core.verb:set package 'agv_control' build argument 'catkin_cmake_args' from command line to 'None'
[0.376s] Level 5:colcon.colcon_core.verb:set package 'agv_control' build argument 'catkin_skip_building_tests' from command line to 'False'
[0.376s] DEBUG:colcon.colcon_core.verb:Building package 'agv_control' with the following arguments: {'ament_cmake_args': None, 'build_base': '/home/kenbio/sensor_ws/build/agv_control', 'catkin_cmake_args': None, 'catkin_skip_building_tests': False, 'cmake_args': None, 'cmake_clean_cache': False, 'cmake_clean_first': False, 'cmake_force_configure': False, 'cmake_target': None, 'cmake_target_skip_unavailable': False, 'install_base': '/home/kenbio/sensor_ws/install/agv_control', 'merge_install': False, 'path': '/home/kenbio/sensor_ws/src/agv_control', 'symlink_install': False, 'test_result_base': None}
[0.376s] Level 5:colcon.colcon_core.verb:set package 'imu_ros2_device' build argument 'cmake_args' from command line to 'None'
[0.376s] Level 5:colcon.colcon_core.verb:set package 'imu_ros2_device' build argument 'cmake_target' from command line to 'None'
[0.376s] Level 5:colcon.colcon_core.verb:set package 'imu_ros2_device' build argument 'cmake_target_skip_unavailable' from command line to 'False'
[0.376s] Level 5:colcon.colcon_core.verb:set package 'imu_ros2_device' build argument 'cmake_clean_cache' from command line to 'False'
[0.376s] Level 5:colcon.colcon_core.verb:set package 'imu_ros2_device' build argument 'cmake_clean_first' from command line to 'False'
[0.376s] Level 5:colcon.colcon_core.verb:set package 'imu_ros2_device' build argument 'cmake_force_configure' from command line to 'False'
[0.376s] Level 5:colcon.colcon_core.verb:set package 'imu_ros2_device' build argument 'ament_cmake_args' from command line to 'None'
[0.376s] Level 5:colcon.colcon_core.verb:set package 'imu_ros2_device' build argument 'catkin_cmake_args' from command line to 'None'
[0.376s] Level 5:colcon.colcon_core.verb:set package 'imu_ros2_device' build argument 'catkin_skip_building_tests' from command line to 'False'
[0.376s] DEBUG:colcon.colcon_core.verb:Building package 'imu_ros2_device' with the following arguments: {'ament_cmake_args': None, 'build_base': '/home/kenbio/sensor_ws/build/imu_ros2_device', 'catkin_cmake_args': None, 'catkin_skip_building_tests': False, 'cmake_args': None, 'cmake_clean_cache': False, 'cmake_clean_first': False, 'cmake_force_configure': False, 'cmake_target': None, 'cmake_target_skip_unavailable': False, 'install_base': '/home/kenbio/sensor_ws/install/imu_ros2_device', 'merge_install': False, 'path': '/home/kenbio/sensor_ws/src/imu_ros2_device', 'symlink_install': False, 'test_result_base': None}
[0.376s] Level 5:colcon.colcon_core.verb:set package 'ldlidar' build argument 'cmake_args' from command line to 'None'
[0.377s] Level 5:colcon.colcon_core.verb:set package 'ldlidar' build argument 'cmake_target' from command line to 'None'
[0.377s] Level 5:colcon.colcon_core.verb:set package 'ldlidar' build argument 'cmake_target_skip_unavailable' from command line to 'False'
[0.377s] Level 5:colcon.colcon_core.verb:set package 'ldlidar' build argument 'cmake_clean_cache' from command line to 'False'
[0.377s] Level 5:colcon.colcon_core.verb:set package 'ldlidar' build argument 'cmake_clean_first' from command line to 'False'
[0.377s] Level 5:colcon.colcon_core.verb:set package 'ldlidar' build argument 'cmake_force_configure' from command line to 'False'
[0.377s] Level 5:colcon.colcon_core.verb:set package 'ldlidar' build argument 'ament_cmake_args' from command line to 'None'
[0.377s] Level 5:colcon.colcon_core.verb:set package 'ldlidar' build argument 'catkin_cmake_args' from command line to 'None'
[0.377s] Level 5:colcon.colcon_core.verb:set package 'ldlidar' build argument 'catkin_skip_building_tests' from command line to 'False'
[0.377s] DEBUG:colcon.colcon_core.verb:Building package 'ldlidar' with the following arguments: {'ament_cmake_args': None, 'build_base': '/home/kenbio/sensor_ws/build/ldlidar', 'catkin_cmake_args': None, 'catkin_skip_building_tests': False, 'cmake_args': None, 'cmake_clean_cache': False, 'cmake_clean_first': False, 'cmake_force_configure': False, 'cmake_target': None, 'cmake_target_skip_unavailable': False, 'install_base': '/home/kenbio/sensor_ws/install/ldlidar', 'merge_install': False, 'path': '/home/kenbio/sensor_ws/src/ldlidar_ros2/ldlidar', 'symlink_install': False, 'test_result_base': None}
[0.377s] Level 5:colcon.colcon_core.verb:set package 'sensor_bringup' build argument 'cmake_args' from command line to 'None'
[0.377s] Level 5:colcon.colcon_core.verb:set package 'sensor_bringup' build argument 'cmake_target' from command line to 'None'
[0.377s] Level 5:colcon.colcon_core.verb:set package 'sensor_bringup' build argument 'cmake_target_skip_unavailable' from command line to 'False'
[0.377s] Level 5:colcon.colcon_core.verb:set package 'sensor_bringup' build argument 'cmake_clean_cache' from command line to 'False'
[0.377s] Level 5:colcon.colcon_core.verb:set package 'sensor_bringup' build argument 'cmake_clean_first' from command line to 'False'
[0.377s] Level 5:colcon.colcon_core.verb:set package 'sensor_bringup' build argument 'cmake_force_configure' from command line to 'False'
[0.377s] Level 5:colcon.colcon_core.verb:set package 'sensor_bringup' build argument 'ament_cmake_args' from command line to 'None'
[0.377s] Level 5:colcon.colcon_core.verb:set package 'sensor_bringup' build argument 'catkin_cmake_args' from command line to 'None'
[0.377s] Level 5:colcon.colcon_core.verb:set package 'sensor_bringup' build argument 'catkin_skip_building_tests' from command line to 'False'
[0.377s] DEBUG:colcon.colcon_core.verb:Building package 'sensor_bringup' with the following arguments: {'ament_cmake_args': None, 'build_base': '/home/kenbio/sensor_ws/build/sensor_bringup', 'catkin_cmake_args': None, 'catkin_skip_building_tests': False, 'cmake_args': None, 'cmake_clean_cache': False, 'cmake_clean_first': False, 'cmake_force_configure': False, 'cmake_target': None, 'cmake_target_skip_unavailable': False, 'install_base': '/home/kenbio/sensor_ws/install/sensor_bringup', 'merge_install': False, 'path': '/home/kenbio/sensor_ws/src/sensor_bringup', 'symlink_install': False, 'test_result_base': None}
[0.377s] INFO:colcon.colcon_core.executor:Executing jobs using 'parallel' executor
[0.378s] DEBUG:colcon.colcon_parallel_executor.executor.parallel:run_until_complete
[0.378s] INFO:colcon.colcon_ros.task.ament_python.build:Building ROS package in '/home/kenbio/sensor_ws/src/agv_control' with build type 'ament_python'
[0.378s] Level 1:colcon.colcon_core.shell:create_environment_hook('agv_control', 'ament_prefix_path')
[0.382s] INFO:colcon.colcon_core.plugin_system:Skipping extension 'colcon_core.shell.bat': Not used on non-Windows systems
[0.383s] INFO:colcon.colcon_core.shell:Creating environment hook '/home/kenbio/sensor_ws/install/agv_control/share/agv_control/hook/ament_prefix_path.ps1'
[0.384s] INFO:colcon.colcon_core.shell:Creating environment descriptor '/home/kenbio/sensor_ws/install/agv_control/share/agv_control/hook/ament_prefix_path.dsv'
[0.384s] INFO:colcon.colcon_core.shell:Creating environment hook '/home/kenbio/sensor_ws/install/agv_control/share/agv_control/hook/ament_prefix_path.sh'
[0.385s] INFO:colcon.colcon_core.shell:Skip shell extension 'powershell' for command environment: Not usable outside of PowerShell
[0.385s] DEBUG:colcon.colcon_core.shell:Skip shell extension 'dsv' for command environment
[0.387s] INFO:colcon.colcon_ros.task.ament_python.build:Building ROS package in '/home/kenbio/sensor_ws/src/imu_ros2_device' with build type 'ament_python'
[0.387s] Level 1:colcon.colcon_core.shell:create_environment_hook('imu_ros2_device', 'ament_prefix_path')
[0.387s] INFO:colcon.colcon_core.shell:Creating environment hook '/home/kenbio/sensor_ws/install/imu_ros2_device/share/imu_ros2_device/hook/ament_prefix_path.ps1'
[0.387s] INFO:colcon.colcon_core.shell:Creating environment descriptor '/home/kenbio/sensor_ws/install/imu_ros2_device/share/imu_ros2_device/hook/ament_prefix_path.dsv'
[0.387s] INFO:colcon.colcon_core.shell:Creating environment hook '/home/kenbio/sensor_ws/install/imu_ros2_device/share/imu_ros2_device/hook/ament_prefix_path.sh'
[0.387s] INFO:colcon.colcon_core.shell:Skip shell extension 'powershell' for command environment: Not usable outside of PowerShell
[0.387s] DEBUG:colcon.colcon_core.shell:Skip shell extension 'dsv' for command environment
[0.389s] INFO:colcon.colcon_ros.task.ament_cmake.build:Building ROS package in '/home/kenbio/sensor_ws/src/ldlidar_ros2/ldlidar' with build type 'ament_cmake'
[0.389s] INFO:colcon.colcon_cmake.task.cmake.build:Building CMake package in '/home/kenbio/sensor_ws/src/ldlidar_ros2/ldlidar'
[0.389s] INFO:colcon.colcon_core.shell:Skip shell extension 'powershell' for command environment: Not usable outside of PowerShell
[0.389s] DEBUG:colcon.colcon_core.shell:Skip shell extension 'dsv' for command environment
[0.486s] INFO:colcon.colcon_core.task.python.build:Building Python package in '/home/kenbio/sensor_ws/src/agv_control'
[0.486s] INFO:colcon.colcon_core.shell:Skip shell extension 'powershell' for command environment: Not usable outside of PowerShell
[0.486s] DEBUG:colcon.colcon_core.shell:Skip shell extension 'dsv' for command environment
[0.567s] INFO:colcon.colcon_core.task.python.build:Building Python package in '/home/kenbio/sensor_ws/src/imu_ros2_device'
[0.568s] INFO:colcon.colcon_core.shell:Skip shell extension 'powershell' for command environment: Not usable outside of PowerShell
[0.568s] DEBUG:colcon.colcon_core.shell:Skip shell extension 'dsv' for command environment
[0.571s] DEBUG:colcon.colcon_core.event_handler.log_command:Invoking command in '/home/kenbio/sensor_ws/build/ldlidar': CMAKE_PREFIX_PATH=${CMAKE_PREFIX_PATH}:/opt/ros/jazzy DEBUGINFOD_URLS=https://debuginfod.ubuntu.com /usr/bin/cmake --build /home/kenbio/sensor_ws/build/ldlidar -- -j32 -l32
[0.709s] DEBUG:colcon.colcon_core.event_handler.log_command:Invoked command in '/home/kenbio/sensor_ws/build/ldlidar' returned '0': CMAKE_PREFIX_PATH=${CMAKE_PREFIX_PATH}:/opt/ros/jazzy DEBUGINFOD_URLS=https://debuginfod.ubuntu.com /usr/bin/cmake --build /home/kenbio/sensor_ws/build/ldlidar -- -j32 -l32
[0.714s] DEBUG:colcon.colcon_core.event_handler.log_command:Invoking command in '/home/kenbio/sensor_ws/build/ldlidar': CMAKE_PREFIX_PATH=${CMAKE_PREFIX_PATH}:/opt/ros/jazzy DEBUGINFOD_URLS=https://debuginfod.ubuntu.com /usr/bin/cmake --install /home/kenbio/sensor_ws/build/ldlidar
[0.719s] Level 1:colcon.colcon_core.environment:create_environment_scripts_only(ldlidar)
[0.719s] DEBUG:colcon.colcon_core.event_handler.log_command:Invoked command in '/home/kenbio/sensor_ws/build/ldlidar' returned '0': CMAKE_PREFIX_PATH=${CMAKE_PREFIX_PATH}:/opt/ros/jazzy DEBUGINFOD_URLS=https://debuginfod.ubuntu.com /usr/bin/cmake --install /home/kenbio/sensor_ws/build/ldlidar
[0.726s] Level 1:colcon.colcon_core.environment:checking '/home/kenbio/sensor_ws/install/ldlidar' for CMake module files
[0.726s] Level 1:colcon.colcon_core.environment:checking '/home/kenbio/sensor_ws/install/ldlidar' for CMake config files
[0.726s] Level 1:colcon.colcon_core.shell:create_environment_hook('ldlidar', 'cmake_prefix_path')
[0.726s] INFO:colcon.colcon_core.shell:Creating environment hook '/home/kenbio/sensor_ws/install/ldlidar/share/ldlidar/hook/cmake_prefix_path.ps1'
[0.727s] INFO:colcon.colcon_core.shell:Creating environment descriptor '/home/kenbio/sensor_ws/install/ldlidar/share/ldlidar/hook/cmake_prefix_path.dsv'
[0.727s] INFO:colcon.colcon_core.shell:Creating environment hook '/home/kenbio/sensor_ws/install/ldlidar/share/ldlidar/hook/cmake_prefix_path.sh'
[0.727s] Level 1:colcon.colcon_core.environment:checking '/home/kenbio/sensor_ws/install/ldlidar/lib'
[0.727s] Level 1:colcon.colcon_core.environment:checking '/home/kenbio/sensor_ws/install/ldlidar/bin'
[0.727s] Level 1:colcon.colcon_core.environment:checking '/home/kenbio/sensor_ws/install/ldlidar/lib/pkgconfig/ldlidar.pc'
[0.727s] Level 1:colcon.colcon_core.environment:checking '/home/kenbio/sensor_ws/install/ldlidar/lib/python3.12/site-packages'
[0.728s] Level 1:colcon.colcon_core.environment:checking '/home/kenbio/sensor_ws/install/ldlidar/bin'
[0.728s] INFO:colcon.colcon_core.shell:Creating package script '/home/kenbio/sensor_ws/install/ldlidar/share/ldlidar/package.ps1'
[0.729s] INFO:colcon.colcon_core.shell:Creating package descriptor '/home/kenbio/sensor_ws/install/ldlidar/share/ldlidar/package.dsv'
[0.729s] INFO:colcon.colcon_core.shell:Creating package script '/home/kenbio/sensor_ws/install/ldlidar/share/ldlidar/package.sh'
[0.730s] INFO:colcon.colcon_core.shell:Creating package script '/home/kenbio/sensor_ws/install/ldlidar/share/ldlidar/package.bash'
[0.730s] INFO:colcon.colcon_core.shell:Creating package script '/home/kenbio/sensor_ws/install/ldlidar/share/ldlidar/package.zsh'
[0.731s] Level 1:colcon.colcon_core.environment:create_file_with_runtime_dependencies(/home/kenbio/sensor_ws/install/ldlidar/share/colcon-core/packages/ldlidar)
[0.731s] Level 1:colcon.colcon_core.environment:create_environment_scripts_only(ldlidar)
[0.731s] Level 1:colcon.colcon_core.environment:checking '/home/kenbio/sensor_ws/install/ldlidar' for CMake module files
[0.731s] Level 1:colcon.colcon_core.environment:checking '/home/kenbio/sensor_ws/install/ldlidar' for CMake config files
[0.732s] Level 1:colcon.colcon_core.shell:create_environment_hook('ldlidar', 'cmake_prefix_path')
[0.732s] INFO:colcon.colcon_core.shell:Creating environment hook '/home/kenbio/sensor_ws/install/ldlidar/share/ldlidar/hook/cmake_prefix_path.ps1'
[0.732s] INFO:colcon.colcon_core.shell:Creating environment descriptor '/home/kenbio/sensor_ws/install/ldlidar/share/ldlidar/hook/cmake_prefix_path.dsv'
[0.732s] INFO:colcon.colcon_core.shell:Creating environment hook '/home/kenbio/sensor_ws/install/ldlidar/share/ldlidar/hook/cmake_prefix_path.sh'
[0.732s] Level 1:colcon.colcon_core.environment:checking '/home/kenbio/sensor_ws/install/ldlidar/lib'
[0.732s] Level 1:colcon.colcon_core.environment:checking '/home/kenbio/sensor_ws/install/ldlidar/bin'
[0.732s] Level 1:colcon.colcon_core.environment:checking '/home/kenbio/sensor_ws/install/ldlidar/lib/pkgconfig/ldlidar.pc'
[0.732s] Level 1:colcon.colcon_core.environment:checking '/home/kenbio/sensor_ws/install/ldlidar/lib/python3.12/site-packages'
[0.732s] Level 1:colcon.colcon_core.environment:checking '/home/kenbio/sensor_ws/install/ldlidar/bin'
[0.733s] INFO:colcon.colcon_core.shell:Creating package script '/home/kenbio/sensor_ws/install/ldlidar/share/ldlidar/package.ps1'
[0.733s] INFO:colcon.colcon_core.shell:Creating package descriptor '/home/kenbio/sensor_ws/install/ldlidar/share/ldlidar/package.dsv'
[0.733s] INFO:colcon.colcon_core.shell:Creating package script '/home/kenbio/sensor_ws/install/ldlidar/share/ldlidar/package.sh'
[0.733s] INFO:colcon.colcon_core.shell:Creating package script '/home/kenbio/sensor_ws/install/ldlidar/share/ldlidar/package.bash'
[0.734s] INFO:colcon.colcon_core.shell:Creating package script '/home/kenbio/sensor_ws/install/ldlidar/share/ldlidar/package.zsh'
[0.734s] Level 1:colcon.colcon_core.environment:create_file_with_runtime_dependencies(/home/kenbio/sensor_ws/install/ldlidar/share/colcon-core/packages/ldlidar)
[1.052s] DEBUG:colcon.colcon_core.event_handler.log_command:Invoking command in '/home/kenbio/sensor_ws/src/imu_ros2_device': DEBUGINFOD_URLS=https://debuginfod.ubuntu.com PYTHONPATH=/home/kenbio/sensor_ws/build/imu_ros2_device/prefix_override:/usr/lib/python3/dist-packages/colcon_core/task/python/colcon_distutils_commands:/home/kenbio/sensor_ws/install/imu_ros2_device/lib/python3.12/site-packages:${PYTHONPATH} /usr/bin/python3 -W ignore:setup.py install is deprecated -W ignore:easy_install command is deprecated setup.py egg_info --egg-base ../../build/imu_ros2_device build --build-base /home/kenbio/sensor_ws/build/imu_ros2_device/build install --record /home/kenbio/sensor_ws/build/imu_ros2_device/install.log --single-version-externally-managed install_data
[1.053s] DEBUG:colcon.colcon_core.event_handler.log_command:Invoking command in '/home/kenbio/sensor_ws/src/agv_control': DEBUGINFOD_URLS=https://debuginfod.ubuntu.com PYTHONPATH=/home/kenbio/sensor_ws/build/agv_control/prefix_override:/usr/lib/python3/dist-packages/colcon_core/task/python/colcon_distutils_commands:/home/kenbio/sensor_ws/install/agv_control/lib/python3.12/site-packages:${PYTHONPATH} /usr/bin/python3 -W ignore:setup.py install is deprecated -W ignore:easy_install command is deprecated setup.py egg_info --egg-base ../../build/agv_control build --build-base /home/kenbio/sensor_ws/build/agv_control/build install --record /home/kenbio/sensor_ws/build/agv_control/install.log --single-version-externally-managed install_data
[1.242s] Level 1:colcon.colcon_core.environment:checking '/home/kenbio/sensor_ws/install/imu_ros2_device' for CMake module files
[1.243s] DEBUG:colcon.colcon_core.event_handler.log_command:Invoked command in '/home/kenbio/sensor_ws/src/imu_ros2_device' returned '0': DEBUGINFOD_URLS=https://debuginfod.ubuntu.com PYTHONPATH=/home/kenbio/sensor_ws/build/imu_ros2_device/prefix_override:/usr/lib/python3/dist-packages/colcon_core/task/python/colcon_distutils_commands:/home/kenbio/sensor_ws/install/imu_ros2_device/lib/python3.12/site-packages:${PYTHONPATH} /usr/bin/python3 -W ignore:setup.py install is deprecated -W ignore:easy_install command is deprecated setup.py egg_info --egg-base ../../build/imu_ros2_device build --build-base /home/kenbio/sensor_ws/build/imu_ros2_device/build install --record /home/kenbio/sensor_ws/build/imu_ros2_device/install.log --single-version-externally-managed install_data
[1.243s] Level 1:colcon.colcon_core.environment:checking '/home/kenbio/sensor_ws/install/imu_ros2_device' for CMake config files
[1.243s] Level 1:colcon.colcon_core.environment:checking '/home/kenbio/sensor_ws/install/imu_ros2_device/lib'
[1.243s] Level 1:colcon.colcon_core.environment:checking '/home/kenbio/sensor_ws/install/imu_ros2_device/bin'
[1.243s] Level 1:colcon.colcon_core.environment:checking '/home/kenbio/sensor_ws/install/imu_ros2_device/lib/pkgconfig/imu_ros2_device.pc'
[1.243s] Level 1:colcon.colcon_core.environment:checking '/home/kenbio/sensor_ws/install/imu_ros2_device/lib/python3.12/site-packages'
[1.243s] Level 1:colcon.colcon_core.shell:create_environment_hook('imu_ros2_device', 'pythonpath')
[1.243s] INFO:colcon.colcon_core.shell:Creating environment hook '/home/kenbio/sensor_ws/install/imu_ros2_device/share/imu_ros2_device/hook/pythonpath.ps1'
[1.244s] INFO:colcon.colcon_core.shell:Creating environment descriptor '/home/kenbio/sensor_ws/install/imu_ros2_device/share/imu_ros2_device/hook/pythonpath.dsv'
[1.244s] INFO:colcon.colcon_core.shell:Creating environment hook '/home/kenbio/sensor_ws/install/imu_ros2_device/share/imu_ros2_device/hook/pythonpath.sh'
[1.244s] Level 1:colcon.colcon_core.environment:checking '/home/kenbio/sensor_ws/install/imu_ros2_device/bin'
[1.244s] Level 1:colcon.colcon_core.environment:create_environment_scripts_only(imu_ros2_device)
[1.244s] INFO:colcon.colcon_core.shell:Creating package script '/home/kenbio/sensor_ws/install/imu_ros2_device/share/imu_ros2_device/package.ps1'
[1.245s] INFO:colcon.colcon_core.shell:Creating package descriptor '/home/kenbio/sensor_ws/install/imu_ros2_device/share/imu_ros2_device/package.dsv'
[1.245s] INFO:colcon.colcon_core.shell:Creating package script '/home/kenbio/sensor_ws/install/imu_ros2_device/share/imu_ros2_device/package.sh'
[1.245s] INFO:colcon.colcon_core.shell:Creating package script '/home/kenbio/sensor_ws/install/imu_ros2_device/share/imu_ros2_device/package.bash'
[1.245s] INFO:colcon.colcon_core.shell:Creating package script '/home/kenbio/sensor_ws/install/imu_ros2_device/share/imu_ros2_device/package.zsh'
[1.245s] Level 1:colcon.colcon_core.environment:create_file_with_runtime_dependencies(/home/kenbio/sensor_ws/install/imu_ros2_device/share/colcon-core/packages/imu_ros2_device)
[1.245s] Level 1:colcon.colcon_core.environment:checking '/home/kenbio/sensor_ws/install/agv_control' for CMake module files
[1.246s] DEBUG:colcon.colcon_core.event_handler.log_command:Invoked command in '/home/kenbio/sensor_ws/src/agv_control' returned '0': DEBUGINFOD_URLS=https://debuginfod.ubuntu.com PYTHONPATH=/home/kenbio/sensor_ws/build/agv_control/prefix_override:/usr/lib/python3/dist-packages/colcon_core/task/python/colcon_distutils_commands:/home/kenbio/sensor_ws/install/agv_control/lib/python3.12/site-packages:${PYTHONPATH} /usr/bin/python3 -W ignore:setup.py install is deprecated -W ignore:easy_install command is deprecated setup.py egg_info --egg-base ../../build/agv_control build --build-base /home/kenbio/sensor_ws/build/agv_control/build install --record /home/kenbio/sensor_ws/build/agv_control/install.log --single-version-externally-managed install_data
[1.246s] Level 1:colcon.colcon_core.environment:checking '/home/kenbio/sensor_ws/install/agv_control' for CMake config files
[1.246s] Level 1:colcon.colcon_core.environment:checking '/home/kenbio/sensor_ws/install/agv_control/lib'
[1.247s] Level 1:colcon.colcon_core.environment:checking '/home/kenbio/sensor_ws/install/agv_control/bin'
[1.247s] Level 1:colcon.colcon_core.environment:checking '/home/kenbio/sensor_ws/install/agv_control/lib/pkgconfig/agv_control.pc'
[1.247s] Level 1:colcon.colcon_core.environment:checking '/home/kenbio/sensor_ws/install/agv_control/lib/python3.12/site-packages'
[1.247s] Level 1:colcon.colcon_core.shell:create_environment_hook('agv_control', 'pythonpath')
[1.247s] INFO:colcon.colcon_core.shell:Creating environment hook '/home/kenbio/sensor_ws/install/agv_control/share/agv_control/hook/pythonpath.ps1'
[1.247s] INFO:colcon.colcon_core.shell:Creating environment descriptor '/home/kenbio/sensor_ws/install/agv_control/share/agv_control/hook/pythonpath.dsv'
[1.247s] INFO:colcon.colcon_core.shell:Creating environment hook '/home/kenbio/sensor_ws/install/agv_control/share/agv_control/hook/pythonpath.sh'
[1.248s] Level 1:colcon.colcon_core.environment:checking '/home/kenbio/sensor_ws/install/agv_control/bin'
[1.248s] Level 1:colcon.colcon_core.environment:create_environment_scripts_only(agv_control)
[1.248s] INFO:colcon.colcon_core.shell:Creating package script '/home/kenbio/sensor_ws/install/agv_control/share/agv_control/package.ps1'
[1.248s] INFO:colcon.colcon_core.shell:Creating package descriptor '/home/kenbio/sensor_ws/install/agv_control/share/agv_control/package.dsv'
[1.248s] INFO:colcon.colcon_core.shell:Creating package script '/home/kenbio/sensor_ws/install/agv_control/share/agv_control/package.sh'
[1.248s] INFO:colcon.colcon_core.shell:Creating package script '/home/kenbio/sensor_ws/install/agv_control/share/agv_control/package.bash'
[1.248s] INFO:colcon.colcon_core.shell:Creating package script '/home/kenbio/sensor_ws/install/agv_control/share/agv_control/package.zsh'
[1.248s] Level 1:colcon.colcon_core.environment:create_file_with_runtime_dependencies(/home/kenbio/sensor_ws/install/agv_control/share/colcon-core/packages/agv_control)
[1.249s] INFO:colcon.colcon_ros.task.ament_python.build:Building ROS package in '/home/kenbio/sensor_ws/src/sensor_bringup' with build type 'ament_python'
[1.249s] Level 1:colcon.colcon_core.shell:create_environment_hook('sensor_bringup', 'ament_prefix_path')
[1.249s] INFO:colcon.colcon_core.shell:Creating environment hook '/home/kenbio/sensor_ws/install/sensor_bringup/share/sensor_bringup/hook/ament_prefix_path.ps1'
[1.249s] INFO:colcon.colcon_core.shell:Creating environment descriptor '/home/kenbio/sensor_ws/install/sensor_bringup/share/sensor_bringup/hook/ament_prefix_path.dsv'
[1.249s] INFO:colcon.colcon_core.shell:Creating environment hook '/home/kenbio/sensor_ws/install/sensor_bringup/share/sensor_bringup/hook/ament_prefix_path.sh'
[1.249s] INFO:colcon.colcon_core.shell:Skip shell extension 'powershell' for command environment: Not usable outside of PowerShell
[1.249s] DEBUG:colcon.colcon_core.shell:Skip shell extension 'dsv' for command environment
[1.337s] INFO:colcon.colcon_core.task.python.build:Building Python package in '/home/kenbio/sensor_ws/src/sensor_bringup'
[1.337s] INFO:colcon.colcon_core.shell:Skip shell extension 'powershell' for command environment: Not usable outside of PowerShell
[1.337s] DEBUG:colcon.colcon_core.shell:Skip shell extension 'dsv' for command environment
[1.544s] DEBUG:colcon.colcon_core.event_handler.log_command:Invoking command in '/home/kenbio/sensor_ws/src/sensor_bringup': AMENT_PREFIX_PATH=/home/kenbio/sensor_ws/install/ldlidar:/home/kenbio/sensor_ws/install/imu_ros2_device:/home/kenbio/sensor_ws/install/agv_control:${AMENT_PREFIX_PATH} CMAKE_PREFIX_PATH=/home/kenbio/sensor_ws/install/ldlidar:${CMAKE_PREFIX_PATH} DEBUGINFOD_URLS=https://debuginfod.ubuntu.com PYTHONPATH=/home/kenbio/sensor_ws/build/sensor_bringup/prefix_override:/usr/lib/python3/dist-packages/colcon_core/task/python/colcon_distutils_commands:/home/kenbio/sensor_ws/install/sensor_bringup/lib/python3.12/site-packages:/home/kenbio/sensor_ws/install/imu_ros2_device/lib/python3.12/site-packages:/home/kenbio/sensor_ws/install/agv_control/lib/python3.12/site-packages:${PYTHONPATH} /usr/bin/python3 -W ignore:setup.py install is deprecated -W ignore:easy_install command is deprecated setup.py egg_info --egg-base ../../build/sensor_bringup build --build-base /home/kenbio/sensor_ws/build/sensor_bringup/build install --record /home/kenbio/sensor_ws/build/sensor_bringup/install.log --single-version-externally-managed install_data
[1.725s] Level 1:colcon.colcon_core.environment:checking '/home/kenbio/sensor_ws/install/sensor_bringup' for CMake module files
[1.726s] DEBUG:colcon.colcon_core.event_handler.log_command:Invoked command in '/home/kenbio/sensor_ws/src/sensor_bringup' returned '0': AMENT_PREFIX_PATH=/home/kenbio/sensor_ws/install/ldlidar:/home/kenbio/sensor_ws/install/imu_ros2_device:/home/kenbio/sensor_ws/install/agv_control:${AMENT_PREFIX_PATH} CMAKE_PREFIX_PATH=/home/kenbio/sensor_ws/install/ldlidar:${CMAKE_PREFIX_PATH} DEBUGINFOD_URLS=https://debuginfod.ubuntu.com PYTHONPATH=/home/kenbio/sensor_ws/build/sensor_bringup/prefix_override:/usr/lib/python3/dist-packages/colcon_core/task/python/colcon_distutils_commands:/home/kenbio/sensor_ws/install/sensor_bringup/lib/python3.12/site-packages:/home/kenbio/sensor_ws/install/imu_ros2_device/lib/python3.12/site-packages:/home/kenbio/sensor_ws/install/agv_control/lib/python3.12/site-packages:${PYTHONPATH} /usr/bin/python3 -W ignore:setup.py install is deprecated -W ignore:easy_install command is deprecated setup.py egg_info --egg-base ../../build/sensor_bringup build --build-base /home/kenbio/sensor_ws/build/sensor_bringup/build install --record /home/kenbio/sensor_ws/build/sensor_bringup/install.log --single-version-externally-managed install_data
[1.726s] Level 1:colcon.colcon_core.environment:checking '/home/kenbio/sensor_ws/install/sensor_bringup' for CMake config files
[1.726s] Level 1:colcon.colcon_core.environment:checking '/home/kenbio/sensor_ws/install/sensor_bringup/lib'
[1.726s] Level 1:colcon.colcon_core.environment:checking '/home/kenbio/sensor_ws/install/sensor_bringup/bin'
[1.726s] Level 1:colcon.colcon_core.environment:checking '/home/kenbio/sensor_ws/install/sensor_bringup/lib/pkgconfig/sensor_bringup.pc'
[1.726s] Level 1:colcon.colcon_core.environment:checking '/home/kenbio/sensor_ws/install/sensor_bringup/lib/python3.12/site-packages'
[1.726s] Level 1:colcon.colcon_core.shell:create_environment_hook('sensor_bringup', 'pythonpath')
[1.726s] INFO:colcon.colcon_core.shell:Creating environment hook '/home/kenbio/sensor_ws/install/sensor_bringup/share/sensor_bringup/hook/pythonpath.ps1'
[1.727s] INFO:colcon.colcon_core.shell:Creating environment descriptor '/home/kenbio/sensor_ws/install/sensor_bringup/share/sensor_bringup/hook/pythonpath.dsv'
[1.727s] INFO:colcon.colcon_core.shell:Creating environment hook '/home/kenbio/sensor_ws/install/sensor_bringup/share/sensor_bringup/hook/pythonpath.sh'
[1.727s] Level 1:colcon.colcon_core.environment:checking '/home/kenbio/sensor_ws/install/sensor_bringup/bin'
[1.727s] Level 1:colcon.colcon_core.environment:create_environment_scripts_only(sensor_bringup)
[1.727s] INFO:colcon.colcon_core.shell:Creating package script '/home/kenbio/sensor_ws/install/sensor_bringup/share/sensor_bringup/package.ps1'
[1.727s] INFO:colcon.colcon_core.shell:Creating package descriptor '/home/kenbio/sensor_ws/install/sensor_bringup/share/sensor_bringup/package.dsv'
[1.727s] INFO:colcon.colcon_core.shell:Creating package script '/home/kenbio/sensor_ws/install/sensor_bringup/share/sensor_bringup/package.sh'
[1.728s] INFO:colcon.colcon_core.shell:Creating package script '/home/kenbio/sensor_ws/install/sensor_bringup/share/sensor_bringup/package.bash'
[1.728s] INFO:colcon.colcon_core.shell:Creating package script '/home/kenbio/sensor_ws/install/sensor_bringup/share/sensor_bringup/package.zsh'
[1.728s] Level 1:colcon.colcon_core.environment:create_file_with_runtime_dependencies(/home/kenbio/sensor_ws/install/sensor_bringup/share/colcon-core/packages/sensor_bringup)
[1.728s] DEBUG:colcon.colcon_parallel_executor.executor.parallel:closing loop
[1.728s] DEBUG:colcon.colcon_parallel_executor.executor.parallel:loop closed
[1.728s] DEBUG:colcon.colcon_parallel_executor.executor.parallel:run_until_complete finished with '0'
[1.728s] DEBUG:colcon.colcon_core.event_reactor:joining thread
[1.732s] INFO:colcon.colcon_core.plugin_system:Skipping extension 'colcon_notification.desktop_notification.terminal_notifier': Not used on non-Darwin systems
[1.732s] INFO:colcon.colcon_core.plugin_system:Skipping extension 'colcon_notification.desktop_notification.win32': Not used on non-Windows systems
[1.732s] INFO:colcon.colcon_notification.desktop_notification:Sending desktop notification using 'notify2'
[1.739s] DEBUG:colcon.colcon_core.event_reactor:joined thread
[1.739s] INFO:colcon.colcon_core.shell:Creating prefix script '/home/kenbio/sensor_ws/install/local_setup.ps1'
[1.740s] INFO:colcon.colcon_core.shell:Creating prefix util module '/home/kenbio/sensor_ws/install/_local_setup_util_ps1.py'
[1.741s] INFO:colcon.colcon_core.shell:Creating prefix chain script '/home/kenbio/sensor_ws/install/setup.ps1'
[1.742s] INFO:colcon.colcon_core.shell:Creating prefix script '/home/kenbio/sensor_ws/install/local_setup.sh'
[1.742s] INFO:colcon.colcon_core.shell:Creating prefix util module '/home/kenbio/sensor_ws/install/_local_setup_util_sh.py'
[1.742s] INFO:colcon.colcon_core.shell:Creating prefix chain script '/home/kenbio/sensor_ws/install/setup.sh'
[1.743s] INFO:colcon.colcon_core.shell:Creating prefix script '/home/kenbio/sensor_ws/install/local_setup.bash'
[1.743s] INFO:colcon.colcon_core.shell:Creating prefix chain script '/home/kenbio/sensor_ws/install/setup.bash'
[1.744s] INFO:colcon.colcon_core.shell:Creating prefix script '/home/kenbio/sensor_ws/install/local_setup.zsh'
[1.744s] INFO:colcon.colcon_core.shell:Creating prefix chain script '/home/kenbio/sensor_ws/install/setup.zsh'
