[0.168s] DEBUG:colcon:Command line arguments: ['/usr/bin/colcon', 'build', '--packages-select', 'agv_control']
[0.168s] DEBUG:colcon:Parsed command line arguments: Namespace(log_base=None, log_level=None, verb_name='build', build_base='build', install_base='install', merge_install=False, symlink_install=False, test_result_base=None, continue_on_error=False, executor='parallel', parallel_workers=4, event_handlers=None, ignore_user_meta=False, metas=['./colcon.meta'], base_paths=['.'], packages_ignore=None, packages_ignore_regex=None, paths=None, packages_up_to=None, packages_up_to_regex=None, packages_above=None, packages_above_and_dependencies=None, packages_above_depth=None, packages_select_by_dep=None, packages_skip_by_dep=None, packages_skip_up_to=None, packages_select_build_failed=False, packages_skip_build_finished=False, packages_select_test_failures=False, packages_skip_test_passed=False, packages_select=['agv_control'], packages_skip=None, packages_select_regex=None, packages_skip_regex=None, packages_start=None, packages_end=None, allow_overriding=[], cmake_args=None, cmake_target=None, cmake_target_skip_unavailable=False, cmake_clean_cache=False, cmake_clean_first=False, cmake_force_configure=False, ament_cmake_args=None, catkin_cmake_args=None, catkin_skip_building_tests=False, verb_parser=<colcon_defaults.argument_parser.defaults.DefaultArgumentsDecorator object at 0x70f49671cf20>, verb_extension=<colcon_core.verb.build.BuildVerb object at 0x70f4968e2c00>, main=<bound method BuildVerb.main of <colcon_core.verb.build.BuildVerb object at 0x70f4968e2c00>>)
[0.222s] Level 1:colcon.colcon_core.package_discovery:discover_packages(colcon_meta) check parameters
[0.222s] Level 1:colcon.colcon_core.package_discovery:discover_packages(recursive) check parameters
[0.223s] Level 1:colcon.colcon_core.package_discovery:discover_packages(ignore) check parameters
[0.223s] Level 1:colcon.colcon_core.package_discovery:discover_packages(path) check parameters
[0.223s] Level 1:colcon.colcon_core.package_discovery:discover_packages(colcon_meta) discover
[0.223s] Level 1:colcon.colcon_core.package_discovery:discover_packages(recursive) discover
[0.223s] INFO:colcon.colcon_core.package_discovery:Crawling recursively for packages in '/home/kenbio/sensor_ws'
[0.223s] Level 1:colcon.colcon_core.package_identification:_identify(.) by extensions ['ignore', 'ignore_ament_install']
[0.223s] Level 1:colcon.colcon_core.package_identification:_identify(.) by extension 'ignore'
[0.223s] Level 1:colcon.colcon_core.package_identification:_identify(.) by extension 'ignore_ament_install'
[0.223s] Level 1:colcon.colcon_core.package_identification:_identify(.) by extensions ['colcon_pkg']
[0.223s] Level 1:colcon.colcon_core.package_identification:_identify(.) by extension 'colcon_pkg'
[0.223s] Level 1:colcon.colcon_core.package_identification:_identify(.) by extensions ['colcon_meta']
[0.223s] Level 1:colcon.colcon_core.package_identification:_identify(.) by extension 'colcon_meta'
[0.223s] Level 1:colcon.colcon_core.package_identification:_identify(.) by extensions ['ros']
[0.223s] Level 1:colcon.colcon_core.package_identification:_identify(.) by extension 'ros'
[0.257s] Level 1:colcon.colcon_core.package_identification:_identify(.) by extensions ['cmake', 'python']
[0.257s] Level 1:colcon.colcon_core.package_identification:_identify(.) by extension 'cmake'
[0.257s] Level 1:colcon.colcon_core.package_identification:_identify(.) by extension 'python'
[0.257s] Level 1:colcon.colcon_core.package_identification:_identify(.) by extensions ['python_setup_py']
[0.257s] Level 1:colcon.colcon_core.package_identification:_identify(.) by extension 'python_setup_py'
[0.257s] Level 1:colcon.colcon_core.package_identification:_identify(build) by extensions ['ignore', 'ignore_ament_install']
[0.258s] Level 1:colcon.colcon_core.package_identification:_identify(build) by extension 'ignore'
[0.258s] Level 1:colcon.colcon_core.package_identification:_identify(build) ignored
[0.258s] Level 1:colcon.colcon_core.package_identification:_identify(install) by extensions ['ignore', 'ignore_ament_install']
[0.258s] Level 1:colcon.colcon_core.package_identification:_identify(install) by extension 'ignore'
[0.258s] Level 1:colcon.colcon_core.package_identification:_identify(install) ignored
[0.258s] Level 1:colcon.colcon_core.package_identification:_identify(log) by extensions ['ignore', 'ignore_ament_install']
[0.258s] Level 1:colcon.colcon_core.package_identification:_identify(log) by extension 'ignore'
[0.258s] Level 1:colcon.colcon_core.package_identification:_identify(log) ignored
[0.258s] Level 1:colcon.colcon_core.package_identification:_identify(src) by extensions ['ignore', 'ignore_ament_install']
[0.259s] Level 1:colcon.colcon_core.package_identification:_identify(src) by extension 'ignore'
[0.259s] Level 1:colcon.colcon_core.package_identification:_identify(src) by extension 'ignore_ament_install'
[0.259s] Level 1:colcon.colcon_core.package_identification:_identify(src) by extensions ['colcon_pkg']
[0.259s] Level 1:colcon.colcon_core.package_identification:_identify(src) by extension 'colcon_pkg'
[0.259s] Level 1:colcon.colcon_core.package_identification:_identify(src) by extensions ['colcon_meta']
[0.259s] Level 1:colcon.colcon_core.package_identification:_identify(src) by extension 'colcon_meta'
[0.259s] Level 1:colcon.colcon_core.package_identification:_identify(src) by extensions ['ros']
[0.259s] Level 1:colcon.colcon_core.package_identification:_identify(src) by extension 'ros'
[0.259s] Level 1:colcon.colcon_core.package_identification:_identify(src) by extensions ['cmake', 'python']
[0.259s] Level 1:colcon.colcon_core.package_identification:_identify(src) by extension 'cmake'
[0.259s] Level 1:colcon.colcon_core.package_identification:_identify(src) by extension 'python'
[0.259s] Level 1:colcon.colcon_core.package_identification:_identify(src) by extensions ['python_setup_py']
[0.259s] Level 1:colcon.colcon_core.package_identification:_identify(src) by extension 'python_setup_py'
[0.259s] Level 1:colcon.colcon_core.package_identification:_identify(src/agv_control) by extensions ['ignore', 'ignore_ament_install']
[0.259s] Level 1:colcon.colcon_core.package_identification:_identify(src/agv_control) by extension 'ignore'
[0.260s] Level 1:colcon.colcon_core.package_identification:_identify(src/agv_control) by extension 'ignore_ament_install'
[0.260s] Level 1:colcon.colcon_core.package_identification:_identify(src/agv_control) by extensions ['colcon_pkg']
[0.260s] Level 1:colcon.colcon_core.package_identification:_identify(src/agv_control) by extension 'colcon_pkg'
[0.260s] Level 1:colcon.colcon_core.package_identification:_identify(src/agv_control) by extensions ['colcon_meta']
[0.260s] Level 1:colcon.colcon_core.package_identification:_identify(src/agv_control) by extension 'colcon_meta'
[0.260s] Level 1:colcon.colcon_core.package_identification:_identify(src/agv_control) by extensions ['ros']
[0.260s] Level 1:colcon.colcon_core.package_identification:_identify(src/agv_control) by extension 'ros'
[0.263s] DEBUG:colcon.colcon_core.package_identification:Package 'src/agv_control' with type 'ros.ament_python' and name 'agv_control'
[0.263s] Level 1:colcon.colcon_core.package_identification:_identify(src/imu_ros2_device) by extensions ['ignore', 'ignore_ament_install']
[0.264s] Level 1:colcon.colcon_core.package_identification:_identify(src/imu_ros2_device) by extension 'ignore'
[0.264s] Level 1:colcon.colcon_core.package_identification:_identify(src/imu_ros2_device) by extension 'ignore_ament_install'
[0.264s] Level 1:colcon.colcon_core.package_identification:_identify(src/imu_ros2_device) by extensions ['colcon_pkg']
[0.264s] Level 1:colcon.colcon_core.package_identification:_identify(src/imu_ros2_device) by extension 'colcon_pkg'
[0.264s] Level 1:colcon.colcon_core.package_identification:_identify(src/imu_ros2_device) by extensions ['colcon_meta']
[0.264s] Level 1:colcon.colcon_core.package_identification:_identify(src/imu_ros2_device) by extension 'colcon_meta'
[0.264s] Level 1:colcon.colcon_core.package_identification:_identify(src/imu_ros2_device) by extensions ['ros']
[0.264s] Level 1:colcon.colcon_core.package_identification:_identify(src/imu_ros2_device) by extension 'ros'
[0.265s] DEBUG:colcon.colcon_core.package_identification:Package 'src/imu_ros2_device' with type 'ros.ament_python' and name 'imu_ros2_device'
[0.265s] Level 1:colcon.colcon_core.package_identification:_identify(src/ldlidar_ros2) by extensions ['ignore', 'ignore_ament_install']
[0.265s] Level 1:colcon.colcon_core.package_identification:_identify(src/ldlidar_ros2) by extension 'ignore'
[0.265s] Level 1:colcon.colcon_core.package_identification:_identify(src/ldlidar_ros2) by extension 'ignore_ament_install'
[0.265s] Level 1:colcon.colcon_core.package_identification:_identify(src/ldlidar_ros2) by extensions ['colcon_pkg']
[0.265s] Level 1:colcon.colcon_core.package_identification:_identify(src/ldlidar_ros2) by extension 'colcon_pkg'
[0.265s] Level 1:colcon.colcon_core.package_identification:_identify(src/ldlidar_ros2) by extensions ['colcon_meta']
[0.265s] Level 1:colcon.colcon_core.package_identification:_identify(src/ldlidar_ros2) by extension 'colcon_meta'
[0.265s] Level 1:colcon.colcon_core.package_identification:_identify(src/ldlidar_ros2) by extensions ['ros']
[0.265s] Level 1:colcon.colcon_core.package_identification:_identify(src/ldlidar_ros2) by extension 'ros'
[0.265s] Level 1:colcon.colcon_core.package_identification:_identify(src/ldlidar_ros2) by extensions ['cmake', 'python']
[0.266s] Level 1:colcon.colcon_core.package_identification:_identify(src/ldlidar_ros2) by extension 'cmake'
[0.266s] Level 1:colcon.colcon_core.package_identification:_identify(src/ldlidar_ros2) by extension 'python'
[0.266s] Level 1:colcon.colcon_core.package_identification:_identify(src/ldlidar_ros2) by extensions ['python_setup_py']
[0.266s] Level 1:colcon.colcon_core.package_identification:_identify(src/ldlidar_ros2) by extension 'python_setup_py'
[0.266s] Level 1:colcon.colcon_core.package_identification:_identify(src/ldlidar_ros2/ldlidar) by extensions ['ignore', 'ignore_ament_install']
[0.266s] Level 1:colcon.colcon_core.package_identification:_identify(src/ldlidar_ros2/ldlidar) by extension 'ignore'
[0.266s] Level 1:colcon.colcon_core.package_identification:_identify(src/ldlidar_ros2/ldlidar) by extension 'ignore_ament_install'
[0.266s] Level 1:colcon.colcon_core.package_identification:_identify(src/ldlidar_ros2/ldlidar) by extensions ['colcon_pkg']
[0.266s] Level 1:colcon.colcon_core.package_identification:_identify(src/ldlidar_ros2/ldlidar) by extension 'colcon_pkg'
[0.266s] Level 1:colcon.colcon_core.package_identification:_identify(src/ldlidar_ros2/ldlidar) by extensions ['colcon_meta']
[0.266s] Level 1:colcon.colcon_core.package_identification:_identify(src/ldlidar_ros2/ldlidar) by extension 'colcon_meta'
[0.266s] Level 1:colcon.colcon_core.package_identification:_identify(src/ldlidar_ros2/ldlidar) by extensions ['ros']
[0.266s] Level 1:colcon.colcon_core.package_identification:_identify(src/ldlidar_ros2/ldlidar) by extension 'ros'
[0.267s] DEBUG:colcon.colcon_core.package_identification:Package 'src/ldlidar_ros2/ldlidar' with type 'ros.ament_cmake' and name 'ldlidar'
[0.267s] Level 1:colcon.colcon_core.package_identification:_identify(src/ldlidar_ros2/ldlidar_driver) by extensions ['ignore', 'ignore_ament_install']
[0.267s] Level 1:colcon.colcon_core.package_identification:_identify(src/ldlidar_ros2/ldlidar_driver) by extension 'ignore'
[0.267s] Level 1:colcon.colcon_core.package_identification:_identify(src/ldlidar_ros2/ldlidar_driver) by extension 'ignore_ament_install'
[0.267s] Level 1:colcon.colcon_core.package_identification:_identify(src/ldlidar_ros2/ldlidar_driver) by extensions ['colcon_pkg']
[0.267s] Level 1:colcon.colcon_core.package_identification:_identify(src/ldlidar_ros2/ldlidar_driver) by extension 'colcon_pkg'
[0.267s] Level 1:colcon.colcon_core.package_identification:_identify(src/ldlidar_ros2/ldlidar_driver) by extensions ['colcon_meta']
[0.267s] Level 1:colcon.colcon_core.package_identification:_identify(src/ldlidar_ros2/ldlidar_driver) by extension 'colcon_meta'
[0.267s] Level 1:colcon.colcon_core.package_identification:_identify(src/ldlidar_ros2/ldlidar_driver) by extensions ['ros']
[0.267s] Level 1:colcon.colcon_core.package_identification:_identify(src/ldlidar_ros2/ldlidar_driver) by extension 'ros'
[0.268s] Level 1:colcon.colcon_core.package_identification:_identify(src/ldlidar_ros2/ldlidar_driver) by extensions ['cmake', 'python']
[0.268s] Level 1:colcon.colcon_core.package_identification:_identify(src/ldlidar_ros2/ldlidar_driver) by extension 'cmake'
[0.268s] Level 1:colcon.colcon_core.package_identification:_identify(src/ldlidar_ros2/ldlidar_driver) by extension 'python'
[0.268s] Level 1:colcon.colcon_core.package_identification:_identify(src/ldlidar_ros2/ldlidar_driver) by extensions ['python_setup_py']
[0.268s] Level 1:colcon.colcon_core.package_identification:_identify(src/ldlidar_ros2/ldlidar_driver) by extension 'python_setup_py'
[0.268s] Level 1:colcon.colcon_core.package_identification:_identify(src/ldlidar_ros2/ldlidar_driver/include) by extensions ['ignore', 'ignore_ament_install']
[0.268s] Level 1:colcon.colcon_core.package_identification:_identify(src/ldlidar_ros2/ldlidar_driver/include) by extension 'ignore'
[0.268s] Level 1:colcon.colcon_core.package_identification:_identify(src/ldlidar_ros2/ldlidar_driver/include) by extension 'ignore_ament_install'
[0.268s] Level 1:colcon.colcon_core.package_identification:_identify(src/ldlidar_ros2/ldlidar_driver/include) by extensions ['colcon_pkg']
[0.268s] Level 1:colcon.colcon_core.package_identification:_identify(src/ldlidar_ros2/ldlidar_driver/include) by extension 'colcon_pkg'
[0.268s] Level 1:colcon.colcon_core.package_identification:_identify(src/ldlidar_ros2/ldlidar_driver/include) by extensions ['colcon_meta']
[0.268s] Level 1:colcon.colcon_core.package_identification:_identify(src/ldlidar_ros2/ldlidar_driver/include) by extension 'colcon_meta'
[0.268s] Level 1:colcon.colcon_core.package_identification:_identify(src/ldlidar_ros2/ldlidar_driver/include) by extensions ['ros']
[0.268s] Level 1:colcon.colcon_core.package_identification:_identify(src/ldlidar_ros2/ldlidar_driver/include) by extension 'ros'
[0.268s] Level 1:colcon.colcon_core.package_identification:_identify(src/ldlidar_ros2/ldlidar_driver/include) by extensions ['cmake', 'python']
[0.268s] Level 1:colcon.colcon_core.package_identification:_identify(src/ldlidar_ros2/ldlidar_driver/include) by extension 'cmake'
[0.269s] Level 1:colcon.colcon_core.package_identification:_identify(src/ldlidar_ros2/ldlidar_driver/include) by extension 'python'
[0.269s] Level 1:colcon.colcon_core.package_identification:_identify(src/ldlidar_ros2/ldlidar_driver/include) by extensions ['python_setup_py']
[0.269s] Level 1:colcon.colcon_core.package_identification:_identify(src/ldlidar_ros2/ldlidar_driver/include) by extension 'python_setup_py'
[0.269s] Level 1:colcon.colcon_core.package_identification:_identify(src/ldlidar_ros2/ldlidar_driver/include/core) by extensions ['ignore', 'ignore_ament_install']
[0.269s] Level 1:colcon.colcon_core.package_identification:_identify(src/ldlidar_ros2/ldlidar_driver/include/core) by extension 'ignore'
[0.269s] Level 1:colcon.colcon_core.package_identification:_identify(src/ldlidar_ros2/ldlidar_driver/include/core) by extension 'ignore_ament_install'
[0.269s] Level 1:colcon.colcon_core.package_identification:_identify(src/ldlidar_ros2/ldlidar_driver/include/core) by extensions ['colcon_pkg']
[0.269s] Level 1:colcon.colcon_core.package_identification:_identify(src/ldlidar_ros2/ldlidar_driver/include/core) by extension 'colcon_pkg'
[0.269s] Level 1:colcon.colcon_core.package_identification:_identify(src/ldlidar_ros2/ldlidar_driver/include/core) by extensions ['colcon_meta']
[0.269s] Level 1:colcon.colcon_core.package_identification:_identify(src/ldlidar_ros2/ldlidar_driver/include/core) by extension 'colcon_meta'
[0.269s] Level 1:colcon.colcon_core.package_identification:_identify(src/ldlidar_ros2/ldlidar_driver/include/core) by extensions ['ros']
[0.269s] Level 1:colcon.colcon_core.package_identification:_identify(src/ldlidar_ros2/ldlidar_driver/include/core) by extension 'ros'
[0.269s] Level 1:colcon.colcon_core.package_identification:_identify(src/ldlidar_ros2/ldlidar_driver/include/core) by extensions ['cmake', 'python']
[0.269s] Level 1:colcon.colcon_core.package_identification:_identify(src/ldlidar_ros2/ldlidar_driver/include/core) by extension 'cmake'
[0.269s] Level 1:colcon.colcon_core.package_identification:_identify(src/ldlidar_ros2/ldlidar_driver/include/core) by extension 'python'
[0.270s] Level 1:colcon.colcon_core.package_identification:_identify(src/ldlidar_ros2/ldlidar_driver/include/core) by extensions ['python_setup_py']
[0.270s] Level 1:colcon.colcon_core.package_identification:_identify(src/ldlidar_ros2/ldlidar_driver/include/core) by extension 'python_setup_py'
[0.270s] Level 1:colcon.colcon_core.package_identification:_identify(src/ldlidar_ros2/ldlidar_driver/include/dataprocess) by extensions ['ignore', 'ignore_ament_install']
[0.270s] Level 1:colcon.colcon_core.package_identification:_identify(src/ldlidar_ros2/ldlidar_driver/include/dataprocess) by extension 'ignore'
[0.270s] Level 1:colcon.colcon_core.package_identification:_identify(src/ldlidar_ros2/ldlidar_driver/include/dataprocess) by extension 'ignore_ament_install'
[0.270s] Level 1:colcon.colcon_core.package_identification:_identify(src/ldlidar_ros2/ldlidar_driver/include/dataprocess) by extensions ['colcon_pkg']
[0.270s] Level 1:colcon.colcon_core.package_identification:_identify(src/ldlidar_ros2/ldlidar_driver/include/dataprocess) by extension 'colcon_pkg'
[0.270s] Level 1:colcon.colcon_core.package_identification:_identify(src/ldlidar_ros2/ldlidar_driver/include/dataprocess) by extensions ['colcon_meta']
[0.270s] Level 1:colcon.colcon_core.package_identification:_identify(src/ldlidar_ros2/ldlidar_driver/include/dataprocess) by extension 'colcon_meta'
[0.270s] Level 1:colcon.colcon_core.package_identification:_identify(src/ldlidar_ros2/ldlidar_driver/include/dataprocess) by extensions ['ros']
[0.270s] Level 1:colcon.colcon_core.package_identification:_identify(src/ldlidar_ros2/ldlidar_driver/include/dataprocess) by extension 'ros'
[0.270s] Level 1:colcon.colcon_core.package_identification:_identify(src/ldlidar_ros2/ldlidar_driver/include/dataprocess) by extensions ['cmake', 'python']
[0.270s] Level 1:colcon.colcon_core.package_identification:_identify(src/ldlidar_ros2/ldlidar_driver/include/dataprocess) by extension 'cmake'
[0.270s] Level 1:colcon.colcon_core.package_identification:_identify(src/ldlidar_ros2/ldlidar_driver/include/dataprocess) by extension 'python'
[0.270s] Level 1:colcon.colcon_core.package_identification:_identify(src/ldlidar_ros2/ldlidar_driver/include/dataprocess) by extensions ['python_setup_py']
[0.270s] Level 1:colcon.colcon_core.package_identification:_identify(src/ldlidar_ros2/ldlidar_driver/include/dataprocess) by extension 'python_setup_py'
[0.271s] Level 1:colcon.colcon_core.package_identification:_identify(src/ldlidar_ros2/ldlidar_driver/include/filter) by extensions ['ignore', 'ignore_ament_install']
[0.271s] Level 1:colcon.colcon_core.package_identification:_identify(src/ldlidar_ros2/ldlidar_driver/include/filter) by extension 'ignore'
[0.271s] Level 1:colcon.colcon_core.package_identification:_identify(src/ldlidar_ros2/ldlidar_driver/include/filter) by extension 'ignore_ament_install'
[0.271s] Level 1:colcon.colcon_core.package_identification:_identify(src/ldlidar_ros2/ldlidar_driver/include/filter) by extensions ['colcon_pkg']
[0.271s] Level 1:colcon.colcon_core.package_identification:_identify(src/ldlidar_ros2/ldlidar_driver/include/filter) by extension 'colcon_pkg'
[0.271s] Level 1:colcon.colcon_core.package_identification:_identify(src/ldlidar_ros2/ldlidar_driver/include/filter) by extensions ['colcon_meta']
[0.271s] Level 1:colcon.colcon_core.package_identification:_identify(src/ldlidar_ros2/ldlidar_driver/include/filter) by extension 'colcon_meta'
[0.271s] Level 1:colcon.colcon_core.package_identification:_identify(src/ldlidar_ros2/ldlidar_driver/include/filter) by extensions ['ros']
[0.271s] Level 1:colcon.colcon_core.package_identification:_identify(src/ldlidar_ros2/ldlidar_driver/include/filter) by extension 'ros'
[0.271s] Level 1:colcon.colcon_core.package_identification:_identify(src/ldlidar_ros2/ldlidar_driver/include/filter) by extensions ['cmake', 'python']
[0.271s] Level 1:colcon.colcon_core.package_identification:_identify(src/ldlidar_ros2/ldlidar_driver/include/filter) by extension 'cmake'
[0.271s] Level 1:colcon.colcon_core.package_identification:_identify(src/ldlidar_ros2/ldlidar_driver/include/filter) by extension 'python'
[0.271s] Level 1:colcon.colcon_core.package_identification:_identify(src/ldlidar_ros2/ldlidar_driver/include/filter) by extensions ['python_setup_py']
[0.271s] Level 1:colcon.colcon_core.package_identification:_identify(src/ldlidar_ros2/ldlidar_driver/include/filter) by extension 'python_setup_py'
[0.271s] Level 1:colcon.colcon_core.package_identification:_identify(src/ldlidar_ros2/ldlidar_driver/include/logger) by extensions ['ignore', 'ignore_ament_install']
[0.272s] Level 1:colcon.colcon_core.package_identification:_identify(src/ldlidar_ros2/ldlidar_driver/include/logger) by extension 'ignore'
[0.272s] Level 1:colcon.colcon_core.package_identification:_identify(src/ldlidar_ros2/ldlidar_driver/include/logger) by extension 'ignore_ament_install'
[0.272s] Level 1:colcon.colcon_core.package_identification:_identify(src/ldlidar_ros2/ldlidar_driver/include/logger) by extensions ['colcon_pkg']
[0.272s] Level 1:colcon.colcon_core.package_identification:_identify(src/ldlidar_ros2/ldlidar_driver/include/logger) by extension 'colcon_pkg'
[0.272s] Level 1:colcon.colcon_core.package_identification:_identify(src/ldlidar_ros2/ldlidar_driver/include/logger) by extensions ['colcon_meta']
[0.272s] Level 1:colcon.colcon_core.package_identification:_identify(src/ldlidar_ros2/ldlidar_driver/include/logger) by extension 'colcon_meta'
[0.272s] Level 1:colcon.colcon_core.package_identification:_identify(src/ldlidar_ros2/ldlidar_driver/include/logger) by extensions ['ros']
[0.272s] Level 1:colcon.colcon_core.package_identification:_identify(src/ldlidar_ros2/ldlidar_driver/include/logger) by extension 'ros'
[0.272s] Level 1:colcon.colcon_core.package_identification:_identify(src/ldlidar_ros2/ldlidar_driver/include/logger) by extensions ['cmake', 'python']
[0.272s] Level 1:colcon.colcon_core.package_identification:_identify(src/ldlidar_ros2/ldlidar_driver/include/logger) by extension 'cmake'
[0.272s] Level 1:colcon.colcon_core.package_identification:_identify(src/ldlidar_ros2/ldlidar_driver/include/logger) by extension 'python'
[0.272s] Level 1:colcon.colcon_core.package_identification:_identify(src/ldlidar_ros2/ldlidar_driver/include/logger) by extensions ['python_setup_py']
[0.273s] Level 1:colcon.colcon_core.package_identification:_identify(src/ldlidar_ros2/ldlidar_driver/include/logger) by extension 'python_setup_py'
[0.273s] Level 1:colcon.colcon_core.package_identification:_identify(src/ldlidar_ros2/ldlidar_driver/include/networkcom) by extensions ['ignore', 'ignore_ament_install']
[0.273s] Level 1:colcon.colcon_core.package_identification:_identify(src/ldlidar_ros2/ldlidar_driver/include/networkcom) by extension 'ignore'
[0.273s] Level 1:colcon.colcon_core.package_identification:_identify(src/ldlidar_ros2/ldlidar_driver/include/networkcom) by extension 'ignore_ament_install'
[0.273s] Level 1:colcon.colcon_core.package_identification:_identify(src/ldlidar_ros2/ldlidar_driver/include/networkcom) by extensions ['colcon_pkg']
[0.273s] Level 1:colcon.colcon_core.package_identification:_identify(src/ldlidar_ros2/ldlidar_driver/include/networkcom) by extension 'colcon_pkg'
[0.273s] Level 1:colcon.colcon_core.package_identification:_identify(src/ldlidar_ros2/ldlidar_driver/include/networkcom) by extensions ['colcon_meta']
[0.273s] Level 1:colcon.colcon_core.package_identification:_identify(src/ldlidar_ros2/ldlidar_driver/include/networkcom) by extension 'colcon_meta'
[0.273s] Level 1:colcon.colcon_core.package_identification:_identify(src/ldlidar_ros2/ldlidar_driver/include/networkcom) by extensions ['ros']
[0.273s] Level 1:colcon.colcon_core.package_identification:_identify(src/ldlidar_ros2/ldlidar_driver/include/networkcom) by extension 'ros'
[0.273s] Level 1:colcon.colcon_core.package_identification:_identify(src/ldlidar_ros2/ldlidar_driver/include/networkcom) by extensions ['cmake', 'python']
[0.273s] Level 1:colcon.colcon_core.package_identification:_identify(src/ldlidar_ros2/ldlidar_driver/include/networkcom) by extension 'cmake'
[0.273s] Level 1:colcon.colcon_core.package_identification:_identify(src/ldlidar_ros2/ldlidar_driver/include/networkcom) by extension 'python'
[0.273s] Level 1:colcon.colcon_core.package_identification:_identify(src/ldlidar_ros2/ldlidar_driver/include/networkcom) by extensions ['python_setup_py']
[0.273s] Level 1:colcon.colcon_core.package_identification:_identify(src/ldlidar_ros2/ldlidar_driver/include/networkcom) by extension 'python_setup_py'
[0.274s] Level 1:colcon.colcon_core.package_identification:_identify(src/ldlidar_ros2/ldlidar_driver/include/serialcom) by extensions ['ignore', 'ignore_ament_install']
[0.274s] Level 1:colcon.colcon_core.package_identification:_identify(src/ldlidar_ros2/ldlidar_driver/include/serialcom) by extension 'ignore'
[0.274s] Level 1:colcon.colcon_core.package_identification:_identify(src/ldlidar_ros2/ldlidar_driver/include/serialcom) by extension 'ignore_ament_install'
[0.274s] Level 1:colcon.colcon_core.package_identification:_identify(src/ldlidar_ros2/ldlidar_driver/include/serialcom) by extensions ['colcon_pkg']
[0.274s] Level 1:colcon.colcon_core.package_identification:_identify(src/ldlidar_ros2/ldlidar_driver/include/serialcom) by extension 'colcon_pkg'
[0.274s] Level 1:colcon.colcon_core.package_identification:_identify(src/ldlidar_ros2/ldlidar_driver/include/serialcom) by extensions ['colcon_meta']
[0.274s] Level 1:colcon.colcon_core.package_identification:_identify(src/ldlidar_ros2/ldlidar_driver/include/serialcom) by extension 'colcon_meta'
[0.274s] Level 1:colcon.colcon_core.package_identification:_identify(src/ldlidar_ros2/ldlidar_driver/include/serialcom) by extensions ['ros']
[0.274s] Level 1:colcon.colcon_core.package_identification:_identify(src/ldlidar_ros2/ldlidar_driver/include/serialcom) by extension 'ros'
[0.274s] Level 1:colcon.colcon_core.package_identification:_identify(src/ldlidar_ros2/ldlidar_driver/include/serialcom) by extensions ['cmake', 'python']
[0.274s] Level 1:colcon.colcon_core.package_identification:_identify(src/ldlidar_ros2/ldlidar_driver/include/serialcom) by extension 'cmake'
[0.274s] Level 1:colcon.colcon_core.package_identification:_identify(src/ldlidar_ros2/ldlidar_driver/include/serialcom) by extension 'python'
[0.274s] Level 1:colcon.colcon_core.package_identification:_identify(src/ldlidar_ros2/ldlidar_driver/include/serialcom) by extensions ['python_setup_py']
[0.274s] Level 1:colcon.colcon_core.package_identification:_identify(src/ldlidar_ros2/ldlidar_driver/include/serialcom) by extension 'python_setup_py'
[0.274s] Level 1:colcon.colcon_core.package_identification:_identify(src/ldlidar_ros2/ldlidar_driver/src) by extensions ['ignore', 'ignore_ament_install']
[0.275s] Level 1:colcon.colcon_core.package_identification:_identify(src/ldlidar_ros2/ldlidar_driver/src) by extension 'ignore'
[0.275s] Level 1:colcon.colcon_core.package_identification:_identify(src/ldlidar_ros2/ldlidar_driver/src) by extension 'ignore_ament_install'
[0.275s] Level 1:colcon.colcon_core.package_identification:_identify(src/ldlidar_ros2/ldlidar_driver/src) by extensions ['colcon_pkg']
[0.275s] Level 1:colcon.colcon_core.package_identification:_identify(src/ldlidar_ros2/ldlidar_driver/src) by extension 'colcon_pkg'
[0.275s] Level 1:colcon.colcon_core.package_identification:_identify(src/ldlidar_ros2/ldlidar_driver/src) by extensions ['colcon_meta']
[0.275s] Level 1:colcon.colcon_core.package_identification:_identify(src/ldlidar_ros2/ldlidar_driver/src) by extension 'colcon_meta'
[0.275s] Level 1:colcon.colcon_core.package_identification:_identify(src/ldlidar_ros2/ldlidar_driver/src) by extensions ['ros']
[0.275s] Level 1:colcon.colcon_core.package_identification:_identify(src/ldlidar_ros2/ldlidar_driver/src) by extension 'ros'
[0.275s] Level 1:colcon.colcon_core.package_identification:_identify(src/ldlidar_ros2/ldlidar_driver/src) by extensions ['cmake', 'python']
[0.275s] Level 1:colcon.colcon_core.package_identification:_identify(src/ldlidar_ros2/ldlidar_driver/src) by extension 'cmake'
[0.275s] Level 1:colcon.colcon_core.package_identification:_identify(src/ldlidar_ros2/ldlidar_driver/src) by extension 'python'
[0.275s] Level 1:colcon.colcon_core.package_identification:_identify(src/ldlidar_ros2/ldlidar_driver/src) by extensions ['python_setup_py']
[0.275s] Level 1:colcon.colcon_core.package_identification:_identify(src/ldlidar_ros2/ldlidar_driver/src) by extension 'python_setup_py'
[0.275s] Level 1:colcon.colcon_core.package_identification:_identify(src/ldlidar_ros2/ldlidar_driver/src/core) by extensions ['ignore', 'ignore_ament_install']
[0.275s] Level 1:colcon.colcon_core.package_identification:_identify(src/ldlidar_ros2/ldlidar_driver/src/core) by extension 'ignore'
[0.276s] Level 1:colcon.colcon_core.package_identification:_identify(src/ldlidar_ros2/ldlidar_driver/src/core) by extension 'ignore_ament_install'
[0.276s] Level 1:colcon.colcon_core.package_identification:_identify(src/ldlidar_ros2/ldlidar_driver/src/core) by extensions ['colcon_pkg']
[0.276s] Level 1:colcon.colcon_core.package_identification:_identify(src/ldlidar_ros2/ldlidar_driver/src/core) by extension 'colcon_pkg'
[0.276s] Level 1:colcon.colcon_core.package_identification:_identify(src/ldlidar_ros2/ldlidar_driver/src/core) by extensions ['colcon_meta']
[0.276s] Level 1:colcon.colcon_core.package_identification:_identify(src/ldlidar_ros2/ldlidar_driver/src/core) by extension 'colcon_meta'
[0.276s] Level 1:colcon.colcon_core.package_identification:_identify(src/ldlidar_ros2/ldlidar_driver/src/core) by extensions ['ros']
[0.276s] Level 1:colcon.colcon_core.package_identification:_identify(src/ldlidar_ros2/ldlidar_driver/src/core) by extension 'ros'
[0.276s] Level 1:colcon.colcon_core.package_identification:_identify(src/ldlidar_ros2/ldlidar_driver/src/core) by extensions ['cmake', 'python']
[0.276s] Level 1:colcon.colcon_core.package_identification:_identify(src/ldlidar_ros2/ldlidar_driver/src/core) by extension 'cmake'
[0.276s] Level 1:colcon.colcon_core.package_identification:_identify(src/ldlidar_ros2/ldlidar_driver/src/core) by extension 'python'
[0.276s] Level 1:colcon.colcon_core.package_identification:_identify(src/ldlidar_ros2/ldlidar_driver/src/core) by extensions ['python_setup_py']
[0.276s] Level 1:colcon.colcon_core.package_identification:_identify(src/ldlidar_ros2/ldlidar_driver/src/core) by extension 'python_setup_py'
[0.276s] Level 1:colcon.colcon_core.package_identification:_identify(src/ldlidar_ros2/ldlidar_driver/src/dataprocess) by extensions ['ignore', 'ignore_ament_install']
[0.276s] Level 1:colcon.colcon_core.package_identification:_identify(src/ldlidar_ros2/ldlidar_driver/src/dataprocess) by extension 'ignore'
[0.276s] Level 1:colcon.colcon_core.package_identification:_identify(src/ldlidar_ros2/ldlidar_driver/src/dataprocess) by extension 'ignore_ament_install'
[0.277s] Level 1:colcon.colcon_core.package_identification:_identify(src/ldlidar_ros2/ldlidar_driver/src/dataprocess) by extensions ['colcon_pkg']
[0.277s] Level 1:colcon.colcon_core.package_identification:_identify(src/ldlidar_ros2/ldlidar_driver/src/dataprocess) by extension 'colcon_pkg'
[0.277s] Level 1:colcon.colcon_core.package_identification:_identify(src/ldlidar_ros2/ldlidar_driver/src/dataprocess) by extensions ['colcon_meta']
[0.277s] Level 1:colcon.colcon_core.package_identification:_identify(src/ldlidar_ros2/ldlidar_driver/src/dataprocess) by extension 'colcon_meta'
[0.277s] Level 1:colcon.colcon_core.package_identification:_identify(src/ldlidar_ros2/ldlidar_driver/src/dataprocess) by extensions ['ros']
[0.277s] Level 1:colcon.colcon_core.package_identification:_identify(src/ldlidar_ros2/ldlidar_driver/src/dataprocess) by extension 'ros'
[0.277s] Level 1:colcon.colcon_core.package_identification:_identify(src/ldlidar_ros2/ldlidar_driver/src/dataprocess) by extensions ['cmake', 'python']
[0.277s] Level 1:colcon.colcon_core.package_identification:_identify(src/ldlidar_ros2/ldlidar_driver/src/dataprocess) by extension 'cmake'
[0.277s] Level 1:colcon.colcon_core.package_identification:_identify(src/ldlidar_ros2/ldlidar_driver/src/dataprocess) by extension 'python'
[0.277s] Level 1:colcon.colcon_core.package_identification:_identify(src/ldlidar_ros2/ldlidar_driver/src/dataprocess) by extensions ['python_setup_py']
[0.277s] Level 1:colcon.colcon_core.package_identification:_identify(src/ldlidar_ros2/ldlidar_driver/src/dataprocess) by extension 'python_setup_py'
[0.277s] Level 1:colcon.colcon_core.package_identification:_identify(src/ldlidar_ros2/ldlidar_driver/src/filter) by extensions ['ignore', 'ignore_ament_install']
[0.277s] Level 1:colcon.colcon_core.package_identification:_identify(src/ldlidar_ros2/ldlidar_driver/src/filter) by extension 'ignore'
[0.277s] Level 1:colcon.colcon_core.package_identification:_identify(src/ldlidar_ros2/ldlidar_driver/src/filter) by extension 'ignore_ament_install'
[0.277s] Level 1:colcon.colcon_core.package_identification:_identify(src/ldlidar_ros2/ldlidar_driver/src/filter) by extensions ['colcon_pkg']
[0.278s] Level 1:colcon.colcon_core.package_identification:_identify(src/ldlidar_ros2/ldlidar_driver/src/filter) by extension 'colcon_pkg'
[0.278s] Level 1:colcon.colcon_core.package_identification:_identify(src/ldlidar_ros2/ldlidar_driver/src/filter) by extensions ['colcon_meta']
[0.278s] Level 1:colcon.colcon_core.package_identification:_identify(src/ldlidar_ros2/ldlidar_driver/src/filter) by extension 'colcon_meta'
[0.278s] Level 1:colcon.colcon_core.package_identification:_identify(src/ldlidar_ros2/ldlidar_driver/src/filter) by extensions ['ros']
[0.278s] Level 1:colcon.colcon_core.package_identification:_identify(src/ldlidar_ros2/ldlidar_driver/src/filter) by extension 'ros'
[0.278s] Level 1:colcon.colcon_core.package_identification:_identify(src/ldlidar_ros2/ldlidar_driver/src/filter) by extensions ['cmake', 'python']
[0.278s] Level 1:colcon.colcon_core.package_identification:_identify(src/ldlidar_ros2/ldlidar_driver/src/filter) by extension 'cmake'
[0.278s] Level 1:colcon.colcon_core.package_identification:_identify(src/ldlidar_ros2/ldlidar_driver/src/filter) by extension 'python'
[0.278s] Level 1:colcon.colcon_core.package_identification:_identify(src/ldlidar_ros2/ldlidar_driver/src/filter) by extensions ['python_setup_py']
[0.278s] Level 1:colcon.colcon_core.package_identification:_identify(src/ldlidar_ros2/ldlidar_driver/src/filter) by extension 'python_setup_py'
[0.278s] Level 1:colcon.colcon_core.package_identification:_identify(src/ldlidar_ros2/ldlidar_driver/src/logger) by extensions ['ignore', 'ignore_ament_install']
[0.278s] Level 1:colcon.colcon_core.package_identification:_identify(src/ldlidar_ros2/ldlidar_driver/src/logger) by extension 'ignore'
[0.279s] Level 1:colcon.colcon_core.package_identification:_identify(src/ldlidar_ros2/ldlidar_driver/src/logger) by extension 'ignore_ament_install'
[0.279s] Level 1:colcon.colcon_core.package_identification:_identify(src/ldlidar_ros2/ldlidar_driver/src/logger) by extensions ['colcon_pkg']
[0.279s] Level 1:colcon.colcon_core.package_identification:_identify(src/ldlidar_ros2/ldlidar_driver/src/logger) by extension 'colcon_pkg'
[0.279s] Level 1:colcon.colcon_core.package_identification:_identify(src/ldlidar_ros2/ldlidar_driver/src/logger) by extensions ['colcon_meta']
[0.279s] Level 1:colcon.colcon_core.package_identification:_identify(src/ldlidar_ros2/ldlidar_driver/src/logger) by extension 'colcon_meta'
[0.279s] Level 1:colcon.colcon_core.package_identification:_identify(src/ldlidar_ros2/ldlidar_driver/src/logger) by extensions ['ros']
[0.279s] Level 1:colcon.colcon_core.package_identification:_identify(src/ldlidar_ros2/ldlidar_driver/src/logger) by extension 'ros'
[0.279s] Level 1:colcon.colcon_core.package_identification:_identify(src/ldlidar_ros2/ldlidar_driver/src/logger) by extensions ['cmake', 'python']
[0.279s] Level 1:colcon.colcon_core.package_identification:_identify(src/ldlidar_ros2/ldlidar_driver/src/logger) by extension 'cmake'
[0.279s] Level 1:colcon.colcon_core.package_identification:_identify(src/ldlidar_ros2/ldlidar_driver/src/logger) by extension 'python'
[0.279s] Level 1:colcon.colcon_core.package_identification:_identify(src/ldlidar_ros2/ldlidar_driver/src/logger) by extensions ['python_setup_py']
[0.279s] Level 1:colcon.colcon_core.package_identification:_identify(src/ldlidar_ros2/ldlidar_driver/src/logger) by extension 'python_setup_py'
[0.279s] Level 1:colcon.colcon_core.package_identification:_identify(src/ldlidar_ros2/ldlidar_driver/src/networkcom) by extensions ['ignore', 'ignore_ament_install']
[0.279s] Level 1:colcon.colcon_core.package_identification:_identify(src/ldlidar_ros2/ldlidar_driver/src/networkcom) by extension 'ignore'
[0.280s] Level 1:colcon.colcon_core.package_identification:_identify(src/ldlidar_ros2/ldlidar_driver/src/networkcom) by extension 'ignore_ament_install'
[0.280s] Level 1:colcon.colcon_core.package_identification:_identify(src/ldlidar_ros2/ldlidar_driver/src/networkcom) by extensions ['colcon_pkg']
[0.280s] Level 1:colcon.colcon_core.package_identification:_identify(src/ldlidar_ros2/ldlidar_driver/src/networkcom) by extension 'colcon_pkg'
[0.280s] Level 1:colcon.colcon_core.package_identification:_identify(src/ldlidar_ros2/ldlidar_driver/src/networkcom) by extensions ['colcon_meta']
[0.280s] Level 1:colcon.colcon_core.package_identification:_identify(src/ldlidar_ros2/ldlidar_driver/src/networkcom) by extension 'colcon_meta'
[0.280s] Level 1:colcon.colcon_core.package_identification:_identify(src/ldlidar_ros2/ldlidar_driver/src/networkcom) by extensions ['ros']
[0.280s] Level 1:colcon.colcon_core.package_identification:_identify(src/ldlidar_ros2/ldlidar_driver/src/networkcom) by extension 'ros'
[0.280s] Level 1:colcon.colcon_core.package_identification:_identify(src/ldlidar_ros2/ldlidar_driver/src/networkcom) by extensions ['cmake', 'python']
[0.280s] Level 1:colcon.colcon_core.package_identification:_identify(src/ldlidar_ros2/ldlidar_driver/src/networkcom) by extension 'cmake'
[0.280s] Level 1:colcon.colcon_core.package_identification:_identify(src/ldlidar_ros2/ldlidar_driver/src/networkcom) by extension 'python'
[0.280s] Level 1:colcon.colcon_core.package_identification:_identify(src/ldlidar_ros2/ldlidar_driver/src/networkcom) by extensions ['python_setup_py']
[0.280s] Level 1:colcon.colcon_core.package_identification:_identify(src/ldlidar_ros2/ldlidar_driver/src/networkcom) by extension 'python_setup_py'
[0.280s] Level 1:colcon.colcon_core.package_identification:_identify(src/ldlidar_ros2/ldlidar_driver/src/serialcom) by extensions ['ignore', 'ignore_ament_install']
[0.280s] Level 1:colcon.colcon_core.package_identification:_identify(src/ldlidar_ros2/ldlidar_driver/src/serialcom) by extension 'ignore'
[0.280s] Level 1:colcon.colcon_core.package_identification:_identify(src/ldlidar_ros2/ldlidar_driver/src/serialcom) by extension 'ignore_ament_install'
[0.281s] Level 1:colcon.colcon_core.package_identification:_identify(src/ldlidar_ros2/ldlidar_driver/src/serialcom) by extensions ['colcon_pkg']
[0.281s] Level 1:colcon.colcon_core.package_identification:_identify(src/ldlidar_ros2/ldlidar_driver/src/serialcom) by extension 'colcon_pkg'
[0.281s] Level 1:colcon.colcon_core.package_identification:_identify(src/ldlidar_ros2/ldlidar_driver/src/serialcom) by extensions ['colcon_meta']
[0.281s] Level 1:colcon.colcon_core.package_identification:_identify(src/ldlidar_ros2/ldlidar_driver/src/serialcom) by extension 'colcon_meta'
[0.281s] Level 1:colcon.colcon_core.package_identification:_identify(src/ldlidar_ros2/ldlidar_driver/src/serialcom) by extensions ['ros']
[0.281s] Level 1:colcon.colcon_core.package_identification:_identify(src/ldlidar_ros2/ldlidar_driver/src/serialcom) by extension 'ros'
[0.281s] Level 1:colcon.colcon_core.package_identification:_identify(src/ldlidar_ros2/ldlidar_driver/src/serialcom) by extensions ['cmake', 'python']
[0.281s] Level 1:colcon.colcon_core.package_identification:_identify(src/ldlidar_ros2/ldlidar_driver/src/serialcom) by extension 'cmake'
[0.281s] Level 1:colcon.colcon_core.package_identification:_identify(src/ldlidar_ros2/ldlidar_driver/src/serialcom) by extension 'python'
[0.281s] Level 1:colcon.colcon_core.package_identification:_identify(src/ldlidar_ros2/ldlidar_driver/src/serialcom) by extensions ['python_setup_py']
[0.281s] Level 1:colcon.colcon_core.package_identification:_identify(src/ldlidar_ros2/ldlidar_driver/src/serialcom) by extension 'python_setup_py'
[0.281s] Level 1:colcon.colcon_core.package_identification:_identify(src/sensor_bringup) by extensions ['ignore', 'ignore_ament_install']
[0.281s] Level 1:colcon.colcon_core.package_identification:_identify(src/sensor_bringup) by extension 'ignore'
[0.281s] Level 1:colcon.colcon_core.package_identification:_identify(src/sensor_bringup) by extension 'ignore_ament_install'
[0.281s] Level 1:colcon.colcon_core.package_identification:_identify(src/sensor_bringup) by extensions ['colcon_pkg']
[0.281s] Level 1:colcon.colcon_core.package_identification:_identify(src/sensor_bringup) by extension 'colcon_pkg'
[0.281s] Level 1:colcon.colcon_core.package_identification:_identify(src/sensor_bringup) by extensions ['colcon_meta']
[0.281s] Level 1:colcon.colcon_core.package_identification:_identify(src/sensor_bringup) by extension 'colcon_meta'
[0.282s] Level 1:colcon.colcon_core.package_identification:_identify(src/sensor_bringup) by extensions ['ros']
[0.282s] Level 1:colcon.colcon_core.package_identification:_identify(src/sensor_bringup) by extension 'ros'
[0.283s] DEBUG:colcon.colcon_core.package_identification:Package 'src/sensor_bringup' with type 'ros.ament_python' and name 'sensor_bringup'
[0.283s] Level 1:colcon.colcon_core.package_discovery:discover_packages(recursive) using defaults
[0.283s] Level 1:colcon.colcon_core.package_discovery:discover_packages(ignore) discover
[0.283s] Level 1:colcon.colcon_core.package_discovery:discover_packages(ignore) using defaults
[0.283s] Level 1:colcon.colcon_core.package_discovery:discover_packages(path) discover
[0.284s] Level 1:colcon.colcon_core.package_discovery:discover_packages(path) using defaults
[0.310s] INFO:colcon.colcon_core.package_selection:Skipping not selected package 'imu_ros2_device' in 'src/imu_ros2_device'
[0.310s] INFO:colcon.colcon_core.package_selection:Skipping not selected package 'ldlidar' in 'src/ldlidar_ros2/ldlidar'
[0.310s] INFO:colcon.colcon_core.package_selection:Skipping not selected package 'sensor_bringup' in 'src/sensor_bringup'
[0.310s] Level 1:colcon.colcon_core.package_discovery:discover_packages(prefix_path) check parameters
[0.310s] Level 1:colcon.colcon_core.package_discovery:discover_packages(prefix_path) discover
[0.314s] DEBUG:colcon.colcon_installed_package_information.package_discovery:Found 286 installed packages in /opt/ros/jazzy
[0.315s] Level 1:colcon.colcon_core.package_discovery:discover_packages(prefix_path) using defaults
[0.373s] Level 5:colcon.colcon_core.verb:set package 'agv_control' build argument 'cmake_args' from command line to 'None'
[0.373s] Level 5:colcon.colcon_core.verb:set package 'agv_control' build argument 'cmake_target' from command line to 'None'
[0.373s] Level 5:colcon.colcon_core.verb:set package 'agv_control' build argument 'cmake_target_skip_unavailable' from command line to 'False'
[0.373s] Level 5:colcon.colcon_core.verb:set package 'agv_control' build argument 'cmake_clean_cache' from command line to 'False'
[0.373s] Level 5:colcon.colcon_core.verb:set package 'agv_control' build argument 'cmake_clean_first' from command line to 'False'
[0.373s] Level 5:colcon.colcon_core.verb:set package 'agv_control' build argument 'cmake_force_configure' from command line to 'False'
[0.374s] Level 5:colcon.colcon_core.verb:set package 'agv_control' build argument 'ament_cmake_args' from command line to 'None'
[0.374s] Level 5:colcon.colcon_core.verb:set package 'agv_control' build argument 'catkin_cmake_args' from command line to 'None'
[0.374s] Level 5:colcon.colcon_core.verb:set package 'agv_control' build argument 'catkin_skip_building_tests' from command line to 'False'
[0.374s] DEBUG:colcon.colcon_core.verb:Building package 'agv_control' with the following arguments: {'ament_cmake_args': None, 'build_base': '/home/kenbio/sensor_ws/build/agv_control', 'catkin_cmake_args': None, 'catkin_skip_building_tests': False, 'cmake_args': None, 'cmake_clean_cache': False, 'cmake_clean_first': False, 'cmake_force_configure': False, 'cmake_target': None, 'cmake_target_skip_unavailable': False, 'install_base': '/home/kenbio/sensor_ws/install/agv_control', 'merge_install': False, 'path': '/home/kenbio/sensor_ws/src/agv_control', 'symlink_install': False, 'test_result_base': None}
[0.374s] INFO:colcon.colcon_core.executor:Executing jobs using 'parallel' executor
[0.375s] DEBUG:colcon.colcon_parallel_executor.executor.parallel:run_until_complete
[0.375s] INFO:colcon.colcon_ros.task.ament_python.build:Building ROS package in '/home/kenbio/sensor_ws/src/agv_control' with build type 'ament_python'
[0.375s] Level 1:colcon.colcon_core.shell:create_environment_hook('agv_control', 'ament_prefix_path')
[0.378s] INFO:colcon.colcon_core.plugin_system:Skipping extension 'colcon_core.shell.bat': Not used on non-Windows systems
[0.378s] INFO:colcon.colcon_core.shell:Creating environment hook '/home/kenbio/sensor_ws/install/agv_control/share/agv_control/hook/ament_prefix_path.ps1'
[0.379s] INFO:colcon.colcon_core.shell:Creating environment descriptor '/home/kenbio/sensor_ws/install/agv_control/share/agv_control/hook/ament_prefix_path.dsv'
[0.380s] INFO:colcon.colcon_core.shell:Creating environment hook '/home/kenbio/sensor_ws/install/agv_control/share/agv_control/hook/ament_prefix_path.sh'
[0.380s] INFO:colcon.colcon_core.shell:Skip shell extension 'powershell' for command environment: Not usable outside of PowerShell
[0.380s] DEBUG:colcon.colcon_core.shell:Skip shell extension 'dsv' for command environment
[0.667s] INFO:colcon.colcon_core.task.python.build:Building Python package in '/home/kenbio/sensor_ws/src/agv_control'
[0.668s] INFO:colcon.colcon_core.shell:Skip shell extension 'powershell' for command environment: Not usable outside of PowerShell
[0.668s] DEBUG:colcon.colcon_core.shell:Skip shell extension 'dsv' for command environment
[1.463s] DEBUG:colcon.colcon_core.event_handler.log_command:Invoking command in '/home/kenbio/sensor_ws/src/agv_control': DEBUGINFOD_URLS=https://debuginfod.ubuntu.com PYTHONPATH=/home/kenbio/sensor_ws/build/agv_control/prefix_override:/usr/lib/python3/dist-packages/colcon_core/task/python/colcon_distutils_commands:/home/kenbio/sensor_ws/install/agv_control/lib/python3.12/site-packages:${PYTHONPATH} /usr/bin/python3 -W ignore:setup.py install is deprecated -W ignore:easy_install command is deprecated setup.py egg_info --egg-base ../../build/agv_control build --build-base /home/kenbio/sensor_ws/build/agv_control/build install --record /home/kenbio/sensor_ws/build/agv_control/install.log --single-version-externally-managed install_data
[2.307s] DEBUG:colcon.colcon_core.event_handler.log_command:Invoked command in '/home/kenbio/sensor_ws/src/agv_control' returned '0': DEBUGINFOD_URLS=https://debuginfod.ubuntu.com PYTHONPATH=/home/kenbio/sensor_ws/build/agv_control/prefix_override:/usr/lib/python3/dist-packages/colcon_core/task/python/colcon_distutils_commands:/home/kenbio/sensor_ws/install/agv_control/lib/python3.12/site-packages:${PYTHONPATH} /usr/bin/python3 -W ignore:setup.py install is deprecated -W ignore:easy_install command is deprecated setup.py egg_info --egg-base ../../build/agv_control build --build-base /home/kenbio/sensor_ws/build/agv_control/build install --record /home/kenbio/sensor_ws/build/agv_control/install.log --single-version-externally-managed install_data
[2.310s] Level 1:colcon.colcon_core.environment:checking '/home/kenbio/sensor_ws/install/agv_control' for CMake module files
[2.310s] Level 1:colcon.colcon_core.environment:checking '/home/kenbio/sensor_ws/install/agv_control' for CMake config files
[2.311s] Level 1:colcon.colcon_core.environment:checking '/home/kenbio/sensor_ws/install/agv_control/lib'
[2.311s] Level 1:colcon.colcon_core.environment:checking '/home/kenbio/sensor_ws/install/agv_control/bin'
[2.311s] Level 1:colcon.colcon_core.environment:checking '/home/kenbio/sensor_ws/install/agv_control/lib/pkgconfig/agv_control.pc'
[2.312s] Level 1:colcon.colcon_core.environment:checking '/home/kenbio/sensor_ws/install/agv_control/lib/python3.12/site-packages'
[2.312s] Level 1:colcon.colcon_core.shell:create_environment_hook('agv_control', 'pythonpath')
[2.312s] INFO:colcon.colcon_core.shell:Creating environment hook '/home/kenbio/sensor_ws/install/agv_control/share/agv_control/hook/pythonpath.ps1'
[2.313s] INFO:colcon.colcon_core.shell:Creating environment descriptor '/home/kenbio/sensor_ws/install/agv_control/share/agv_control/hook/pythonpath.dsv'
[2.313s] INFO:colcon.colcon_core.shell:Creating environment hook '/home/kenbio/sensor_ws/install/agv_control/share/agv_control/hook/pythonpath.sh'
[2.314s] Level 1:colcon.colcon_core.environment:checking '/home/kenbio/sensor_ws/install/agv_control/bin'
[2.314s] Level 1:colcon.colcon_core.environment:create_environment_scripts_only(agv_control)
[2.314s] INFO:colcon.colcon_core.shell:Creating package script '/home/kenbio/sensor_ws/install/agv_control/share/agv_control/package.ps1'
[2.316s] INFO:colcon.colcon_core.shell:Creating package descriptor '/home/kenbio/sensor_ws/install/agv_control/share/agv_control/package.dsv'
[2.316s] INFO:colcon.colcon_core.shell:Creating package script '/home/kenbio/sensor_ws/install/agv_control/share/agv_control/package.sh'
[2.317s] INFO:colcon.colcon_core.shell:Creating package script '/home/kenbio/sensor_ws/install/agv_control/share/agv_control/package.bash'
[2.318s] INFO:colcon.colcon_core.shell:Creating package script '/home/kenbio/sensor_ws/install/agv_control/share/agv_control/package.zsh'
[2.319s] Level 1:colcon.colcon_core.environment:create_file_with_runtime_dependencies(/home/kenbio/sensor_ws/install/agv_control/share/colcon-core/packages/agv_control)
[2.319s] DEBUG:colcon.colcon_parallel_executor.executor.parallel:closing loop
[2.319s] DEBUG:colcon.colcon_parallel_executor.executor.parallel:loop closed
[2.319s] DEBUG:colcon.colcon_parallel_executor.executor.parallel:run_until_complete finished with '0'
[2.320s] DEBUG:colcon.colcon_core.event_reactor:joining thread
[2.320s] DEBUG:colcon.colcon_core.event_reactor:joined thread
[2.320s] INFO:colcon.colcon_core.shell:Creating prefix script '/home/kenbio/sensor_ws/install/local_setup.ps1'
[2.322s] INFO:colcon.colcon_core.shell:Creating prefix util module '/home/kenbio/sensor_ws/install/_local_setup_util_ps1.py'
[2.323s] INFO:colcon.colcon_core.shell:Creating prefix chain script '/home/kenbio/sensor_ws/install/setup.ps1'
[2.324s] INFO:colcon.colcon_core.shell:Creating prefix script '/home/kenbio/sensor_ws/install/local_setup.sh'
[2.325s] INFO:colcon.colcon_core.shell:Creating prefix util module '/home/kenbio/sensor_ws/install/_local_setup_util_sh.py'
[2.326s] INFO:colcon.colcon_core.shell:Creating prefix chain script '/home/kenbio/sensor_ws/install/setup.sh'
[2.327s] INFO:colcon.colcon_core.shell:Creating prefix script '/home/kenbio/sensor_ws/install/local_setup.bash'
[2.327s] INFO:colcon.colcon_core.shell:Creating prefix chain script '/home/kenbio/sensor_ws/install/setup.bash'
[2.328s] INFO:colcon.colcon_core.shell:Creating prefix script '/home/kenbio/sensor_ws/install/local_setup.zsh'
[2.328s] INFO:colcon.colcon_core.shell:Creating prefix chain script '/home/kenbio/sensor_ws/install/setup.zsh'
