/home/kenbio/sensor_ws/install/imu_ros2_device/lib/python3.12/site-packages/imu_ros2_device/__init__.py
/home/kenbio/sensor_ws/install/imu_ros2_device/lib/python3.12/site-packages/imu_ros2_device/ybimu_driver.py
/home/kenbio/sensor_ws/install/imu_ros2_device/lib/python3.12/site-packages/imu_ros2_device/vendor_ybimu/YbImuSerialLib.py
/home/kenbio/sensor_ws/install/imu_ros2_device/lib/python3.12/site-packages/imu_ros2_device/vendor_ybimu/__init__.py
/home/kenbio/sensor_ws/install/imu_ros2_device/lib/python3.12/site-packages/imu_ros2_device/__pycache__/__init__.cpython-312.pyc
/home/kenbio/sensor_ws/install/imu_ros2_device/lib/python3.12/site-packages/imu_ros2_device/__pycache__/ybimu_driver.cpython-312.pyc
/home/kenbio/sensor_ws/install/imu_ros2_device/lib/python3.12/site-packages/imu_ros2_device/vendor_ybimu/__pycache__/YbImuSerialLib.cpython-312.pyc
/home/kenbio/sensor_ws/install/imu_ros2_device/lib/python3.12/site-packages/imu_ros2_device/vendor_ybimu/__pycache__/__init__.cpython-312.pyc
/home/kenbio/sensor_ws/install/imu_ros2_device/share/ament_index/resource_index/packages/imu_ros2_device
/home/kenbio/sensor_ws/install/imu_ros2_device/share/imu_ros2_device/package.xml
/home/kenbio/sensor_ws/install/imu_ros2_device/share/imu_ros2_device/launch/ybimu_display.launch.py
/home/kenbio/sensor_ws/install/imu_ros2_device/share/imu_ros2_device/rviz
/home/kenbio/sensor_ws/install/imu_ros2_device/share/imu_ros2_device/config/imu_filter_param(1).yaml
/home/kenbio/sensor_ws/install/imu_ros2_device/share/imu_ros2_device/config/imu_filter_param.yaml
/home/kenbio/sensor_ws/install/imu_ros2_device/lib/python3.12/site-packages/imu_ros2_device-0.0.1-py3.12.egg-info/top_level.txt
/home/kenbio/sensor_ws/install/imu_ros2_device/lib/python3.12/site-packages/imu_ros2_device-0.0.1-py3.12.egg-info/dependency_links.txt
/home/kenbio/sensor_ws/install/imu_ros2_device/lib/python3.12/site-packages/imu_ros2_device-0.0.1-py3.12.egg-info/PKG-INFO
/home/kenbio/sensor_ws/install/imu_ros2_device/lib/python3.12/site-packages/imu_ros2_device-0.0.1-py3.12.egg-info/zip-safe
/home/kenbio/sensor_ws/install/imu_ros2_device/lib/python3.12/site-packages/imu_ros2_device-0.0.1-py3.12.egg-info/SOURCES.txt
/home/kenbio/sensor_ws/install/imu_ros2_device/lib/python3.12/site-packages/imu_ros2_device-0.0.1-py3.12.egg-info/entry_points.txt
/home/kenbio/sensor_ws/install/imu_ros2_device/lib/python3.12/site-packages/imu_ros2_device-0.0.1-py3.12.egg-info/requires.txt
/home/kenbio/sensor_ws/install/imu_ros2_device/lib/imu_ros2_device/ybimu_driver
