[0.019s] Invoking command in '/home/kenbio/sensor_ws/build/ldlidar': CMAKE_PREFIX_PATH=${CMAKE_PREFIX_PATH}:/opt/ros/jazzy /usr/bin/cmake --build /home/kenbio/sensor_ws/build/ldlidar -- -j4 -l4
[0.241s] [100%] Built target ldlidar
[0.262s] Invoked command in '/home/kenbio/sensor_ws/build/ldlidar' returned '0': CMAKE_PREFIX_PATH=${CMAKE_PREFIX_PATH}:/opt/ros/jazzy /usr/bin/cmake --build /home/kenbio/sensor_ws/build/ldlidar -- -j4 -l4
[0.280s] Invoking command in '/home/kenbio/sensor_ws/build/ldlidar': CMAKE_PREFIX_PATH=${CMAKE_PREFIX_PATH}:/opt/ros/jazzy /usr/bin/cmake --install /home/kenbio/sensor_ws/build/ldlidar
[0.293s] -- Install configuration: ""
[0.294s] -- Up-to-date: /home/kenbio/sensor_ws/install/ldlidar/lib/ldlidar/ldlidar
[0.295s] -- Up-to-date: /home/kenbio/sensor_ws/install/ldlidar/share/ldlidar//launch
[0.295s] -- Up-to-date: /home/kenbio/sensor_ws/install/ldlidar/share/ldlidar//launch/stl26.launch.py
[0.295s] -- Up-to-date: /home/kenbio/sensor_ws/install/ldlidar/share/ldlidar//launch/viewer_ld19.launch.py
[0.295s] -- Up-to-date: /home/kenbio/sensor_ws/install/ldlidar/share/ldlidar//launch/viewer_stl27l.launch.py
[0.295s] -- Up-to-date: /home/kenbio/sensor_ws/install/ldlidar/share/ldlidar//launch/stl06nnet.launch.py
[0.295s] -- Up-to-date: /home/kenbio/sensor_ws/install/ldlidar/share/ldlidar//launch/viewer_stl06p.launch.py
[0.295s] -- Up-to-date: /home/kenbio/sensor_ws/install/ldlidar/share/ldlidar//launch/stl19pnet.launch.py
[0.296s] -- Up-to-date: /home/kenbio/sensor_ws/install/ldlidar/share/ldlidar//launch/viewer_ld06.launch.py
[0.296s] -- Up-to-date: /home/kenbio/sensor_ws/install/ldlidar/share/ldlidar//launch/ld19.launch.py
[0.296s] -- Up-to-date: /home/kenbio/sensor_ws/install/ldlidar/share/ldlidar//launch/stl27l.launch.py
[0.296s] -- Up-to-date: /home/kenbio/sensor_ws/install/ldlidar/share/ldlidar//launch/stl06n.launch.py
[0.296s] -- Up-to-date: /home/kenbio/sensor_ws/install/ldlidar/share/ldlidar//launch/viewer_stl06n.launch.py
[0.297s] -- Up-to-date: /home/kenbio/sensor_ws/install/ldlidar/share/ldlidar//launch/viewer_stl26.launch.py
[0.297s] -- Up-to-date: /home/kenbio/sensor_ws/install/ldlidar/share/ldlidar//launch/ld06net.launch.py
[0.297s] -- Up-to-date: /home/kenbio/sensor_ws/install/ldlidar/share/ldlidar//launch/stl19p.launch.py
[0.297s] -- Up-to-date: /home/kenbio/sensor_ws/install/ldlidar/share/ldlidar//launch/stl06p.launch.py
[0.297s] -- Installing: /home/kenbio/sensor_ws/install/ldlidar/share/ldlidar//launch/ld06.launch.py
[0.297s] -- Up-to-date: /home/kenbio/sensor_ws/install/ldlidar/share/ldlidar//rviz2
[0.297s] -- Up-to-date: /home/kenbio/sensor_ws/install/ldlidar/share/ldlidar//rviz2/ldlidar.rviz
[0.298s] -- Up-to-date: /home/kenbio/sensor_ws/install/ldlidar/share/ament_index/resource_index/package_run_dependencies/ldlidar
[0.298s] -- Up-to-date: /home/kenbio/sensor_ws/install/ldlidar/share/ament_index/resource_index/parent_prefix_path/ldlidar
[0.298s] -- Up-to-date: /home/kenbio/sensor_ws/install/ldlidar/share/ldlidar/environment/ament_prefix_path.sh
[0.298s] -- Up-to-date: /home/kenbio/sensor_ws/install/ldlidar/share/ldlidar/environment/ament_prefix_path.dsv
[0.298s] -- Up-to-date: /home/kenbio/sensor_ws/install/ldlidar/share/ldlidar/environment/path.sh
[0.298s] -- Up-to-date: /home/kenbio/sensor_ws/install/ldlidar/share/ldlidar/environment/path.dsv
[0.299s] -- Up-to-date: /home/kenbio/sensor_ws/install/ldlidar/share/ldlidar/local_setup.bash
[0.299s] -- Up-to-date: /home/kenbio/sensor_ws/install/ldlidar/share/ldlidar/local_setup.sh
[0.299s] -- Up-to-date: /home/kenbio/sensor_ws/install/ldlidar/share/ldlidar/local_setup.zsh
[0.299s] -- Up-to-date: /home/kenbio/sensor_ws/install/ldlidar/share/ldlidar/local_setup.dsv
[0.299s] -- Installing: /home/kenbio/sensor_ws/install/ldlidar/share/ldlidar/package.dsv
[0.300s] -- Up-to-date: /home/kenbio/sensor_ws/install/ldlidar/share/ament_index/resource_index/packages/ldlidar
[0.300s] -- Up-to-date: /home/kenbio/sensor_ws/install/ldlidar/share/ldlidar/cmake/ldlidarConfig.cmake
[0.300s] -- Up-to-date: /home/kenbio/sensor_ws/install/ldlidar/share/ldlidar/cmake/ldlidarConfig-version.cmake
[0.300s] -- Up-to-date: /home/kenbio/sensor_ws/install/ldlidar/share/ldlidar/package.xml
[0.301s] Invoked command in '/home/kenbio/sensor_ws/build/ldlidar' returned '0': CMAKE_PREFIX_PATH=${CMAKE_PREFIX_PATH}:/opt/ros/jazzy /usr/bin/cmake --install /home/kenbio/sensor_ws/build/ldlidar
