In file included from /home/kenbio/sensor_ws/src/ldlidar_ros2/ldlidar/../ldlidar_driver/include/core/ldlidar_driver.h:28,
                 from /home/kenbio/sensor_ws/src/ldlidar_ros2/ldlidar_driver/src/core/ldlidar_driver.cpp:21:
/home/kenbio/sensor_ws/src/ldlidar_ros2/ldlidar/../ldlidar_driver/include/networkcom/cmd_net_interface_linux.h:58:17: warning: ‘ldlidar::DIFOP_DATA_PORT_NUMBER’ defined but not used [-Wunused-variable]
   58 | static uint16_t DIFOP_DATA_PORT_NUMBER = 2369;  // lslidar default difop data port on PC
      |                 ^~~~~~~~~~~~~~~~~~~~~~
/home/kenbio/sensor_ws/src/ldlidar_ros2/ldlidar/../ldlidar_driver/include/networkcom/cmd_net_interface_linux.h:56:17: warning: ‘ldlidar::PACKET_SIZE_input’ defined but not used [-Wunused-variable]
   56 | static uint16_t PACKET_SIZE_input = 1206;
      |                 ^~~~~~~~~~~~~~~~~
/home/kenbio/sensor_ws/src/ldlidar_ros2/ldlidar_driver/src/networkcom/cmd_net_interface_linux.cpp: In member function ‘bool ldlidar::CmdNetInterfaceLinux::WriteToIo(const uint8_t*, uint32_t, uint32_t*)’:
/home/kenbio/sensor_ws/src/ldlidar_ros2/ldlidar_driver/src/networkcom/cmd_net_interface_linux.cpp:194:45: warning: unused parameter ‘tx_len’ [-Wunused-parameter]
  194 |                                   uint32_t *tx_len) {
      |                                   ~~~~~~~~~~^~~~~~
In file included from /home/kenbio/sensor_ws/src/ldlidar_ros2/ldlidar_driver/src/networkcom/cmd_net_interface_linux.cpp:20:
/home/kenbio/sensor_ws/src/ldlidar_ros2/ldlidar/../ldlidar_driver/include/networkcom/cmd_net_interface_linux.h: At global scope:
/home/kenbio/sensor_ws/src/ldlidar_ros2/ldlidar/../ldlidar_driver/include/networkcom/cmd_net_interface_linux.h:58:17: warning: ‘ldlidar::DIFOP_DATA_PORT_NUMBER’ defined but not used [-Wunused-variable]
   58 | static uint16_t DIFOP_DATA_PORT_NUMBER = 2369;  // lslidar default difop data port on PC
      |                 ^~~~~~~~~~~~~~~~~~~~~~
/home/kenbio/sensor_ws/src/ldlidar_ros2/ldlidar/../ldlidar_driver/include/networkcom/cmd_net_interface_linux.h:56:17: warning: ‘ldlidar::PACKET_SIZE_input’ defined but not used [-Wunused-variable]
   56 | static uint16_t PACKET_SIZE_input = 1206;
      |                 ^~~~~~~~~~~~~~~~~
In file included from /home/kenbio/sensor_ws/src/ldlidar_ros2/ldlidar/../ldlidar_driver/include/core/ldlidar_driver.h:28,
                 from /home/kenbio/sensor_ws/src/ldlidar_ros2/ldlidar/src/ros2_node/main.cpp:23:
/home/kenbio/sensor_ws/src/ldlidar_ros2/ldlidar/../ldlidar_driver/include/networkcom/cmd_net_interface_linux.h:58:17: warning: ‘ldlidar::DIFOP_DATA_PORT_NUMBER’ defined but not used [-Wunused-variable]
   58 | static uint16_t DIFOP_DATA_PORT_NUMBER = 2369;  // lslidar default difop data port on PC
      |                 ^~~~~~~~~~~~~~~~~~~~~~
/home/kenbio/sensor_ws/src/ldlidar_ros2/ldlidar/../ldlidar_driver/include/networkcom/cmd_net_interface_linux.h:56:17: warning: ‘ldlidar::PACKET_SIZE_input’ defined but not used [-Wunused-variable]
   56 | static uint16_t PACKET_SIZE_input = 1206;
      |                 ^~~~~~~~~~~~~~~~~
