-- The C compiler identification is GNU 13.3.0
-- The CXX compiler identification is GNU 13.3.0
-- Detecting C compiler ABI info
-- Detecting C compiler ABI info - done
-- Check for working C compiler: /usr/bin/cc - skipped
-- Detecting C compile features
-- Detecting C compile features - done
-- Detecting CXX compiler ABI info
-- Detecting CXX compiler ABI info - done
-- Check for working CXX compiler: /usr/bin/c++ - skipped
-- Detecting CXX compile features
-- Detecting CXX compile features - done
-- Found ament_cmake: 2.5.5 (/opt/ros/jazzy/share/ament_cmake/cmake)
-- Found Python3: /usr/bin/python3 (found version "3.12.3") found components: Interpreter 
-- Found rclcpp: 28.1.16 (/opt/ros/jazzy/share/rclcpp/cmake)
-- Found rosidl_generator_c: 4.6.7 (/opt/ros/jazzy/share/rosidl_generator_c/cmake)
-- Found rosidl_generator_cpp: 4.6.7 (/opt/ros/jazzy/share/rosidl_generator_cpp/cmake)
-- Using all available rosidl_typesupport_c: rosidl_typesupport_fastrtps_c;rosidl_typesupport_introspection_c
-- Using all available rosidl_typesupport_cpp: rosidl_typesupport_fastrtps_cpp;rosidl_typesupport_introspection_cpp
-- Found rmw_implementation_cmake: 7.3.3 (/opt/ros/jazzy/share/rmw_implementation_cmake/cmake)
-- Found rmw_fastrtps_cpp: 8.4.3 (/opt/ros/jazzy/share/rmw_fastrtps_cpp/cmake)
-- Found OpenSSL: /usr/lib/x86_64-linux-gnu/libcrypto.so (found version "3.0.13")  
-- Found FastRTPS: /opt/ros/jazzy/include (Required is at least version "2.13") 
-- Using RMW implementation 'rmw_fastrtps_cpp' as default
-- Found sensor_msgs: 5.3.6 (/opt/ros/jazzy/share/sensor_msgs/cmake)
-- Found ament_lint_auto: 0.17.4 (/opt/ros/jazzy/share/ament_lint_auto/cmake)
-- Added test 'copyright' to check source files copyright and LICENSE
-- Added test 'cppcheck' to perform static code analysis on C / C++ code
-- Configured cppcheck include dirs: /home/kenbio/sensor_ws/src/ldlidar_ros2/ldlidar/include;/home/kenbio/sensor_ws/src/ldlidar_ros2/ldlidar/../ldlidar_driver/include/core;/home/kenbio/sensor_ws/src/ldlidar_ros2/ldlidar/../ldlidar_driver/include/dataprocess;/home/kenbio/sensor_ws/src/ldlidar_ros2/ldlidar/../ldlidar_driver/include/filter;/home/kenbio/sensor_ws/src/ldlidar_ros2/ldlidar/../ldlidar_driver/include/logger;/home/kenbio/sensor_ws/src/ldlidar_ros2/ldlidar/../ldlidar_driver/include/networkcom;/home/kenbio/sensor_ws/src/ldlidar_ros2/ldlidar/../ldlidar_driver/include/serialcom
-- Configured cppcheck exclude dirs and/or files: 
-- Added test 'cpplint' to check C / C++ code against the Google style
-- Configured cpplint exclude dirs and/or files: 
-- Added test 'flake8' to check Python code syntax and style conventions
-- Configured 'flake8' exclude dirs and/or files: 
-- Added test 'lint_cmake' to check CMake code style
-- Added test 'pep257' to check Python code against some of the docstring style conventions in PEP 257
-- Added test 'uncrustify' to check C / C++ code style
-- Configured uncrustify additional arguments: 
-- Added test 'xmllint' to check XML markup files
-- Configuring done (2.6s)
-- Generating done (0.0s)
-- Build files have been written to: /home/kenbio/sensor_ws/build/ldlidar
[ 37%] [32mBuilding CXX object CMakeFiles/ldlidar.dir/src/ros2_node/main.cpp.o[0m
[ 37%] [32mBuilding CXX object CMakeFiles/ldlidar.dir/home/kenbio/sensor_ws/src/ldlidar_ros2/ldlidar_driver/src/filter/tofbf.cpp.o[0m
[ 50%] [32mBuilding CXX object CMakeFiles/ldlidar.dir/home/kenbio/sensor_ws/src/ldlidar_ros2/ldlidar_driver/src/dataprocess/lipkg.cpp.o[0m
[ 37%] [32mBuilding CXX object CMakeFiles/ldlidar.dir/home/kenbio/sensor_ws/src/ldlidar_ros2/ldlidar_driver/src/core/ldlidar_driver.cpp.o[0m
[ 62%] [32mBuilding CXX object CMakeFiles/ldlidar.dir/home/kenbio/sensor_ws/src/ldlidar_ros2/ldlidar_driver/src/logger/log_module.cpp.o[0m
In file included from /home/kenbio/sensor_ws/src/ldlidar_ros2/ldlidar/../ldlidar_driver/include/core/ldlidar_driver.h:28,
                 from /home/kenbio/sensor_ws/src/ldlidar_ros2/ldlidar_driver/src/core/ldlidar_driver.cpp:21:
/home/kenbio/sensor_ws/src/ldlidar_ros2/ldlidar/../ldlidar_driver/include/networkcom/cmd_net_interface_linux.h:58:17: warning: ‘ldlidar::DIFOP_DATA_PORT_NUMBER’ defined but not used [-Wunused-variable]
   58 | static uint16_t DIFOP_DATA_PORT_NUMBER = 2369;  // lslidar default difop data port on PC
      |                 ^~~~~~~~~~~~~~~~~~~~~~
/home/kenbio/sensor_ws/src/ldlidar_ros2/ldlidar/../ldlidar_driver/include/networkcom/cmd_net_interface_linux.h:56:17: warning: ‘ldlidar::PACKET_SIZE_input’ defined but not used [-Wunused-variable]
   56 | static uint16_t PACKET_SIZE_input = 1206;
      |                 ^~~~~~~~~~~~~~~~~
[ 75%] [32mBuilding CXX object CMakeFiles/ldlidar.dir/home/kenbio/sensor_ws/src/ldlidar_ros2/ldlidar_driver/src/networkcom/cmd_net_interface_linux.cpp.o[0m
[ 87%] [32mBuilding CXX object CMakeFiles/ldlidar.dir/home/kenbio/sensor_ws/src/ldlidar_ros2/ldlidar_driver/src/serialcom/serial_interface_linux.cpp.o[0m
/home/kenbio/sensor_ws/src/ldlidar_ros2/ldlidar_driver/src/networkcom/cmd_net_interface_linux.cpp: In member function ‘bool ldlidar::CmdNetInterfaceLinux::WriteToIo(const uint8_t*, uint32_t, uint32_t*)’:
/home/kenbio/sensor_ws/src/ldlidar_ros2/ldlidar_driver/src/networkcom/cmd_net_interface_linux.cpp:194:45: warning: unused parameter ‘tx_len’ [-Wunused-parameter]
  194 |                                   uint32_t *tx_len) {
      |                                   ~~~~~~~~~~^~~~~~
In file included from /home/kenbio/sensor_ws/src/ldlidar_ros2/ldlidar_driver/src/networkcom/cmd_net_interface_linux.cpp:20:
/home/kenbio/sensor_ws/src/ldlidar_ros2/ldlidar/../ldlidar_driver/include/networkcom/cmd_net_interface_linux.h: At global scope:
/home/kenbio/sensor_ws/src/ldlidar_ros2/ldlidar/../ldlidar_driver/include/networkcom/cmd_net_interface_linux.h:58:17: warning: ‘ldlidar::DIFOP_DATA_PORT_NUMBER’ defined but not used [-Wunused-variable]
   58 | static uint16_t DIFOP_DATA_PORT_NUMBER = 2369;  // lslidar default difop data port on PC
      |                 ^~~~~~~~~~~~~~~~~~~~~~
/home/kenbio/sensor_ws/src/ldlidar_ros2/ldlidar/../ldlidar_driver/include/networkcom/cmd_net_interface_linux.h:56:17: warning: ‘ldlidar::PACKET_SIZE_input’ defined but not used [-Wunused-variable]
   56 | static uint16_t PACKET_SIZE_input = 1206;
      |                 ^~~~~~~~~~~~~~~~~
In file included from /home/kenbio/sensor_ws/src/ldlidar_ros2/ldlidar/../ldlidar_driver/include/core/ldlidar_driver.h:28,
                 from /home/kenbio/sensor_ws/src/ldlidar_ros2/ldlidar/src/ros2_node/main.cpp:23:
/home/kenbio/sensor_ws/src/ldlidar_ros2/ldlidar/../ldlidar_driver/include/networkcom/cmd_net_interface_linux.h:58:17: warning: ‘ldlidar::DIFOP_DATA_PORT_NUMBER’ defined but not used [-Wunused-variable]
   58 | static uint16_t DIFOP_DATA_PORT_NUMBER = 2369;  // lslidar default difop data port on PC
      |                 ^~~~~~~~~~~~~~~~~~~~~~
/home/kenbio/sensor_ws/src/ldlidar_ros2/ldlidar/../ldlidar_driver/include/networkcom/cmd_net_interface_linux.h:56:17: warning: ‘ldlidar::PACKET_SIZE_input’ defined but not used [-Wunused-variable]
   56 | static uint16_t PACKET_SIZE_input = 1206;
      |                 ^~~~~~~~~~~~~~~~~
[100%] [32m[1mLinking CXX executable ldlidar[0m
[100%] Built target ldlidar
-- Install configuration: ""
-- Installing: /home/kenbio/sensor_ws/install/ldlidar/lib/ldlidar/ldlidar
-- Set non-toolchain portion of runtime path of "/home/kenbio/sensor_ws/install/ldlidar/lib/ldlidar/ldlidar" to ""
-- Installing: /home/kenbio/sensor_ws/install/ldlidar/share/ldlidar//launch
-- Installing: /home/kenbio/sensor_ws/install/ldlidar/share/ldlidar//launch/stl26.launch.py
-- Installing: /home/kenbio/sensor_ws/install/ldlidar/share/ldlidar//launch/viewer_ld19.launch.py
-- Installing: /home/kenbio/sensor_ws/install/ldlidar/share/ldlidar//launch/viewer_stl27l.launch.py
-- Installing: /home/kenbio/sensor_ws/install/ldlidar/share/ldlidar//launch/stl06nnet.launch.py
-- Installing: /home/kenbio/sensor_ws/install/ldlidar/share/ldlidar//launch/viewer_stl06p.launch.py
-- Installing: /home/kenbio/sensor_ws/install/ldlidar/share/ldlidar//launch/stl19pnet.launch.py
-- Installing: /home/kenbio/sensor_ws/install/ldlidar/share/ldlidar//launch/viewer_ld06.launch.py
-- Installing: /home/kenbio/sensor_ws/install/ldlidar/share/ldlidar//launch/ld19.launch.py
-- Installing: /home/kenbio/sensor_ws/install/ldlidar/share/ldlidar//launch/stl27l.launch.py
-- Installing: /home/kenbio/sensor_ws/install/ldlidar/share/ldlidar//launch/stl06n.launch.py
-- Installing: /home/kenbio/sensor_ws/install/ldlidar/share/ldlidar//launch/viewer_stl06n.launch.py
-- Installing: /home/kenbio/sensor_ws/install/ldlidar/share/ldlidar//launch/viewer_stl26.launch.py
-- Installing: /home/kenbio/sensor_ws/install/ldlidar/share/ldlidar//launch/ld06net.launch.py
-- Installing: /home/kenbio/sensor_ws/install/ldlidar/share/ldlidar//launch/stl19p.launch.py
-- Installing: /home/kenbio/sensor_ws/install/ldlidar/share/ldlidar//launch/stl06p.launch.py
-- Installing: /home/kenbio/sensor_ws/install/ldlidar/share/ldlidar//launch/ld06.launch.py
-- Installing: /home/kenbio/sensor_ws/install/ldlidar/share/ldlidar//rviz2
-- Installing: /home/kenbio/sensor_ws/install/ldlidar/share/ldlidar//rviz2/ldlidar.rviz
-- Installing: /home/kenbio/sensor_ws/install/ldlidar/share/ament_index/resource_index/package_run_dependencies/ldlidar
-- Installing: /home/kenbio/sensor_ws/install/ldlidar/share/ament_index/resource_index/parent_prefix_path/ldlidar
-- Installing: /home/kenbio/sensor_ws/install/ldlidar/share/ldlidar/environment/ament_prefix_path.sh
-- Installing: /home/kenbio/sensor_ws/install/ldlidar/share/ldlidar/environment/ament_prefix_path.dsv
-- Installing: /home/kenbio/sensor_ws/install/ldlidar/share/ldlidar/environment/path.sh
-- Installing: /home/kenbio/sensor_ws/install/ldlidar/share/ldlidar/environment/path.dsv
-- Installing: /home/kenbio/sensor_ws/install/ldlidar/share/ldlidar/local_setup.bash
-- Installing: /home/kenbio/sensor_ws/install/ldlidar/share/ldlidar/local_setup.sh
-- Installing: /home/kenbio/sensor_ws/install/ldlidar/share/ldlidar/local_setup.zsh
-- Installing: /home/kenbio/sensor_ws/install/ldlidar/share/ldlidar/local_setup.dsv
-- Installing: /home/kenbio/sensor_ws/install/ldlidar/share/ldlidar/package.dsv
-- Installing: /home/kenbio/sensor_ws/install/ldlidar/share/ament_index/resource_index/packages/ldlidar
-- Installing: /home/kenbio/sensor_ws/install/ldlidar/share/ldlidar/cmake/ldlidarConfig.cmake
-- Installing: /home/kenbio/sensor_ws/install/ldlidar/share/ldlidar/cmake/ldlidarConfig-version.cmake
-- Installing: /home/kenbio/sensor_ws/install/ldlidar/share/ldlidar/package.xml
