[0.596s] Invoking command in '/home/kenbio/sensor_ws/build/ldlidar': CMAKE_PREFIX_PATH=${CMAKE_PREFIX_PATH}:/opt/ros/jazzy DEBUGINFOD_URLS=https://debuginfod.ubuntu.com /usr/bin/cmake /home/kenbio/sensor_ws/src/ldlidar_ros2/ldlidar -DCMAKE_INSTALL_PREFIX=/home/kenbio/sensor_ws/install/ldlidar
[0.763s] -- The C compiler identification is GNU 13.3.0
[0.970s] -- The CXX compiler identification is GNU 13.3.0
[1.007s] -- Detecting C compiler ABI info
[1.173s] -- Detecting C compiler ABI info - done
[1.199s] -- Check for working C compiler: /usr/bin/cc - skipped
[1.200s] -- Detecting C compile features
[1.201s] -- Detecting C compile features - done
[1.219s] -- Detecting CXX compiler ABI info
[1.404s] -- Detecting CXX compiler ABI info - done
[1.432s] -- Check for working CXX compiler: /usr/bin/c++ - skipped
[1.432s] -- Detecting CXX compile features
[1.433s] -- Detecting CXX compile features - done
[1.443s] -- Found ament_cmake: 2.5.5 (/opt/ros/jazzy/share/ament_cmake/cmake)
[1.759s] -- Found Python3: /usr/bin/python3 (found version "3.12.3") found components: Interpreter 
[2.028s] -- Found rclcpp: 28.1.16 (/opt/ros/jazzy/share/rclcpp/cmake)
[2.138s] -- Found rosidl_generator_c: 4.6.7 (/opt/ros/jazzy/share/rosidl_generator_c/cmake)
[2.177s] -- Found rosidl_generator_cpp: 4.6.7 (/opt/ros/jazzy/share/rosidl_generator_cpp/cmake)
[2.225s] -- Using all available rosidl_typesupport_c: rosidl_typesupport_fastrtps_c;rosidl_typesupport_introspection_c
[2.278s] -- Using all available rosidl_typesupport_cpp: rosidl_typesupport_fastrtps_cpp;rosidl_typesupport_introspection_cpp
[2.508s] -- Found rmw_implementation_cmake: 7.3.3 (/opt/ros/jazzy/share/rmw_implementation_cmake/cmake)
[2.514s] -- Found rmw_fastrtps_cpp: 8.4.3 (/opt/ros/jazzy/share/rmw_fastrtps_cpp/cmake)
[2.689s] -- Found OpenSSL: /usr/lib/x86_64-linux-gnu/libcrypto.so (found version "3.0.13")  
[2.718s] -- Found FastRTPS: /opt/ros/jazzy/include (Required is at least version "2.13") 
[2.751s] -- Using RMW implementation 'rmw_fastrtps_cpp' as default
[2.900s] -- Found sensor_msgs: 5.3.6 (/opt/ros/jazzy/share/sensor_msgs/cmake)
[3.020s] -- Found ament_lint_auto: 0.17.4 (/opt/ros/jazzy/share/ament_lint_auto/cmake)
[3.190s] -- Added test 'copyright' to check source files copyright and LICENSE
[3.193s] -- Added test 'cppcheck' to perform static code analysis on C / C++ code
[3.194s] -- Configured cppcheck include dirs: /home/kenbio/sensor_ws/src/ldlidar_ros2/ldlidar/include;/home/kenbio/sensor_ws/src/ldlidar_ros2/ldlidar/../ldlidar_driver/include/core;/home/kenbio/sensor_ws/src/ldlidar_ros2/ldlidar/../ldlidar_driver/include/dataprocess;/home/kenbio/sensor_ws/src/ldlidar_ros2/ldlidar/../ldlidar_driver/include/filter;/home/kenbio/sensor_ws/src/ldlidar_ros2/ldlidar/../ldlidar_driver/include/logger;/home/kenbio/sensor_ws/src/ldlidar_ros2/ldlidar/../ldlidar_driver/include/networkcom;/home/kenbio/sensor_ws/src/ldlidar_ros2/ldlidar/../ldlidar_driver/include/serialcom
[3.194s] -- Configured cppcheck exclude dirs and/or files: 
[3.197s] -- Added test 'cpplint' to check C / C++ code against the Google style
[3.197s] -- Configured cpplint exclude dirs and/or files: 
[3.198s] -- Added test 'flake8' to check Python code syntax and style conventions
[3.199s] -- Configured 'flake8' exclude dirs and/or files: 
[3.200s] -- Added test 'lint_cmake' to check CMake code style
[3.202s] -- Added test 'pep257' to check Python code against some of the docstring style conventions in PEP 257
[3.204s] -- Added test 'uncrustify' to check C / C++ code style
[3.205s] -- Configured uncrustify additional arguments: 
[3.206s] -- Added test 'xmllint' to check XML markup files
[3.209s] -- Configuring done (2.6s)
[3.225s] -- Generating done (0.0s)
[3.231s] -- Build files have been written to: /home/kenbio/sensor_ws/build/ldlidar
[3.243s] Invoked command in '/home/kenbio/sensor_ws/build/ldlidar' returned '0': CMAKE_PREFIX_PATH=${CMAKE_PREFIX_PATH}:/opt/ros/jazzy DEBUGINFOD_URLS=https://debuginfod.ubuntu.com /usr/bin/cmake /home/kenbio/sensor_ws/src/ldlidar_ros2/ldlidar -DCMAKE_INSTALL_PREFIX=/home/kenbio/sensor_ws/install/ldlidar
[3.245s] Invoking command in '/home/kenbio/sensor_ws/build/ldlidar': CMAKE_PREFIX_PATH=${CMAKE_PREFIX_PATH}:/opt/ros/jazzy DEBUGINFOD_URLS=https://debuginfod.ubuntu.com /usr/bin/cmake --build /home/kenbio/sensor_ws/build/ldlidar -- -j4 -l4
[3.313s] [ 37%] [32mBuilding CXX object CMakeFiles/ldlidar.dir/src/ros2_node/main.cpp.o[0m
[3.314s] [ 37%] [32mBuilding CXX object CMakeFiles/ldlidar.dir/home/kenbio/sensor_ws/src/ldlidar_ros2/ldlidar_driver/src/filter/tofbf.cpp.o[0m
[3.315s] [ 50%] [32mBuilding CXX object CMakeFiles/ldlidar.dir/home/kenbio/sensor_ws/src/ldlidar_ros2/ldlidar_driver/src/dataprocess/lipkg.cpp.o[0m
[3.315s] [ 37%] [32mBuilding CXX object CMakeFiles/ldlidar.dir/home/kenbio/sensor_ws/src/ldlidar_ros2/ldlidar_driver/src/core/ldlidar_driver.cpp.o[0m
[4.841s] [ 62%] [32mBuilding CXX object CMakeFiles/ldlidar.dir/home/kenbio/sensor_ws/src/ldlidar_ros2/ldlidar_driver/src/logger/log_module.cpp.o[0m
[5.033s] In file included from /home/kenbio/sensor_ws/src/ldlidar_ros2/ldlidar/../ldlidar_driver/include/core/ldlidar_driver.h:28,
[5.033s]                  from /home/kenbio/sensor_ws/src/ldlidar_ros2/ldlidar_driver/src/core/ldlidar_driver.cpp:21:
[5.033s] /home/kenbio/sensor_ws/src/ldlidar_ros2/ldlidar/../ldlidar_driver/include/networkcom/cmd_net_interface_linux.h:58:17: warning: ‘ldlidar::DIFOP_DATA_PORT_NUMBER’ defined but not used [-Wunused-variable]
[5.033s]    58 | static uint16_t DIFOP_DATA_PORT_NUMBER = 2369;  // lslidar default difop data port on PC
[5.033s]       |                 ^~~~~~~~~~~~~~~~~~~~~~
[5.034s] /home/kenbio/sensor_ws/src/ldlidar_ros2/ldlidar/../ldlidar_driver/include/networkcom/cmd_net_interface_linux.h:56:17: warning: ‘ldlidar::PACKET_SIZE_input’ defined but not used [-Wunused-variable]
[5.034s]    56 | static uint16_t PACKET_SIZE_input = 1206;
[5.034s]       |                 ^~~~~~~~~~~~~~~~~
[5.094s] [ 75%] [32mBuilding CXX object CMakeFiles/ldlidar.dir/home/kenbio/sensor_ws/src/ldlidar_ros2/ldlidar_driver/src/networkcom/cmd_net_interface_linux.cpp.o[0m
[5.299s] [ 87%] [32mBuilding CXX object CMakeFiles/ldlidar.dir/home/kenbio/sensor_ws/src/ldlidar_ros2/ldlidar_driver/src/serialcom/serial_interface_linux.cpp.o[0m
[6.206s] /home/kenbio/sensor_ws/src/ldlidar_ros2/ldlidar_driver/src/networkcom/cmd_net_interface_linux.cpp: In member function ‘bool ldlidar::CmdNetInterfaceLinux::WriteToIo(const uint8_t*, uint32_t, uint32_t*)’:
[6.206s] /home/kenbio/sensor_ws/src/ldlidar_ros2/ldlidar_driver/src/networkcom/cmd_net_interface_linux.cpp:194:45: warning: unused parameter ‘tx_len’ [-Wunused-parameter]
[6.206s]   194 |                                   uint32_t *tx_len) {
[6.206s]       |                                   ~~~~~~~~~~^~~~~~
[6.330s] In file included from /home/kenbio/sensor_ws/src/ldlidar_ros2/ldlidar_driver/src/networkcom/cmd_net_interface_linux.cpp:20:
[6.330s] /home/kenbio/sensor_ws/src/ldlidar_ros2/ldlidar/../ldlidar_driver/include/networkcom/cmd_net_interface_linux.h: At global scope:
[6.330s] /home/kenbio/sensor_ws/src/ldlidar_ros2/ldlidar/../ldlidar_driver/include/networkcom/cmd_net_interface_linux.h:58:17: warning: ‘ldlidar::DIFOP_DATA_PORT_NUMBER’ defined but not used [-Wunused-variable]
[6.330s]    58 | static uint16_t DIFOP_DATA_PORT_NUMBER = 2369;  // lslidar default difop data port on PC
[6.330s]       |                 ^~~~~~~~~~~~~~~~~~~~~~
[6.331s] /home/kenbio/sensor_ws/src/ldlidar_ros2/ldlidar/../ldlidar_driver/include/networkcom/cmd_net_interface_linux.h:56:17: warning: ‘ldlidar::PACKET_SIZE_input’ defined but not used [-Wunused-variable]
[6.331s]    56 | static uint16_t PACKET_SIZE_input = 1206;
[6.331s]       |                 ^~~~~~~~~~~~~~~~~
[8.797s] In file included from /home/kenbio/sensor_ws/src/ldlidar_ros2/ldlidar/../ldlidar_driver/include/core/ldlidar_driver.h:28,
[8.797s]                  from /home/kenbio/sensor_ws/src/ldlidar_ros2/ldlidar/src/ros2_node/main.cpp:23:
[8.797s] /home/kenbio/sensor_ws/src/ldlidar_ros2/ldlidar/../ldlidar_driver/include/networkcom/cmd_net_interface_linux.h:58:17: warning: ‘ldlidar::DIFOP_DATA_PORT_NUMBER’ defined but not used [-Wunused-variable]
[8.797s]    58 | static uint16_t DIFOP_DATA_PORT_NUMBER = 2369;  // lslidar default difop data port on PC
[8.797s]       |                 ^~~~~~~~~~~~~~~~~~~~~~
[8.797s] /home/kenbio/sensor_ws/src/ldlidar_ros2/ldlidar/../ldlidar_driver/include/networkcom/cmd_net_interface_linux.h:56:17: warning: ‘ldlidar::PACKET_SIZE_input’ defined but not used [-Wunused-variable]
[8.797s]    56 | static uint16_t PACKET_SIZE_input = 1206;
[8.797s]       |                 ^~~~~~~~~~~~~~~~~
[10.382s] [100%] [32m[1mLinking CXX executable ldlidar[0m
[10.666s] [100%] Built target ldlidar
[10.680s] Invoked command in '/home/kenbio/sensor_ws/build/ldlidar' returned '0': CMAKE_PREFIX_PATH=${CMAKE_PREFIX_PATH}:/opt/ros/jazzy DEBUGINFOD_URLS=https://debuginfod.ubuntu.com /usr/bin/cmake --build /home/kenbio/sensor_ws/build/ldlidar -- -j4 -l4
[10.694s] Invoking command in '/home/kenbio/sensor_ws/build/ldlidar': CMAKE_PREFIX_PATH=${CMAKE_PREFIX_PATH}:/opt/ros/jazzy DEBUGINFOD_URLS=https://debuginfod.ubuntu.com /usr/bin/cmake --install /home/kenbio/sensor_ws/build/ldlidar
[10.704s] -- Install configuration: ""
[10.704s] -- Installing: /home/kenbio/sensor_ws/install/ldlidar/lib/ldlidar/ldlidar
[10.706s] -- Set non-toolchain portion of runtime path of "/home/kenbio/sensor_ws/install/ldlidar/lib/ldlidar/ldlidar" to ""
[10.706s] -- Installing: /home/kenbio/sensor_ws/install/ldlidar/share/ldlidar//launch
[10.706s] -- Installing: /home/kenbio/sensor_ws/install/ldlidar/share/ldlidar//launch/stl26.launch.py
[10.706s] -- Installing: /home/kenbio/sensor_ws/install/ldlidar/share/ldlidar//launch/viewer_ld19.launch.py
[10.707s] -- Installing: /home/kenbio/sensor_ws/install/ldlidar/share/ldlidar//launch/viewer_stl27l.launch.py
[10.707s] -- Installing: /home/kenbio/sensor_ws/install/ldlidar/share/ldlidar//launch/stl06nnet.launch.py
[10.707s] -- Installing: /home/kenbio/sensor_ws/install/ldlidar/share/ldlidar//launch/viewer_stl06p.launch.py
[10.707s] -- Installing: /home/kenbio/sensor_ws/install/ldlidar/share/ldlidar//launch/stl19pnet.launch.py
[10.707s] -- Installing: /home/kenbio/sensor_ws/install/ldlidar/share/ldlidar//launch/viewer_ld06.launch.py
[10.708s] -- Installing: /home/kenbio/sensor_ws/install/ldlidar/share/ldlidar//launch/ld19.launch.py
[10.708s] -- Installing: /home/kenbio/sensor_ws/install/ldlidar/share/ldlidar//launch/stl27l.launch.py
[10.708s] -- Installing: /home/kenbio/sensor_ws/install/ldlidar/share/ldlidar//launch/stl06n.launch.py
[10.708s] -- Installing: /home/kenbio/sensor_ws/install/ldlidar/share/ldlidar//launch/viewer_stl06n.launch.py
[10.708s] -- Installing: /home/kenbio/sensor_ws/install/ldlidar/share/ldlidar//launch/viewer_stl26.launch.py
[10.709s] -- Installing: /home/kenbio/sensor_ws/install/ldlidar/share/ldlidar//launch/ld06net.launch.py
[10.709s] -- Installing: /home/kenbio/sensor_ws/install/ldlidar/share/ldlidar//launch/stl19p.launch.py
[10.709s] -- Installing: /home/kenbio/sensor_ws/install/ldlidar/share/ldlidar//launch/stl06p.launch.py
[10.709s] -- Installing: /home/kenbio/sensor_ws/install/ldlidar/share/ldlidar//launch/ld06.launch.py
[10.710s] -- Installing: /home/kenbio/sensor_ws/install/ldlidar/share/ldlidar//rviz2
[10.710s] -- Installing: /home/kenbio/sensor_ws/install/ldlidar/share/ldlidar//rviz2/ldlidar.rviz
[10.710s] -- Installing: /home/kenbio/sensor_ws/install/ldlidar/share/ament_index/resource_index/package_run_dependencies/ldlidar
[10.710s] -- Installing: /home/kenbio/sensor_ws/install/ldlidar/share/ament_index/resource_index/parent_prefix_path/ldlidar
[10.711s] -- Installing: /home/kenbio/sensor_ws/install/ldlidar/share/ldlidar/environment/ament_prefix_path.sh
[10.711s] -- Installing: /home/kenbio/sensor_ws/install/ldlidar/share/ldlidar/environment/ament_prefix_path.dsv
[10.711s] -- Installing: /home/kenbio/sensor_ws/install/ldlidar/share/ldlidar/environment/path.sh
[10.711s] -- Installing: /home/kenbio/sensor_ws/install/ldlidar/share/ldlidar/environment/path.dsv
[10.712s] -- Installing: /home/kenbio/sensor_ws/install/ldlidar/share/ldlidar/local_setup.bash
[10.712s] -- Installing: /home/kenbio/sensor_ws/install/ldlidar/share/ldlidar/local_setup.sh
[10.712s] -- Installing: /home/kenbio/sensor_ws/install/ldlidar/share/ldlidar/local_setup.zsh
[10.712s] -- Installing: /home/kenbio/sensor_ws/install/ldlidar/share/ldlidar/local_setup.dsv
[10.712s] -- Installing: /home/kenbio/sensor_ws/install/ldlidar/share/ldlidar/package.dsv
[10.713s] -- Installing: /home/kenbio/sensor_ws/install/ldlidar/share/ament_index/resource_index/packages/ldlidar
[10.713s] -- Installing: /home/kenbio/sensor_ws/install/ldlidar/share/ldlidar/cmake/ldlidarConfig.cmake
[10.713s] -- Installing: /home/kenbio/sensor_ws/install/ldlidar/share/ldlidar/cmake/ldlidarConfig-version.cmake
[10.713s] -- Installing: /home/kenbio/sensor_ws/install/ldlidar/share/ldlidar/package.xml
[10.715s] Invoked command in '/home/kenbio/sensor_ws/build/ldlidar' returned '0': CMAKE_PREFIX_PATH=${CMAKE_PREFIX_PATH}:/opt/ros/jazzy DEBUGINFOD_URLS=https://debuginfod.ubuntu.com /usr/bin/cmake --install /home/kenbio/sensor_ws/build/ldlidar
