[1.086s] Invoking command in '/home/kenbio/sensor_ws/src/agv_control': DEBUGINFOD_URLS=https://debuginfod.ubuntu.com PYTHONPATH=/home/kenbio/sensor_ws/build/agv_control/prefix_override:/usr/lib/python3/dist-packages/colcon_core/task/python/colcon_distutils_commands:/home/kenbio/sensor_ws/install/agv_control/lib/python3.12/site-packages:${PYTHONPATH} /usr/bin/python3 -W ignore:setup.py install is deprecated -W ignore:easy_install command is deprecated setup.py egg_info --egg-base ../../build/agv_control build --build-base /home/kenbio/sensor_ws/build/agv_control/build install --record /home/kenbio/sensor_ws/build/agv_control/install.log --single-version-externally-managed install_data
[1.456s] running egg_info
[1.482s] writing ../../build/agv_control/agv_control.egg-info/PKG-INFO
[1.482s] writing dependency_links to ../../build/agv_control/agv_control.egg-info/dependency_links.txt
[1.483s] writing entry points to ../../build/agv_control/agv_control.egg-info/entry_points.txt
[1.483s] writing requirements to ../../build/agv_control/agv_control.egg-info/requires.txt
[1.483s] writing top-level names to ../../build/agv_control/agv_control.egg-info/top_level.txt
[1.537s] reading manifest file '../../build/agv_control/agv_control.egg-info/SOURCES.txt'
[1.538s] writing manifest file '../../build/agv_control/agv_control.egg-info/SOURCES.txt'
[1.538s] running build
[1.538s] running build_py
[1.538s] copying agv_control/agv_bridge.py -> /home/kenbio/sensor_ws/build/agv_control/build/lib/agv_control
[1.539s] running install
[1.548s] running install_lib
[1.576s] copying /home/kenbio/sensor_ws/build/agv_control/build/lib/agv_control/agv_bridge.py -> /home/kenbio/sensor_ws/install/agv_control/lib/python3.12/site-packages/agv_control
[1.577s] byte-compiling /home/kenbio/sensor_ws/install/agv_control/lib/python3.12/site-packages/agv_control/agv_bridge.py to agv_bridge.cpython-312.pyc
[1.581s] running install_data
[1.581s] running install_egg_info
[1.610s] removing '/home/kenbio/sensor_ws/install/agv_control/lib/python3.12/site-packages/agv_control-0.0.1-py3.12.egg-info' (and everything under it)
[1.611s] Copying ../../build/agv_control/agv_control.egg-info to /home/kenbio/sensor_ws/install/agv_control/lib/python3.12/site-packages/agv_control-0.0.1-py3.12.egg-info
[1.612s] running install_scripts
[1.790s] Installing agv_bridge script to /home/kenbio/sensor_ws/install/agv_control/lib/agv_control
[1.791s] Installing keyboard_teleop script to /home/kenbio/sensor_ws/install/agv_control/lib/agv_control
[1.791s] writing list of installed files to '/home/kenbio/sensor_ws/build/agv_control/install.log'
[1.831s] Invoked command in '/home/kenbio/sensor_ws/src/agv_control' returned '0': DEBUGINFOD_URLS=https://debuginfod.ubuntu.com PYTHONPATH=/home/kenbio/sensor_ws/build/agv_control/prefix_override:/usr/lib/python3/dist-packages/colcon_core/task/python/colcon_distutils_commands:/home/kenbio/sensor_ws/install/agv_control/lib/python3.12/site-packages:${PYTHONPATH} /usr/bin/python3 -W ignore:setup.py install is deprecated -W ignore:easy_install command is deprecated setup.py egg_info --egg-base ../../build/agv_control build --build-base /home/kenbio/sensor_ws/build/agv_control/build install --record /home/kenbio/sensor_ws/build/agv_control/install.log --single-version-externally-managed install_data
