[0.665s] Invoking command in '/home/kenbio/sensor_ws/src/imu_ros2_device': DEBUGINFOD_URLS=https://debuginfod.ubuntu.com PYTHONPATH=/home/kenbio/sensor_ws/build/imu_ros2_device/prefix_override:/usr/lib/python3/dist-packages/colcon_core/task/python/colcon_distutils_commands:/home/kenbio/sensor_ws/install/imu_ros2_device/lib/python3.12/site-packages:${PYTHONPATH} /usr/bin/python3 -W ignore:setup.py install is deprecated -W ignore:easy_install command is deprecated setup.py egg_info --egg-base ../../build/imu_ros2_device build --build-base /home/kenbio/sensor_ws/build/imu_ros2_device/build install --record /home/kenbio/sensor_ws/build/imu_ros2_device/install.log --single-version-externally-managed install_data
[0.762s] running egg_info
[0.768s] writing ../../build/imu_ros2_device/imu_ros2_device.egg-info/PKG-INFO
[0.768s] writing dependency_links to ../../build/imu_ros2_device/imu_ros2_device.egg-info/dependency_links.txt
[0.768s] writing entry points to ../../build/imu_ros2_device/imu_ros2_device.egg-info/entry_points.txt
[0.768s] writing requirements to ../../build/imu_ros2_device/imu_ros2_device.egg-info/requires.txt
[0.768s] writing top-level names to ../../build/imu_ros2_device/imu_ros2_device.egg-info/top_level.txt
[0.780s] reading manifest file '../../build/imu_ros2_device/imu_ros2_device.egg-info/SOURCES.txt'
[0.781s] writing manifest file '../../build/imu_ros2_device/imu_ros2_device.egg-info/SOURCES.txt'
[0.781s] running build
[0.781s] running build_py
[0.781s] running install
[0.784s] running install_lib
[0.790s] running install_data
[0.790s] running install_egg_info
[0.796s] removing '/home/kenbio/sensor_ws/install/imu_ros2_device/lib/python3.12/site-packages/imu_ros2_device-0.0.1-py3.12.egg-info' (and everything under it)
[0.797s] Copying ../../build/imu_ros2_device/imu_ros2_device.egg-info to /home/kenbio/sensor_ws/install/imu_ros2_device/lib/python3.12/site-packages/imu_ros2_device-0.0.1-py3.12.egg-info
[0.797s] running install_scripts
[0.840s] Installing ybimu_driver script to /home/kenbio/sensor_ws/install/imu_ros2_device/lib/imu_ros2_device
[0.840s] writing list of installed files to '/home/kenbio/sensor_ws/build/imu_ros2_device/install.log'
[0.856s] Invoked command in '/home/kenbio/sensor_ws/src/imu_ros2_device' returned '0': DEBUGINFOD_URLS=https://debuginfod.ubuntu.com PYTHONPATH=/home/kenbio/sensor_ws/build/imu_ros2_device/prefix_override:/usr/lib/python3/dist-packages/colcon_core/task/python/colcon_distutils_commands:/home/kenbio/sensor_ws/install/imu_ros2_device/lib/python3.12/site-packages:${PYTHONPATH} /usr/bin/python3 -W ignore:setup.py install is deprecated -W ignore:easy_install command is deprecated setup.py egg_info --egg-base ../../build/imu_ros2_device build --build-base /home/kenbio/sensor_ws/build/imu_ros2_device/build install --record /home/kenbio/sensor_ws/build/imu_ros2_device/install.log --single-version-externally-managed install_data
