running egg_info
writing ../../build/sensor_bringup/sensor_bringup.egg-info/PKG-INFO
writing dependency_links to ../../build/sensor_bringup/sensor_bringup.egg-info/dependency_links.txt
writing requirements to ../../build/sensor_bringup/sensor_bringup.egg-info/requires.txt
writing top-level names to ../../build/sensor_bringup/sensor_bringup.egg-info/top_level.txt
reading manifest file '../../build/sensor_bringup/sensor_bringup.egg-info/SOURCES.txt'
writing manifest file '../../build/sensor_bringup/sensor_bringup.egg-info/SOURCES.txt'
running build
running build_py
running install
running install_lib
running install_data
copying launch/sensor_bringup.launch.py -> /home/kenbio/sensor_ws/install/sensor_bringup/share/sensor_bringup/launch
creating /home/kenbio/sensor_ws/install/sensor_bringup/share/sensor_bringup/rviz
copying rviz/sensor_bringup.rviz -> /home/kenbio/sensor_ws/install/sensor_bringup/share/sensor_bringup/rviz
running install_egg_info
removing '/home/kenbio/sensor_ws/install/sensor_bringup/lib/python3.12/site-packages/sensor_bringup-0.0.1-py3.12.egg-info' (and everything under it)
Copying ../../build/sensor_bringup/sensor_bringup.egg-info to /home/kenbio/sensor_ws/install/sensor_bringup/lib/python3.12/site-packages/sensor_bringup-0.0.1-py3.12.egg-info
running install_scripts
writing list of installed files to '/home/kenbio/sensor_ws/build/sensor_bringup/install.log'
