[0.296s] Invoking command in '/home/kenbio/sensor_ws/src/sensor_bringup': AMENT_PREFIX_PATH=/home/kenbio/sensor_ws/install/ldlidar:/home/kenbio/sensor_ws/install/imu_ros2_device:/home/kenbio/sensor_ws/install/agv_control:${AMENT_PREFIX_PATH} CMAKE_PREFIX_PATH=/home/kenbio/sensor_ws/install/ldlidar:${CMAKE_PREFIX_PATH} DEBUGINFOD_URLS=https://debuginfod.ubuntu.com PYTHONPATH=/home/kenbio/sensor_ws/build/sensor_bringup/prefix_override:/usr/lib/python3/dist-packages/colcon_core/task/python/colcon_distutils_commands:/home/kenbio/sensor_ws/install/sensor_bringup/lib/python3.12/site-packages:/home/kenbio/sensor_ws/install/imu_ros2_device/lib/python3.12/site-packages:/home/kenbio/sensor_ws/install/agv_control/lib/python3.12/site-packages:${PYTHONPATH} /usr/bin/python3 -W ignore:setup.py install is deprecated -W ignore:easy_install command is deprecated setup.py egg_info --egg-base ../../build/sensor_bringup build --build-base /home/kenbio/sensor_ws/build/sensor_bringup/build install --record /home/kenbio/sensor_ws/build/sensor_bringup/install.log --single-version-externally-managed install_data
[0.390s] running egg_info
[0.395s] writing ../../build/sensor_bringup/sensor_bringup.egg-info/PKG-INFO
[0.395s] writing dependency_links to ../../build/sensor_bringup/sensor_bringup.egg-info/dependency_links.txt
[0.396s] writing requirements to ../../build/sensor_bringup/sensor_bringup.egg-info/requires.txt
[0.396s] writing top-level names to ../../build/sensor_bringup/sensor_bringup.egg-info/top_level.txt
[0.407s] reading manifest file '../../build/sensor_bringup/sensor_bringup.egg-info/SOURCES.txt'
[0.407s] writing manifest file '../../build/sensor_bringup/sensor_bringup.egg-info/SOURCES.txt'
[0.407s] running build
[0.407s] running build_py
[0.407s] running install
[0.410s] running install_lib
[0.416s] running install_data
[0.416s] copying launch/sensor_bringup.launch.py -> /home/kenbio/sensor_ws/install/sensor_bringup/share/sensor_bringup/launch
[0.416s] creating /home/kenbio/sensor_ws/install/sensor_bringup/share/sensor_bringup/rviz
[0.417s] copying rviz/sensor_bringup.rviz -> /home/kenbio/sensor_ws/install/sensor_bringup/share/sensor_bringup/rviz
[0.417s] running install_egg_info
[0.422s] removing '/home/kenbio/sensor_ws/install/sensor_bringup/lib/python3.12/site-packages/sensor_bringup-0.0.1-py3.12.egg-info' (and everything under it)
[0.423s] Copying ../../build/sensor_bringup/sensor_bringup.egg-info to /home/kenbio/sensor_ws/install/sensor_bringup/lib/python3.12/site-packages/sensor_bringup-0.0.1-py3.12.egg-info
[0.423s] running install_scripts
[0.465s] writing list of installed files to '/home/kenbio/sensor_ws/build/sensor_bringup/install.log'
[0.478s] Invoked command in '/home/kenbio/sensor_ws/src/sensor_bringup' returned '0': AMENT_PREFIX_PATH=/home/kenbio/sensor_ws/install/ldlidar:/home/kenbio/sensor_ws/install/imu_ros2_device:/home/kenbio/sensor_ws/install/agv_control:${AMENT_PREFIX_PATH} CMAKE_PREFIX_PATH=/home/kenbio/sensor_ws/install/ldlidar:${CMAKE_PREFIX_PATH} DEBUGINFOD_URLS=https://debuginfod.ubuntu.com PYTHONPATH=/home/kenbio/sensor_ws/build/sensor_bringup/prefix_override:/usr/lib/python3/dist-packages/colcon_core/task/python/colcon_distutils_commands:/home/kenbio/sensor_ws/install/sensor_bringup/lib/python3.12/site-packages:/home/kenbio/sensor_ws/install/imu_ros2_device/lib/python3.12/site-packages:/home/kenbio/sensor_ws/install/agv_control/lib/python3.12/site-packages:${PYTHONPATH} /usr/bin/python3 -W ignore:setup.py install is deprecated -W ignore:easy_install command is deprecated setup.py egg_info --egg-base ../../build/sensor_bringup build --build-base /home/kenbio/sensor_ws/build/sensor_bringup/build install --record /home/kenbio/sensor_ws/build/sensor_bringup/install.log --single-version-externally-managed install_data
