running egg_info
creating ../../build/agv_control/agv_control.egg-info
writing ../../build/agv_control/agv_control.egg-info/PKG-INFO
writing dependency_links to ../../build/agv_control/agv_control.egg-info/dependency_links.txt
writing entry points to ../../build/agv_control/agv_control.egg-info/entry_points.txt
writing requirements to ../../build/agv_control/agv_control.egg-info/requires.txt
writing top-level names to ../../build/agv_control/agv_control.egg-info/top_level.txt
writing manifest file '../../build/agv_control/agv_control.egg-info/SOURCES.txt'
reading manifest file '../../build/agv_control/agv_control.egg-info/SOURCES.txt'
writing manifest file '../../build/agv_control/agv_control.egg-info/SOURCES.txt'
running build
running build_py
creating /home/kenbio/sensor_ws/build/agv_control/build
creating /home/kenbio/sensor_ws/build/agv_control/build/lib
creating /home/kenbio/sensor_ws/build/agv_control/build/lib/agv_control
copying agv_control/keyboard_teleop.py -> /home/kenbio/sensor_ws/build/agv_control/build/lib/agv_control
copying agv_control/__init__.py -> /home/kenbio/sensor_ws/build/agv_control/build/lib/agv_control
copying agv_control/agv_bridge.py -> /home/kenbio/sensor_ws/build/agv_control/build/lib/agv_control
running install
running install_lib
creating /home/kenbio/sensor_ws/install/agv_control/lib/python3.12/site-packages/agv_control
copying /home/kenbio/sensor_ws/build/agv_control/build/lib/agv_control/keyboard_teleop.py -> /home/kenbio/sensor_ws/install/agv_control/lib/python3.12/site-packages/agv_control
copying /home/kenbio/sensor_ws/build/agv_control/build/lib/agv_control/__init__.py -> /home/kenbio/sensor_ws/install/agv_control/lib/python3.12/site-packages/agv_control
copying /home/kenbio/sensor_ws/build/agv_control/build/lib/agv_control/agv_bridge.py -> /home/kenbio/sensor_ws/install/agv_control/lib/python3.12/site-packages/agv_control
byte-compiling /home/kenbio/sensor_ws/install/agv_control/lib/python3.12/site-packages/agv_control/keyboard_teleop.py to keyboard_teleop.cpython-312.pyc
byte-compiling /home/kenbio/sensor_ws/install/agv_control/lib/python3.12/site-packages/agv_control/__init__.py to __init__.cpython-312.pyc
byte-compiling /home/kenbio/sensor_ws/install/agv_control/lib/python3.12/site-packages/agv_control/agv_bridge.py to agv_bridge.cpython-312.pyc
running install_data
creating /home/kenbio/sensor_ws/install/agv_control/share/ament_index
creating /home/kenbio/sensor_ws/install/agv_control/share/ament_index/resource_index
creating /home/kenbio/sensor_ws/install/agv_control/share/ament_index/resource_index/packages
copying resource/agv_control -> /home/kenbio/sensor_ws/install/agv_control/share/ament_index/resource_index/packages
copying package.xml -> /home/kenbio/sensor_ws/install/agv_control/share/agv_control
creating /home/kenbio/sensor_ws/install/agv_control/share/agv_control/launch
running install_egg_info
Copying ../../build/agv_control/agv_control.egg-info to /home/kenbio/sensor_ws/install/agv_control/lib/python3.12/site-packages/agv_control-0.0.1-py3.12.egg-info
running install_scripts
Installing agv_bridge script to /home/kenbio/sensor_ws/install/agv_control/lib/agv_control
Installing keyboard_teleop script to /home/kenbio/sensor_ws/install/agv_control/lib/agv_control
writing list of installed files to '/home/kenbio/sensor_ws/build/agv_control/install.log'
