[1.743s] Invoking command in '/home/kenbio/sensor_ws/src/agv_control': DEBUGINFOD_URLS=https://debuginfod.ubuntu.com PYTHONPATH=/home/kenbio/sensor_ws/build/agv_control/prefix_override:/usr/lib/python3/dist-packages/colcon_core/task/python/colcon_distutils_commands:/home/kenbio/sensor_ws/install/agv_control/lib/python3.12/site-packages:${PYTHONPATH} /usr/bin/python3 -W ignore:setup.py install is deprecated -W ignore:easy_install command is deprecated setup.py egg_info --egg-base ../../build/agv_control build --build-base /home/kenbio/sensor_ws/build/agv_control/build install --record /home/kenbio/sensor_ws/build/agv_control/install.log --single-version-externally-managed install_data
[2.337s] running egg_info
[2.337s] creating ../../build/agv_control/agv_control.egg-info
[2.383s] writing ../../build/agv_control/agv_control.egg-info/PKG-INFO
[2.383s] writing dependency_links to ../../build/agv_control/agv_control.egg-info/dependency_links.txt
[2.383s] writing entry points to ../../build/agv_control/agv_control.egg-info/entry_points.txt
[2.384s] writing requirements to ../../build/agv_control/agv_control.egg-info/requires.txt
[2.384s] writing top-level names to ../../build/agv_control/agv_control.egg-info/top_level.txt
[2.384s] writing manifest file '../../build/agv_control/agv_control.egg-info/SOURCES.txt'
[2.475s] reading manifest file '../../build/agv_control/agv_control.egg-info/SOURCES.txt'
[2.477s] writing manifest file '../../build/agv_control/agv_control.egg-info/SOURCES.txt'
[2.477s] running build
[2.477s] running build_py
[2.477s] creating /home/kenbio/sensor_ws/build/agv_control/build
[2.478s] creating /home/kenbio/sensor_ws/build/agv_control/build/lib
[2.478s] creating /home/kenbio/sensor_ws/build/agv_control/build/lib/agv_control
[2.478s] copying agv_control/keyboard_teleop.py -> /home/kenbio/sensor_ws/build/agv_control/build/lib/agv_control
[2.478s] copying agv_control/__init__.py -> /home/kenbio/sensor_ws/build/agv_control/build/lib/agv_control
[2.478s] copying agv_control/agv_bridge.py -> /home/kenbio/sensor_ws/build/agv_control/build/lib/agv_control
[2.479s] running install
[2.494s] running install_lib
[2.544s] creating /home/kenbio/sensor_ws/install/agv_control/lib/python3.12/site-packages/agv_control
[2.544s] copying /home/kenbio/sensor_ws/build/agv_control/build/lib/agv_control/keyboard_teleop.py -> /home/kenbio/sensor_ws/install/agv_control/lib/python3.12/site-packages/agv_control
[2.544s] copying /home/kenbio/sensor_ws/build/agv_control/build/lib/agv_control/__init__.py -> /home/kenbio/sensor_ws/install/agv_control/lib/python3.12/site-packages/agv_control
[2.545s] copying /home/kenbio/sensor_ws/build/agv_control/build/lib/agv_control/agv_bridge.py -> /home/kenbio/sensor_ws/install/agv_control/lib/python3.12/site-packages/agv_control
[2.546s] byte-compiling /home/kenbio/sensor_ws/install/agv_control/lib/python3.12/site-packages/agv_control/keyboard_teleop.py to keyboard_teleop.cpython-312.pyc
[2.548s] byte-compiling /home/kenbio/sensor_ws/install/agv_control/lib/python3.12/site-packages/agv_control/__init__.py to __init__.cpython-312.pyc
[2.548s] byte-compiling /home/kenbio/sensor_ws/install/agv_control/lib/python3.12/site-packages/agv_control/agv_bridge.py to agv_bridge.cpython-312.pyc
[2.555s] running install_data
[2.555s] creating /home/kenbio/sensor_ws/install/agv_control/share/ament_index
[2.555s] creating /home/kenbio/sensor_ws/install/agv_control/share/ament_index/resource_index
[2.555s] creating /home/kenbio/sensor_ws/install/agv_control/share/ament_index/resource_index/packages
[2.555s] copying resource/agv_control -> /home/kenbio/sensor_ws/install/agv_control/share/ament_index/resource_index/packages
[2.556s] copying package.xml -> /home/kenbio/sensor_ws/install/agv_control/share/agv_control
[2.556s] creating /home/kenbio/sensor_ws/install/agv_control/share/agv_control/launch
[2.556s] running install_egg_info
[2.605s] Copying ../../build/agv_control/agv_control.egg-info to /home/kenbio/sensor_ws/install/agv_control/lib/python3.12/site-packages/agv_control-0.0.1-py3.12.egg-info
[2.606s] running install_scripts
[2.808s] Installing agv_bridge script to /home/kenbio/sensor_ws/install/agv_control/lib/agv_control
[2.808s] Installing keyboard_teleop script to /home/kenbio/sensor_ws/install/agv_control/lib/agv_control
[2.809s] writing list of installed files to '/home/kenbio/sensor_ws/build/agv_control/install.log'
[2.851s] Invoked command in '/home/kenbio/sensor_ws/src/agv_control' returned '0': DEBUGINFOD_URLS=https://debuginfod.ubuntu.com PYTHONPATH=/home/kenbio/sensor_ws/build/agv_control/prefix_override:/usr/lib/python3/dist-packages/colcon_core/task/python/colcon_distutils_commands:/home/kenbio/sensor_ws/install/agv_control/lib/python3.12/site-packages:${PYTHONPATH} /usr/bin/python3 -W ignore:setup.py install is deprecated -W ignore:easy_install command is deprecated setup.py egg_info --egg-base ../../build/agv_control build --build-base /home/kenbio/sensor_ws/build/agv_control/build install --record /home/kenbio/sensor_ws/build/agv_control/install.log --single-version-externally-managed install_data
