[0.243s] DEBUG:colcon:Command line arguments: ['/usr/bin/colcon', 'build', '--packages-select', 'ldlidar', 'sensor_bringup']
[0.244s] DEBUG:colcon:Parsed command line arguments: Namespace(log_base=None, log_level=None, verb_name='build', build_base='build', install_base='install', merge_install=False, symlink_install=False, test_result_base=None, continue_on_error=False, executor='parallel', parallel_workers=4, event_handlers=None, ignore_user_meta=False, metas=['./colcon.meta'], base_paths=['.'], packages_ignore=None, packages_ignore_regex=None, paths=None, packages_up_to=None, packages_up_to_regex=None, packages_above=None, packages_above_and_dependencies=None, packages_above_depth=None, packages_select_by_dep=None, packages_skip_by_dep=None, packages_skip_up_to=None, packages_select_build_failed=False, packages_skip_build_finished=False, packages_select_test_failures=False, packages_skip_test_passed=False, packages_select=['ldlidar', 'sensor_bringup'], packages_skip=None, packages_select_regex=None, packages_skip_regex=None, packages_start=None, packages_end=None, allow_overriding=[], cmake_args=None, cmake_target=None, cmake_target_skip_unavailable=False, cmake_clean_cache=False, cmake_clean_first=False, cmake_force_configure=False, ament_cmake_args=None, catkin_cmake_args=None, catkin_skip_building_tests=False, verb_parser=<colcon_defaults.argument_parser.defaults.DefaultArgumentsDecorator object at 0x71d392279a00>, verb_extension=<colcon_core.verb.build.BuildVerb object at 0x71d3923f35c0>, main=<bound method BuildVerb.main of <colcon_core.verb.build.BuildVerb object at 0x71d3923f35c0>>)
[0.347s] Level 1:colcon.colcon_core.package_discovery:discover_packages(colcon_meta) check parameters
[0.348s] Level 1:colcon.colcon_core.package_discovery:discover_packages(recursive) check parameters
[0.348s] Level 1:colcon.colcon_core.package_discovery:discover_packages(ignore) check parameters
[0.348s] Level 1:colcon.colcon_core.package_discovery:discover_packages(path) check parameters
[0.348s] Level 1:colcon.colcon_core.package_discovery:discover_packages(colcon_meta) discover
[0.348s] Level 1:colcon.colcon_core.package_discovery:discover_packages(recursive) discover
[0.348s] INFO:colcon.colcon_core.package_discovery:Crawling recursively for packages in '/home/kenbio/sensor_ws'
[0.348s] Level 1:colcon.colcon_core.package_identification:_identify(.) by extensions ['ignore', 'ignore_ament_install']
[0.348s] Level 1:colcon.colcon_core.package_identification:_identify(.) by extension 'ignore'
[0.348s] Level 1:colcon.colcon_core.package_identification:_identify(.) by extension 'ignore_ament_install'
[0.348s] Level 1:colcon.colcon_core.package_identification:_identify(.) by extensions ['colcon_pkg']
[0.348s] Level 1:colcon.colcon_core.package_identification:_identify(.) by extension 'colcon_pkg'
[0.349s] Level 1:colcon.colcon_core.package_identification:_identify(.) by extensions ['colcon_meta']
[0.349s] Level 1:colcon.colcon_core.package_identification:_identify(.) by extension 'colcon_meta'
[0.349s] Level 1:colcon.colcon_core.package_identification:_identify(.) by extensions ['ros']
[0.349s] Level 1:colcon.colcon_core.package_identification:_identify(.) by extension 'ros'
[0.391s] Level 1:colcon.colcon_core.package_identification:_identify(.) by extensions ['cmake', 'python']
[0.391s] Level 1:colcon.colcon_core.package_identification:_identify(.) by extension 'cmake'
[0.391s] Level 1:colcon.colcon_core.package_identification:_identify(.) by extension 'python'
[0.391s] Level 1:colcon.colcon_core.package_identification:_identify(.) by extensions ['python_setup_py']
[0.391s] Level 1:colcon.colcon_core.package_identification:_identify(.) by extension 'python_setup_py'
[0.391s] Level 1:colcon.colcon_core.package_identification:_identify(build) by extensions ['ignore', 'ignore_ament_install']
[0.391s] Level 1:colcon.colcon_core.package_identification:_identify(build) by extension 'ignore'
[0.391s] Level 1:colcon.colcon_core.package_identification:_identify(build) ignored
[0.392s] Level 1:colcon.colcon_core.package_identification:_identify(install) by extensions ['ignore', 'ignore_ament_install']
[0.392s] Level 1:colcon.colcon_core.package_identification:_identify(install) by extension 'ignore'
[0.392s] Level 1:colcon.colcon_core.package_identification:_identify(install) ignored
[0.392s] Level 1:colcon.colcon_core.package_identification:_identify(log) by extensions ['ignore', 'ignore_ament_install']
[0.392s] Level 1:colcon.colcon_core.package_identification:_identify(log) by extension 'ignore'
[0.392s] Level 1:colcon.colcon_core.package_identification:_identify(log) ignored
[0.392s] Level 1:colcon.colcon_core.package_identification:_identify(src) by extensions ['ignore', 'ignore_ament_install']
[0.393s] Level 1:colcon.colcon_core.package_identification:_identify(src) by extension 'ignore'
[0.393s] Level 1:colcon.colcon_core.package_identification:_identify(src) by extension 'ignore_ament_install'
[0.393s] Level 1:colcon.colcon_core.package_identification:_identify(src) by extensions ['colcon_pkg']
[0.393s] Level 1:colcon.colcon_core.package_identification:_identify(src) by extension 'colcon_pkg'
[0.393s] Level 1:colcon.colcon_core.package_identification:_identify(src) by extensions ['colcon_meta']
[0.393s] Level 1:colcon.colcon_core.package_identification:_identify(src) by extension 'colcon_meta'
[0.393s] Level 1:colcon.colcon_core.package_identification:_identify(src) by extensions ['ros']
[0.393s] Level 1:colcon.colcon_core.package_identification:_identify(src) by extension 'ros'
[0.393s] Level 1:colcon.colcon_core.package_identification:_identify(src) by extensions ['cmake', 'python']
[0.393s] Level 1:colcon.colcon_core.package_identification:_identify(src) by extension 'cmake'
[0.393s] Level 1:colcon.colcon_core.package_identification:_identify(src) by extension 'python'
[0.393s] Level 1:colcon.colcon_core.package_identification:_identify(src) by extensions ['python_setup_py']
[0.393s] Level 1:colcon.colcon_core.package_identification:_identify(src) by extension 'python_setup_py'
[0.394s] Level 1:colcon.colcon_core.package_identification:_identify(src/agv_control) by extensions ['ignore', 'ignore_ament_install']
[0.394s] Level 1:colcon.colcon_core.package_identification:_identify(src/agv_control) by extension 'ignore'
[0.394s] Level 1:colcon.colcon_core.package_identification:_identify(src/agv_control) by extension 'ignore_ament_install'
[0.394s] Level 1:colcon.colcon_core.package_identification:_identify(src/agv_control) by extensions ['colcon_pkg']
[0.394s] Level 1:colcon.colcon_core.package_identification:_identify(src/agv_control) by extension 'colcon_pkg'
[0.394s] Level 1:colcon.colcon_core.package_identification:_identify(src/agv_control) by extensions ['colcon_meta']
[0.394s] Level 1:colcon.colcon_core.package_identification:_identify(src/agv_control) by extension 'colcon_meta'
[0.394s] Level 1:colcon.colcon_core.package_identification:_identify(src/agv_control) by extensions ['ros']
[0.394s] Level 1:colcon.colcon_core.package_identification:_identify(src/agv_control) by extension 'ros'
[0.398s] DEBUG:colcon.colcon_core.package_identification:Package 'src/agv_control' with type 'ros.ament_python' and name 'agv_control'
[0.399s] Level 1:colcon.colcon_core.package_identification:_identify(src/imu_ros2_device) by extensions ['ignore', 'ignore_ament_install']
[0.399s] Level 1:colcon.colcon_core.package_identification:_identify(src/imu_ros2_device) by extension 'ignore'
[0.399s] Level 1:colcon.colcon_core.package_identification:_identify(src/imu_ros2_device) by extension 'ignore_ament_install'
[0.399s] Level 1:colcon.colcon_core.package_identification:_identify(src/imu_ros2_device) by extensions ['colcon_pkg']
[0.399s] Level 1:colcon.colcon_core.package_identification:_identify(src/imu_ros2_device) by extension 'colcon_pkg'
[0.399s] Level 1:colcon.colcon_core.package_identification:_identify(src/imu_ros2_device) by extensions ['colcon_meta']
[0.399s] Level 1:colcon.colcon_core.package_identification:_identify(src/imu_ros2_device) by extension 'colcon_meta'
[0.399s] Level 1:colcon.colcon_core.package_identification:_identify(src/imu_ros2_device) by extensions ['ros']
[0.399s] Level 1:colcon.colcon_core.package_identification:_identify(src/imu_ros2_device) by extension 'ros'
[0.400s] DEBUG:colcon.colcon_core.package_identification:Package 'src/imu_ros2_device' with type 'ros.ament_python' and name 'imu_ros2_device'
[0.400s] Level 1:colcon.colcon_core.package_identification:_identify(src/ldlidar_ros2) by extensions ['ignore', 'ignore_ament_install']
[0.400s] Level 1:colcon.colcon_core.package_identification:_identify(src/ldlidar_ros2) by extension 'ignore'
[0.400s] Level 1:colcon.colcon_core.package_identification:_identify(src/ldlidar_ros2) by extension 'ignore_ament_install'
[0.400s] Level 1:colcon.colcon_core.package_identification:_identify(src/ldlidar_ros2) by extensions ['colcon_pkg']
[0.400s] Level 1:colcon.colcon_core.package_identification:_identify(src/ldlidar_ros2) by extension 'colcon_pkg'
[0.400s] Level 1:colcon.colcon_core.package_identification:_identify(src/ldlidar_ros2) by extensions ['colcon_meta']
[0.401s] Level 1:colcon.colcon_core.package_identification:_identify(src/ldlidar_ros2) by extension 'colcon_meta'
[0.401s] Level 1:colcon.colcon_core.package_identification:_identify(src/ldlidar_ros2) by extensions ['ros']
[0.401s] Level 1:colcon.colcon_core.package_identification:_identify(src/ldlidar_ros2) by extension 'ros'
[0.401s] Level 1:colcon.colcon_core.package_identification:_identify(src/ldlidar_ros2) by extensions ['cmake', 'python']
[0.401s] Level 1:colcon.colcon_core.package_identification:_identify(src/ldlidar_ros2) by extension 'cmake'
[0.401s] Level 1:colcon.colcon_core.package_identification:_identify(src/ldlidar_ros2) by extension 'python'
[0.401s] Level 1:colcon.colcon_core.package_identification:_identify(src/ldlidar_ros2) by extensions ['python_setup_py']
[0.401s] Level 1:colcon.colcon_core.package_identification:_identify(src/ldlidar_ros2) by extension 'python_setup_py'
[0.401s] Level 1:colcon.colcon_core.package_identification:_identify(src/ldlidar_ros2/ldlidar) by extensions ['ignore', 'ignore_ament_install']
[0.401s] Level 1:colcon.colcon_core.package_identification:_identify(src/ldlidar_ros2/ldlidar) by extension 'ignore'
[0.401s] Level 1:colcon.colcon_core.package_identification:_identify(src/ldlidar_ros2/ldlidar) by extension 'ignore_ament_install'
[0.401s] Level 1:colcon.colcon_core.package_identification:_identify(src/ldlidar_ros2/ldlidar) by extensions ['colcon_pkg']
[0.401s] Level 1:colcon.colcon_core.package_identification:_identify(src/ldlidar_ros2/ldlidar) by extension 'colcon_pkg'
[0.401s] Level 1:colcon.colcon_core.package_identification:_identify(src/ldlidar_ros2/ldlidar) by extensions ['colcon_meta']
[0.401s] Level 1:colcon.colcon_core.package_identification:_identify(src/ldlidar_ros2/ldlidar) by extension 'colcon_meta'
[0.401s] Level 1:colcon.colcon_core.package_identification:_identify(src/ldlidar_ros2/ldlidar) by extensions ['ros']
[0.402s] Level 1:colcon.colcon_core.package_identification:_identify(src/ldlidar_ros2/ldlidar) by extension 'ros'
[0.402s] DEBUG:colcon.colcon_core.package_identification:Package 'src/ldlidar_ros2/ldlidar' with type 'ros.ament_cmake' and name 'ldlidar'
[0.402s] Level 1:colcon.colcon_core.package_identification:_identify(src/ldlidar_ros2/ldlidar_driver) by extensions ['ignore', 'ignore_ament_install']
[0.402s] Level 1:colcon.colcon_core.package_identification:_identify(src/ldlidar_ros2/ldlidar_driver) by extension 'ignore'
[0.402s] Level 1:colcon.colcon_core.package_identification:_identify(src/ldlidar_ros2/ldlidar_driver) by extension 'ignore_ament_install'
[0.403s] Level 1:colcon.colcon_core.package_identification:_identify(src/ldlidar_ros2/ldlidar_driver) by extensions ['colcon_pkg']
[0.403s] Level 1:colcon.colcon_core.package_identification:_identify(src/ldlidar_ros2/ldlidar_driver) by extension 'colcon_pkg'
[0.403s] Level 1:colcon.colcon_core.package_identification:_identify(src/ldlidar_ros2/ldlidar_driver) by extensions ['colcon_meta']
[0.403s] Level 1:colcon.colcon_core.package_identification:_identify(src/ldlidar_ros2/ldlidar_driver) by extension 'colcon_meta'
[0.403s] Level 1:colcon.colcon_core.package_identification:_identify(src/ldlidar_ros2/ldlidar_driver) by extensions ['ros']
[0.403s] Level 1:colcon.colcon_core.package_identification:_identify(src/ldlidar_ros2/ldlidar_driver) by extension 'ros'
[0.403s] Level 1:colcon.colcon_core.package_identification:_identify(src/ldlidar_ros2/ldlidar_driver) by extensions ['cmake', 'python']
[0.403s] Level 1:colcon.colcon_core.package_identification:_identify(src/ldlidar_ros2/ldlidar_driver) by extension 'cmake'
[0.403s] Level 1:colcon.colcon_core.package_identification:_identify(src/ldlidar_ros2/ldlidar_driver) by extension 'python'
[0.403s] Level 1:colcon.colcon_core.package_identification:_identify(src/ldlidar_ros2/ldlidar_driver) by extensions ['python_setup_py']
[0.403s] Level 1:colcon.colcon_core.package_identification:_identify(src/ldlidar_ros2/ldlidar_driver) by extension 'python_setup_py'
[0.403s] Level 1:colcon.colcon_core.package_identification:_identify(src/ldlidar_ros2/ldlidar_driver/include) by extensions ['ignore', 'ignore_ament_install']
[0.403s] Level 1:colcon.colcon_core.package_identification:_identify(src/ldlidar_ros2/ldlidar_driver/include) by extension 'ignore'
[0.403s] Level 1:colcon.colcon_core.package_identification:_identify(src/ldlidar_ros2/ldlidar_driver/include) by extension 'ignore_ament_install'
[0.404s] Level 1:colcon.colcon_core.package_identification:_identify(src/ldlidar_ros2/ldlidar_driver/include) by extensions ['colcon_pkg']
[0.404s] Level 1:colcon.colcon_core.package_identification:_identify(src/ldlidar_ros2/ldlidar_driver/include) by extension 'colcon_pkg'
[0.404s] Level 1:colcon.colcon_core.package_identification:_identify(src/ldlidar_ros2/ldlidar_driver/include) by extensions ['colcon_meta']
[0.404s] Level 1:colcon.colcon_core.package_identification:_identify(src/ldlidar_ros2/ldlidar_driver/include) by extension 'colcon_meta'
[0.404s] Level 1:colcon.colcon_core.package_identification:_identify(src/ldlidar_ros2/ldlidar_driver/include) by extensions ['ros']
[0.404s] Level 1:colcon.colcon_core.package_identification:_identify(src/ldlidar_ros2/ldlidar_driver/include) by extension 'ros'
[0.404s] Level 1:colcon.colcon_core.package_identification:_identify(src/ldlidar_ros2/ldlidar_driver/include) by extensions ['cmake', 'python']
[0.404s] Level 1:colcon.colcon_core.package_identification:_identify(src/ldlidar_ros2/ldlidar_driver/include) by extension 'cmake'
[0.404s] Level 1:colcon.colcon_core.package_identification:_identify(src/ldlidar_ros2/ldlidar_driver/include) by extension 'python'
[0.404s] Level 1:colcon.colcon_core.package_identification:_identify(src/ldlidar_ros2/ldlidar_driver/include) by extensions ['python_setup_py']
[0.404s] Level 1:colcon.colcon_core.package_identification:_identify(src/ldlidar_ros2/ldlidar_driver/include) by extension 'python_setup_py'
[0.404s] Level 1:colcon.colcon_core.package_identification:_identify(src/ldlidar_ros2/ldlidar_driver/include/core) by extensions ['ignore', 'ignore_ament_install']
[0.404s] Level 1:colcon.colcon_core.package_identification:_identify(src/ldlidar_ros2/ldlidar_driver/include/core) by extension 'ignore'
[0.404s] Level 1:colcon.colcon_core.package_identification:_identify(src/ldlidar_ros2/ldlidar_driver/include/core) by extension 'ignore_ament_install'
[0.404s] Level 1:colcon.colcon_core.package_identification:_identify(src/ldlidar_ros2/ldlidar_driver/include/core) by extensions ['colcon_pkg']
[0.404s] Level 1:colcon.colcon_core.package_identification:_identify(src/ldlidar_ros2/ldlidar_driver/include/core) by extension 'colcon_pkg'
[0.405s] Level 1:colcon.colcon_core.package_identification:_identify(src/ldlidar_ros2/ldlidar_driver/include/core) by extensions ['colcon_meta']
[0.405s] Level 1:colcon.colcon_core.package_identification:_identify(src/ldlidar_ros2/ldlidar_driver/include/core) by extension 'colcon_meta'
[0.405s] Level 1:colcon.colcon_core.package_identification:_identify(src/ldlidar_ros2/ldlidar_driver/include/core) by extensions ['ros']
[0.405s] Level 1:colcon.colcon_core.package_identification:_identify(src/ldlidar_ros2/ldlidar_driver/include/core) by extension 'ros'
[0.405s] Level 1:colcon.colcon_core.package_identification:_identify(src/ldlidar_ros2/ldlidar_driver/include/core) by extensions ['cmake', 'python']
[0.405s] Level 1:colcon.colcon_core.package_identification:_identify(src/ldlidar_ros2/ldlidar_driver/include/core) by extension 'cmake'
[0.405s] Level 1:colcon.colcon_core.package_identification:_identify(src/ldlidar_ros2/ldlidar_driver/include/core) by extension 'python'
[0.405s] Level 1:colcon.colcon_core.package_identification:_identify(src/ldlidar_ros2/ldlidar_driver/include/core) by extensions ['python_setup_py']
[0.405s] Level 1:colcon.colcon_core.package_identification:_identify(src/ldlidar_ros2/ldlidar_driver/include/core) by extension 'python_setup_py'
[0.405s] Level 1:colcon.colcon_core.package_identification:_identify(src/ldlidar_ros2/ldlidar_driver/include/dataprocess) by extensions ['ignore', 'ignore_ament_install']
[0.405s] Level 1:colcon.colcon_core.package_identification:_identify(src/ldlidar_ros2/ldlidar_driver/include/dataprocess) by extension 'ignore'
[0.405s] Level 1:colcon.colcon_core.package_identification:_identify(src/ldlidar_ros2/ldlidar_driver/include/dataprocess) by extension 'ignore_ament_install'
[0.405s] Level 1:colcon.colcon_core.package_identification:_identify(src/ldlidar_ros2/ldlidar_driver/include/dataprocess) by extensions ['colcon_pkg']
[0.405s] Level 1:colcon.colcon_core.package_identification:_identify(src/ldlidar_ros2/ldlidar_driver/include/dataprocess) by extension 'colcon_pkg'
[0.405s] Level 1:colcon.colcon_core.package_identification:_identify(src/ldlidar_ros2/ldlidar_driver/include/dataprocess) by extensions ['colcon_meta']
[0.406s] Level 1:colcon.colcon_core.package_identification:_identify(src/ldlidar_ros2/ldlidar_driver/include/dataprocess) by extension 'colcon_meta'
[0.406s] Level 1:colcon.colcon_core.package_identification:_identify(src/ldlidar_ros2/ldlidar_driver/include/dataprocess) by extensions ['ros']
[0.406s] Level 1:colcon.colcon_core.package_identification:_identify(src/ldlidar_ros2/ldlidar_driver/include/dataprocess) by extension 'ros'
[0.406s] Level 1:colcon.colcon_core.package_identification:_identify(src/ldlidar_ros2/ldlidar_driver/include/dataprocess) by extensions ['cmake', 'python']
[0.406s] Level 1:colcon.colcon_core.package_identification:_identify(src/ldlidar_ros2/ldlidar_driver/include/dataprocess) by extension 'cmake'
[0.406s] Level 1:colcon.colcon_core.package_identification:_identify(src/ldlidar_ros2/ldlidar_driver/include/dataprocess) by extension 'python'
[0.406s] Level 1:colcon.colcon_core.package_identification:_identify(src/ldlidar_ros2/ldlidar_driver/include/dataprocess) by extensions ['python_setup_py']
[0.406s] Level 1:colcon.colcon_core.package_identification:_identify(src/ldlidar_ros2/ldlidar_driver/include/dataprocess) by extension 'python_setup_py'
[0.406s] Level 1:colcon.colcon_core.package_identification:_identify(src/ldlidar_ros2/ldlidar_driver/include/filter) by extensions ['ignore', 'ignore_ament_install']
[0.406s] Level 1:colcon.colcon_core.package_identification:_identify(src/ldlidar_ros2/ldlidar_driver/include/filter) by extension 'ignore'
[0.406s] Level 1:colcon.colcon_core.package_identification:_identify(src/ldlidar_ros2/ldlidar_driver/include/filter) by extension 'ignore_ament_install'
[0.406s] Level 1:colcon.colcon_core.package_identification:_identify(src/ldlidar_ros2/ldlidar_driver/include/filter) by extensions ['colcon_pkg']
[0.406s] Level 1:colcon.colcon_core.package_identification:_identify(src/ldlidar_ros2/ldlidar_driver/include/filter) by extension 'colcon_pkg'
[0.406s] Level 1:colcon.colcon_core.package_identification:_identify(src/ldlidar_ros2/ldlidar_driver/include/filter) by extensions ['colcon_meta']
[0.406s] Level 1:colcon.colcon_core.package_identification:_identify(src/ldlidar_ros2/ldlidar_driver/include/filter) by extension 'colcon_meta'
[0.407s] Level 1:colcon.colcon_core.package_identification:_identify(src/ldlidar_ros2/ldlidar_driver/include/filter) by extensions ['ros']
[0.407s] Level 1:colcon.colcon_core.package_identification:_identify(src/ldlidar_ros2/ldlidar_driver/include/filter) by extension 'ros'
[0.407s] Level 1:colcon.colcon_core.package_identification:_identify(src/ldlidar_ros2/ldlidar_driver/include/filter) by extensions ['cmake', 'python']
[0.407s] Level 1:colcon.colcon_core.package_identification:_identify(src/ldlidar_ros2/ldlidar_driver/include/filter) by extension 'cmake'
[0.407s] Level 1:colcon.colcon_core.package_identification:_identify(src/ldlidar_ros2/ldlidar_driver/include/filter) by extension 'python'
[0.407s] Level 1:colcon.colcon_core.package_identification:_identify(src/ldlidar_ros2/ldlidar_driver/include/filter) by extensions ['python_setup_py']
[0.407s] Level 1:colcon.colcon_core.package_identification:_identify(src/ldlidar_ros2/ldlidar_driver/include/filter) by extension 'python_setup_py'
[0.407s] Level 1:colcon.colcon_core.package_identification:_identify(src/ldlidar_ros2/ldlidar_driver/include/logger) by extensions ['ignore', 'ignore_ament_install']
[0.407s] Level 1:colcon.colcon_core.package_identification:_identify(src/ldlidar_ros2/ldlidar_driver/include/logger) by extension 'ignore'
[0.407s] Level 1:colcon.colcon_core.package_identification:_identify(src/ldlidar_ros2/ldlidar_driver/include/logger) by extension 'ignore_ament_install'
[0.407s] Level 1:colcon.colcon_core.package_identification:_identify(src/ldlidar_ros2/ldlidar_driver/include/logger) by extensions ['colcon_pkg']
[0.407s] Level 1:colcon.colcon_core.package_identification:_identify(src/ldlidar_ros2/ldlidar_driver/include/logger) by extension 'colcon_pkg'
[0.407s] Level 1:colcon.colcon_core.package_identification:_identify(src/ldlidar_ros2/ldlidar_driver/include/logger) by extensions ['colcon_meta']
[0.407s] Level 1:colcon.colcon_core.package_identification:_identify(src/ldlidar_ros2/ldlidar_driver/include/logger) by extension 'colcon_meta'
[0.407s] Level 1:colcon.colcon_core.package_identification:_identify(src/ldlidar_ros2/ldlidar_driver/include/logger) by extensions ['ros']
[0.408s] Level 1:colcon.colcon_core.package_identification:_identify(src/ldlidar_ros2/ldlidar_driver/include/logger) by extension 'ros'
[0.408s] Level 1:colcon.colcon_core.package_identification:_identify(src/ldlidar_ros2/ldlidar_driver/include/logger) by extensions ['cmake', 'python']
[0.408s] Level 1:colcon.colcon_core.package_identification:_identify(src/ldlidar_ros2/ldlidar_driver/include/logger) by extension 'cmake'
[0.408s] Level 1:colcon.colcon_core.package_identification:_identify(src/ldlidar_ros2/ldlidar_driver/include/logger) by extension 'python'
[0.408s] Level 1:colcon.colcon_core.package_identification:_identify(src/ldlidar_ros2/ldlidar_driver/include/logger) by extensions ['python_setup_py']
[0.408s] Level 1:colcon.colcon_core.package_identification:_identify(src/ldlidar_ros2/ldlidar_driver/include/logger) by extension 'python_setup_py'
[0.408s] Level 1:colcon.colcon_core.package_identification:_identify(src/ldlidar_ros2/ldlidar_driver/include/networkcom) by extensions ['ignore', 'ignore_ament_install']
[0.408s] Level 1:colcon.colcon_core.package_identification:_identify(src/ldlidar_ros2/ldlidar_driver/include/networkcom) by extension 'ignore'
[0.408s] Level 1:colcon.colcon_core.package_identification:_identify(src/ldlidar_ros2/ldlidar_driver/include/networkcom) by extension 'ignore_ament_install'
[0.408s] Level 1:colcon.colcon_core.package_identification:_identify(src/ldlidar_ros2/ldlidar_driver/include/networkcom) by extensions ['colcon_pkg']
[0.408s] Level 1:colcon.colcon_core.package_identification:_identify(src/ldlidar_ros2/ldlidar_driver/include/networkcom) by extension 'colcon_pkg'
[0.408s] Level 1:colcon.colcon_core.package_identification:_identify(src/ldlidar_ros2/ldlidar_driver/include/networkcom) by extensions ['colcon_meta']
[0.408s] Level 1:colcon.colcon_core.package_identification:_identify(src/ldlidar_ros2/ldlidar_driver/include/networkcom) by extension 'colcon_meta'
[0.408s] Level 1:colcon.colcon_core.package_identification:_identify(src/ldlidar_ros2/ldlidar_driver/include/networkcom) by extensions ['ros']
[0.408s] Level 1:colcon.colcon_core.package_identification:_identify(src/ldlidar_ros2/ldlidar_driver/include/networkcom) by extension 'ros'
[0.409s] Level 1:colcon.colcon_core.package_identification:_identify(src/ldlidar_ros2/ldlidar_driver/include/networkcom) by extensions ['cmake', 'python']
[0.409s] Level 1:colcon.colcon_core.package_identification:_identify(src/ldlidar_ros2/ldlidar_driver/include/networkcom) by extension 'cmake'
[0.409s] Level 1:colcon.colcon_core.package_identification:_identify(src/ldlidar_ros2/ldlidar_driver/include/networkcom) by extension 'python'
[0.409s] Level 1:colcon.colcon_core.package_identification:_identify(src/ldlidar_ros2/ldlidar_driver/include/networkcom) by extensions ['python_setup_py']
[0.409s] Level 1:colcon.colcon_core.package_identification:_identify(src/ldlidar_ros2/ldlidar_driver/include/networkcom) by extension 'python_setup_py'
[0.409s] Level 1:colcon.colcon_core.package_identification:_identify(src/ldlidar_ros2/ldlidar_driver/include/serialcom) by extensions ['ignore', 'ignore_ament_install']
[0.409s] Level 1:colcon.colcon_core.package_identification:_identify(src/ldlidar_ros2/ldlidar_driver/include/serialcom) by extension 'ignore'
[0.409s] Level 1:colcon.colcon_core.package_identification:_identify(src/ldlidar_ros2/ldlidar_driver/include/serialcom) by extension 'ignore_ament_install'
[0.409s] Level 1:colcon.colcon_core.package_identification:_identify(src/ldlidar_ros2/ldlidar_driver/include/serialcom) by extensions ['colcon_pkg']
[0.409s] Level 1:colcon.colcon_core.package_identification:_identify(src/ldlidar_ros2/ldlidar_driver/include/serialcom) by extension 'colcon_pkg'
[0.409s] Level 1:colcon.colcon_core.package_identification:_identify(src/ldlidar_ros2/ldlidar_driver/include/serialcom) by extensions ['colcon_meta']
[0.409s] Level 1:colcon.colcon_core.package_identification:_identify(src/ldlidar_ros2/ldlidar_driver/include/serialcom) by extension 'colcon_meta'
[0.409s] Level 1:colcon.colcon_core.package_identification:_identify(src/ldlidar_ros2/ldlidar_driver/include/serialcom) by extensions ['ros']
[0.409s] Level 1:colcon.colcon_core.package_identification:_identify(src/ldlidar_ros2/ldlidar_driver/include/serialcom) by extension 'ros'
[0.410s] Level 1:colcon.colcon_core.package_identification:_identify(src/ldlidar_ros2/ldlidar_driver/include/serialcom) by extensions ['cmake', 'python']
[0.410s] Level 1:colcon.colcon_core.package_identification:_identify(src/ldlidar_ros2/ldlidar_driver/include/serialcom) by extension 'cmake'
[0.410s] Level 1:colcon.colcon_core.package_identification:_identify(src/ldlidar_ros2/ldlidar_driver/include/serialcom) by extension 'python'
[0.410s] Level 1:colcon.colcon_core.package_identification:_identify(src/ldlidar_ros2/ldlidar_driver/include/serialcom) by extensions ['python_setup_py']
[0.410s] Level 1:colcon.colcon_core.package_identification:_identify(src/ldlidar_ros2/ldlidar_driver/include/serialcom) by extension 'python_setup_py'
[0.410s] Level 1:colcon.colcon_core.package_identification:_identify(src/ldlidar_ros2/ldlidar_driver/src) by extensions ['ignore', 'ignore_ament_install']
[0.410s] Level 1:colcon.colcon_core.package_identification:_identify(src/ldlidar_ros2/ldlidar_driver/src) by extension 'ignore'
[0.410s] Level 1:colcon.colcon_core.package_identification:_identify(src/ldlidar_ros2/ldlidar_driver/src) by extension 'ignore_ament_install'
[0.410s] Level 1:colcon.colcon_core.package_identification:_identify(src/ldlidar_ros2/ldlidar_driver/src) by extensions ['colcon_pkg']
[0.410s] Level 1:colcon.colcon_core.package_identification:_identify(src/ldlidar_ros2/ldlidar_driver/src) by extension 'colcon_pkg'
[0.410s] Level 1:colcon.colcon_core.package_identification:_identify(src/ldlidar_ros2/ldlidar_driver/src) by extensions ['colcon_meta']
[0.410s] Level 1:colcon.colcon_core.package_identification:_identify(src/ldlidar_ros2/ldlidar_driver/src) by extension 'colcon_meta'
[0.410s] Level 1:colcon.colcon_core.package_identification:_identify(src/ldlidar_ros2/ldlidar_driver/src) by extensions ['ros']
[0.410s] Level 1:colcon.colcon_core.package_identification:_identify(src/ldlidar_ros2/ldlidar_driver/src) by extension 'ros'
[0.410s] Level 1:colcon.colcon_core.package_identification:_identify(src/ldlidar_ros2/ldlidar_driver/src) by extensions ['cmake', 'python']
[0.411s] Level 1:colcon.colcon_core.package_identification:_identify(src/ldlidar_ros2/ldlidar_driver/src) by extension 'cmake'
[0.411s] Level 1:colcon.colcon_core.package_identification:_identify(src/ldlidar_ros2/ldlidar_driver/src) by extension 'python'
[0.411s] Level 1:colcon.colcon_core.package_identification:_identify(src/ldlidar_ros2/ldlidar_driver/src) by extensions ['python_setup_py']
[0.411s] Level 1:colcon.colcon_core.package_identification:_identify(src/ldlidar_ros2/ldlidar_driver/src) by extension 'python_setup_py'
[0.411s] Level 1:colcon.colcon_core.package_identification:_identify(src/ldlidar_ros2/ldlidar_driver/src/core) by extensions ['ignore', 'ignore_ament_install']
[0.411s] Level 1:colcon.colcon_core.package_identification:_identify(src/ldlidar_ros2/ldlidar_driver/src/core) by extension 'ignore'
[0.411s] Level 1:colcon.colcon_core.package_identification:_identify(src/ldlidar_ros2/ldlidar_driver/src/core) by extension 'ignore_ament_install'
[0.411s] Level 1:colcon.colcon_core.package_identification:_identify(src/ldlidar_ros2/ldlidar_driver/src/core) by extensions ['colcon_pkg']
[0.411s] Level 1:colcon.colcon_core.package_identification:_identify(src/ldlidar_ros2/ldlidar_driver/src/core) by extension 'colcon_pkg'
[0.411s] Level 1:colcon.colcon_core.package_identification:_identify(src/ldlidar_ros2/ldlidar_driver/src/core) by extensions ['colcon_meta']
[0.411s] Level 1:colcon.colcon_core.package_identification:_identify(src/ldlidar_ros2/ldlidar_driver/src/core) by extension 'colcon_meta'
[0.411s] Level 1:colcon.colcon_core.package_identification:_identify(src/ldlidar_ros2/ldlidar_driver/src/core) by extensions ['ros']
[0.411s] Level 1:colcon.colcon_core.package_identification:_identify(src/ldlidar_ros2/ldlidar_driver/src/core) by extension 'ros'
[0.411s] Level 1:colcon.colcon_core.package_identification:_identify(src/ldlidar_ros2/ldlidar_driver/src/core) by extensions ['cmake', 'python']
[0.411s] Level 1:colcon.colcon_core.package_identification:_identify(src/ldlidar_ros2/ldlidar_driver/src/core) by extension 'cmake'
[0.411s] Level 1:colcon.colcon_core.package_identification:_identify(src/ldlidar_ros2/ldlidar_driver/src/core) by extension 'python'
[0.412s] Level 1:colcon.colcon_core.package_identification:_identify(src/ldlidar_ros2/ldlidar_driver/src/core) by extensions ['python_setup_py']
[0.412s] Level 1:colcon.colcon_core.package_identification:_identify(src/ldlidar_ros2/ldlidar_driver/src/core) by extension 'python_setup_py'
[0.412s] Level 1:colcon.colcon_core.package_identification:_identify(src/ldlidar_ros2/ldlidar_driver/src/dataprocess) by extensions ['ignore', 'ignore_ament_install']
[0.412s] Level 1:colcon.colcon_core.package_identification:_identify(src/ldlidar_ros2/ldlidar_driver/src/dataprocess) by extension 'ignore'
[0.412s] Level 1:colcon.colcon_core.package_identification:_identify(src/ldlidar_ros2/ldlidar_driver/src/dataprocess) by extension 'ignore_ament_install'
[0.412s] Level 1:colcon.colcon_core.package_identification:_identify(src/ldlidar_ros2/ldlidar_driver/src/dataprocess) by extensions ['colcon_pkg']
[0.412s] Level 1:colcon.colcon_core.package_identification:_identify(src/ldlidar_ros2/ldlidar_driver/src/dataprocess) by extension 'colcon_pkg'
[0.412s] Level 1:colcon.colcon_core.package_identification:_identify(src/ldlidar_ros2/ldlidar_driver/src/dataprocess) by extensions ['colcon_meta']
[0.412s] Level 1:colcon.colcon_core.package_identification:_identify(src/ldlidar_ros2/ldlidar_driver/src/dataprocess) by extension 'colcon_meta'
[0.412s] Level 1:colcon.colcon_core.package_identification:_identify(src/ldlidar_ros2/ldlidar_driver/src/dataprocess) by extensions ['ros']
[0.412s] Level 1:colcon.colcon_core.package_identification:_identify(src/ldlidar_ros2/ldlidar_driver/src/dataprocess) by extension 'ros'
[0.412s] Level 1:colcon.colcon_core.package_identification:_identify(src/ldlidar_ros2/ldlidar_driver/src/dataprocess) by extensions ['cmake', 'python']
[0.412s] Level 1:colcon.colcon_core.package_identification:_identify(src/ldlidar_ros2/ldlidar_driver/src/dataprocess) by extension 'cmake'
[0.412s] Level 1:colcon.colcon_core.package_identification:_identify(src/ldlidar_ros2/ldlidar_driver/src/dataprocess) by extension 'python'
[0.413s] Level 1:colcon.colcon_core.package_identification:_identify(src/ldlidar_ros2/ldlidar_driver/src/dataprocess) by extensions ['python_setup_py']
[0.413s] Level 1:colcon.colcon_core.package_identification:_identify(src/ldlidar_ros2/ldlidar_driver/src/dataprocess) by extension 'python_setup_py'
[0.413s] Level 1:colcon.colcon_core.package_identification:_identify(src/ldlidar_ros2/ldlidar_driver/src/filter) by extensions ['ignore', 'ignore_ament_install']
[0.413s] Level 1:colcon.colcon_core.package_identification:_identify(src/ldlidar_ros2/ldlidar_driver/src/filter) by extension 'ignore'
[0.413s] Level 1:colcon.colcon_core.package_identification:_identify(src/ldlidar_ros2/ldlidar_driver/src/filter) by extension 'ignore_ament_install'
[0.413s] Level 1:colcon.colcon_core.package_identification:_identify(src/ldlidar_ros2/ldlidar_driver/src/filter) by extensions ['colcon_pkg']
[0.413s] Level 1:colcon.colcon_core.package_identification:_identify(src/ldlidar_ros2/ldlidar_driver/src/filter) by extension 'colcon_pkg'
[0.413s] Level 1:colcon.colcon_core.package_identification:_identify(src/ldlidar_ros2/ldlidar_driver/src/filter) by extensions ['colcon_meta']
[0.413s] Level 1:colcon.colcon_core.package_identification:_identify(src/ldlidar_ros2/ldlidar_driver/src/filter) by extension 'colcon_meta'
[0.413s] Level 1:colcon.colcon_core.package_identification:_identify(src/ldlidar_ros2/ldlidar_driver/src/filter) by extensions ['ros']
[0.413s] Level 1:colcon.colcon_core.package_identification:_identify(src/ldlidar_ros2/ldlidar_driver/src/filter) by extension 'ros'
[0.413s] Level 1:colcon.colcon_core.package_identification:_identify(src/ldlidar_ros2/ldlidar_driver/src/filter) by extensions ['cmake', 'python']
[0.413s] Level 1:colcon.colcon_core.package_identification:_identify(src/ldlidar_ros2/ldlidar_driver/src/filter) by extension 'cmake'
[0.413s] Level 1:colcon.colcon_core.package_identification:_identify(src/ldlidar_ros2/ldlidar_driver/src/filter) by extension 'python'
[0.413s] Level 1:colcon.colcon_core.package_identification:_identify(src/ldlidar_ros2/ldlidar_driver/src/filter) by extensions ['python_setup_py']
[0.413s] Level 1:colcon.colcon_core.package_identification:_identify(src/ldlidar_ros2/ldlidar_driver/src/filter) by extension 'python_setup_py'
[0.414s] Level 1:colcon.colcon_core.package_identification:_identify(src/ldlidar_ros2/ldlidar_driver/src/logger) by extensions ['ignore', 'ignore_ament_install']
[0.414s] Level 1:colcon.colcon_core.package_identification:_identify(src/ldlidar_ros2/ldlidar_driver/src/logger) by extension 'ignore'
[0.414s] Level 1:colcon.colcon_core.package_identification:_identify(src/ldlidar_ros2/ldlidar_driver/src/logger) by extension 'ignore_ament_install'
[0.414s] Level 1:colcon.colcon_core.package_identification:_identify(src/ldlidar_ros2/ldlidar_driver/src/logger) by extensions ['colcon_pkg']
[0.414s] Level 1:colcon.colcon_core.package_identification:_identify(src/ldlidar_ros2/ldlidar_driver/src/logger) by extension 'colcon_pkg'
[0.414s] Level 1:colcon.colcon_core.package_identification:_identify(src/ldlidar_ros2/ldlidar_driver/src/logger) by extensions ['colcon_meta']
[0.414s] Level 1:colcon.colcon_core.package_identification:_identify(src/ldlidar_ros2/ldlidar_driver/src/logger) by extension 'colcon_meta'
[0.414s] Level 1:colcon.colcon_core.package_identification:_identify(src/ldlidar_ros2/ldlidar_driver/src/logger) by extensions ['ros']
[0.414s] Level 1:colcon.colcon_core.package_identification:_identify(src/ldlidar_ros2/ldlidar_driver/src/logger) by extension 'ros'
[0.414s] Level 1:colcon.colcon_core.package_identification:_identify(src/ldlidar_ros2/ldlidar_driver/src/logger) by extensions ['cmake', 'python']
[0.414s] Level 1:colcon.colcon_core.package_identification:_identify(src/ldlidar_ros2/ldlidar_driver/src/logger) by extension 'cmake'
[0.414s] Level 1:colcon.colcon_core.package_identification:_identify(src/ldlidar_ros2/ldlidar_driver/src/logger) by extension 'python'
[0.414s] Level 1:colcon.colcon_core.package_identification:_identify(src/ldlidar_ros2/ldlidar_driver/src/logger) by extensions ['python_setup_py']
[0.414s] Level 1:colcon.colcon_core.package_identification:_identify(src/ldlidar_ros2/ldlidar_driver/src/logger) by extension 'python_setup_py'
[0.415s] Level 1:colcon.colcon_core.package_identification:_identify(src/ldlidar_ros2/ldlidar_driver/src/networkcom) by extensions ['ignore', 'ignore_ament_install']
[0.415s] Level 1:colcon.colcon_core.package_identification:_identify(src/ldlidar_ros2/ldlidar_driver/src/networkcom) by extension 'ignore'
[0.415s] Level 1:colcon.colcon_core.package_identification:_identify(src/ldlidar_ros2/ldlidar_driver/src/networkcom) by extension 'ignore_ament_install'
[0.415s] Level 1:colcon.colcon_core.package_identification:_identify(src/ldlidar_ros2/ldlidar_driver/src/networkcom) by extensions ['colcon_pkg']
[0.415s] Level 1:colcon.colcon_core.package_identification:_identify(src/ldlidar_ros2/ldlidar_driver/src/networkcom) by extension 'colcon_pkg'
[0.415s] Level 1:colcon.colcon_core.package_identification:_identify(src/ldlidar_ros2/ldlidar_driver/src/networkcom) by extensions ['colcon_meta']
[0.415s] Level 1:colcon.colcon_core.package_identification:_identify(src/ldlidar_ros2/ldlidar_driver/src/networkcom) by extension 'colcon_meta'
[0.415s] Level 1:colcon.colcon_core.package_identification:_identify(src/ldlidar_ros2/ldlidar_driver/src/networkcom) by extensions ['ros']
[0.415s] Level 1:colcon.colcon_core.package_identification:_identify(src/ldlidar_ros2/ldlidar_driver/src/networkcom) by extension 'ros'
[0.415s] Level 1:colcon.colcon_core.package_identification:_identify(src/ldlidar_ros2/ldlidar_driver/src/networkcom) by extensions ['cmake', 'python']
[0.415s] Level 1:colcon.colcon_core.package_identification:_identify(src/ldlidar_ros2/ldlidar_driver/src/networkcom) by extension 'cmake'
[0.415s] Level 1:colcon.colcon_core.package_identification:_identify(src/ldlidar_ros2/ldlidar_driver/src/networkcom) by extension 'python'
[0.415s] Level 1:colcon.colcon_core.package_identification:_identify(src/ldlidar_ros2/ldlidar_driver/src/networkcom) by extensions ['python_setup_py']
[0.415s] Level 1:colcon.colcon_core.package_identification:_identify(src/ldlidar_ros2/ldlidar_driver/src/networkcom) by extension 'python_setup_py'
[0.415s] Level 1:colcon.colcon_core.package_identification:_identify(src/ldlidar_ros2/ldlidar_driver/src/serialcom) by extensions ['ignore', 'ignore_ament_install']
[0.416s] Level 1:colcon.colcon_core.package_identification:_identify(src/ldlidar_ros2/ldlidar_driver/src/serialcom) by extension 'ignore'
[0.416s] Level 1:colcon.colcon_core.package_identification:_identify(src/ldlidar_ros2/ldlidar_driver/src/serialcom) by extension 'ignore_ament_install'
[0.416s] Level 1:colcon.colcon_core.package_identification:_identify(src/ldlidar_ros2/ldlidar_driver/src/serialcom) by extensions ['colcon_pkg']
[0.416s] Level 1:colcon.colcon_core.package_identification:_identify(src/ldlidar_ros2/ldlidar_driver/src/serialcom) by extension 'colcon_pkg'
[0.416s] Level 1:colcon.colcon_core.package_identification:_identify(src/ldlidar_ros2/ldlidar_driver/src/serialcom) by extensions ['colcon_meta']
[0.416s] Level 1:colcon.colcon_core.package_identification:_identify(src/ldlidar_ros2/ldlidar_driver/src/serialcom) by extension 'colcon_meta'
[0.416s] Level 1:colcon.colcon_core.package_identification:_identify(src/ldlidar_ros2/ldlidar_driver/src/serialcom) by extensions ['ros']
[0.416s] Level 1:colcon.colcon_core.package_identification:_identify(src/ldlidar_ros2/ldlidar_driver/src/serialcom) by extension 'ros'
[0.416s] Level 1:colcon.colcon_core.package_identification:_identify(src/ldlidar_ros2/ldlidar_driver/src/serialcom) by extensions ['cmake', 'python']
[0.416s] Level 1:colcon.colcon_core.package_identification:_identify(src/ldlidar_ros2/ldlidar_driver/src/serialcom) by extension 'cmake'
[0.416s] Level 1:colcon.colcon_core.package_identification:_identify(src/ldlidar_ros2/ldlidar_driver/src/serialcom) by extension 'python'
[0.416s] Level 1:colcon.colcon_core.package_identification:_identify(src/ldlidar_ros2/ldlidar_driver/src/serialcom) by extensions ['python_setup_py']
[0.416s] Level 1:colcon.colcon_core.package_identification:_identify(src/ldlidar_ros2/ldlidar_driver/src/serialcom) by extension 'python_setup_py'
[0.416s] Level 1:colcon.colcon_core.package_identification:_identify(src/sensor_bringup) by extensions ['ignore', 'ignore_ament_install']
[0.416s] Level 1:colcon.colcon_core.package_identification:_identify(src/sensor_bringup) by extension 'ignore'
[0.417s] Level 1:colcon.colcon_core.package_identification:_identify(src/sensor_bringup) by extension 'ignore_ament_install'
[0.417s] Level 1:colcon.colcon_core.package_identification:_identify(src/sensor_bringup) by extensions ['colcon_pkg']
[0.417s] Level 1:colcon.colcon_core.package_identification:_identify(src/sensor_bringup) by extension 'colcon_pkg'
[0.417s] Level 1:colcon.colcon_core.package_identification:_identify(src/sensor_bringup) by extensions ['colcon_meta']
[0.417s] Level 1:colcon.colcon_core.package_identification:_identify(src/sensor_bringup) by extension 'colcon_meta'
[0.417s] Level 1:colcon.colcon_core.package_identification:_identify(src/sensor_bringup) by extensions ['ros']
[0.417s] Level 1:colcon.colcon_core.package_identification:_identify(src/sensor_bringup) by extension 'ros'
[0.419s] DEBUG:colcon.colcon_core.package_identification:Package 'src/sensor_bringup' with type 'ros.ament_python' and name 'sensor_bringup'
[0.419s] Level 1:colcon.colcon_core.package_discovery:discover_packages(recursive) using defaults
[0.419s] Level 1:colcon.colcon_core.package_discovery:discover_packages(ignore) discover
[0.419s] Level 1:colcon.colcon_core.package_discovery:discover_packages(ignore) using defaults
[0.419s] Level 1:colcon.colcon_core.package_discovery:discover_packages(path) discover
[0.419s] Level 1:colcon.colcon_core.package_discovery:discover_packages(path) using defaults
[0.457s] INFO:colcon.colcon_core.package_selection:Skipping not selected package 'agv_control' in 'src/agv_control'
[0.457s] INFO:colcon.colcon_core.package_selection:Skipping not selected package 'imu_ros2_device' in 'src/imu_ros2_device'
[0.458s] Level 1:colcon.colcon_core.package_discovery:discover_packages(prefix_path) check parameters
[0.458s] Level 1:colcon.colcon_core.package_discovery:discover_packages(prefix_path) discover
[0.465s] DEBUG:colcon.colcon_installed_package_information.package_discovery:Found 381 installed packages in /opt/ros/jazzy
[0.466s] Level 1:colcon.colcon_core.package_discovery:discover_packages(prefix_path) using defaults
[0.543s] Level 5:colcon.colcon_core.verb:set package 'ldlidar' build argument 'cmake_args' from command line to 'None'
[0.543s] Level 5:colcon.colcon_core.verb:set package 'ldlidar' build argument 'cmake_target' from command line to 'None'
[0.543s] Level 5:colcon.colcon_core.verb:set package 'ldlidar' build argument 'cmake_target_skip_unavailable' from command line to 'False'
[0.543s] Level 5:colcon.colcon_core.verb:set package 'ldlidar' build argument 'cmake_clean_cache' from command line to 'False'
[0.543s] Level 5:colcon.colcon_core.verb:set package 'ldlidar' build argument 'cmake_clean_first' from command line to 'False'
[0.543s] Level 5:colcon.colcon_core.verb:set package 'ldlidar' build argument 'cmake_force_configure' from command line to 'False'
[0.543s] Level 5:colcon.colcon_core.verb:set package 'ldlidar' build argument 'ament_cmake_args' from command line to 'None'
[0.543s] Level 5:colcon.colcon_core.verb:set package 'ldlidar' build argument 'catkin_cmake_args' from command line to 'None'
[0.543s] Level 5:colcon.colcon_core.verb:set package 'ldlidar' build argument 'catkin_skip_building_tests' from command line to 'False'
[0.543s] DEBUG:colcon.colcon_core.verb:Building package 'ldlidar' with the following arguments: {'ament_cmake_args': None, 'build_base': '/home/kenbio/sensor_ws/build/ldlidar', 'catkin_cmake_args': None, 'catkin_skip_building_tests': False, 'cmake_args': None, 'cmake_clean_cache': False, 'cmake_clean_first': False, 'cmake_force_configure': False, 'cmake_target': None, 'cmake_target_skip_unavailable': False, 'install_base': '/home/kenbio/sensor_ws/install/ldlidar', 'merge_install': False, 'path': '/home/kenbio/sensor_ws/src/ldlidar_ros2/ldlidar', 'symlink_install': False, 'test_result_base': None}
[0.544s] Level 5:colcon.colcon_core.verb:set package 'sensor_bringup' build argument 'cmake_args' from command line to 'None'
[0.544s] Level 5:colcon.colcon_core.verb:set package 'sensor_bringup' build argument 'cmake_target' from command line to 'None'
[0.544s] Level 5:colcon.colcon_core.verb:set package 'sensor_bringup' build argument 'cmake_target_skip_unavailable' from command line to 'False'
[0.544s] Level 5:colcon.colcon_core.verb:set package 'sensor_bringup' build argument 'cmake_clean_cache' from command line to 'False'
[0.544s] Level 5:colcon.colcon_core.verb:set package 'sensor_bringup' build argument 'cmake_clean_first' from command line to 'False'
[0.544s] Level 5:colcon.colcon_core.verb:set package 'sensor_bringup' build argument 'cmake_force_configure' from command line to 'False'
[0.544s] Level 5:colcon.colcon_core.verb:set package 'sensor_bringup' build argument 'ament_cmake_args' from command line to 'None'
[0.544s] Level 5:colcon.colcon_core.verb:set package 'sensor_bringup' build argument 'catkin_cmake_args' from command line to 'None'
[0.544s] Level 5:colcon.colcon_core.verb:set package 'sensor_bringup' build argument 'catkin_skip_building_tests' from command line to 'False'
[0.544s] DEBUG:colcon.colcon_core.verb:Building package 'sensor_bringup' with the following arguments: {'ament_cmake_args': None, 'build_base': '/home/kenbio/sensor_ws/build/sensor_bringup', 'catkin_cmake_args': None, 'catkin_skip_building_tests': False, 'cmake_args': None, 'cmake_clean_cache': False, 'cmake_clean_first': False, 'cmake_force_configure': False, 'cmake_target': None, 'cmake_target_skip_unavailable': False, 'install_base': '/home/kenbio/sensor_ws/install/sensor_bringup', 'merge_install': False, 'path': '/home/kenbio/sensor_ws/src/sensor_bringup', 'symlink_install': False, 'test_result_base': None}
[0.544s] INFO:colcon.colcon_core.executor:Executing jobs using 'parallel' executor
[0.546s] DEBUG:colcon.colcon_parallel_executor.executor.parallel:run_until_complete
[0.546s] INFO:colcon.colcon_ros.task.ament_cmake.build:Building ROS package in '/home/kenbio/sensor_ws/src/ldlidar_ros2/ldlidar' with build type 'ament_cmake'
[0.546s] INFO:colcon.colcon_cmake.task.cmake.build:Building CMake package in '/home/kenbio/sensor_ws/src/ldlidar_ros2/ldlidar'
[0.555s] INFO:colcon.colcon_core.plugin_system:Skipping extension 'colcon_core.shell.bat': Not used on non-Windows systems
[0.555s] INFO:colcon.colcon_core.shell:Skip shell extension 'powershell' for command environment: Not usable outside of PowerShell
[0.555s] DEBUG:colcon.colcon_core.shell:Skip shell extension 'dsv' for command environment
[0.566s] DEBUG:colcon.colcon_core.event_handler.log_command:Invoking command in '/home/kenbio/sensor_ws/build/ldlidar': CMAKE_PREFIX_PATH=${CMAKE_PREFIX_PATH}:/opt/ros/jazzy /usr/bin/cmake --build /home/kenbio/sensor_ws/build/ldlidar -- -j4 -l4
[0.809s] DEBUG:colcon.colcon_core.event_handler.log_command:Invoked command in '/home/kenbio/sensor_ws/build/ldlidar' returned '0': CMAKE_PREFIX_PATH=${CMAKE_PREFIX_PATH}:/opt/ros/jazzy /usr/bin/cmake --build /home/kenbio/sensor_ws/build/ldlidar -- -j4 -l4
[0.827s] DEBUG:colcon.colcon_core.event_handler.log_command:Invoking command in '/home/kenbio/sensor_ws/build/ldlidar': CMAKE_PREFIX_PATH=${CMAKE_PREFIX_PATH}:/opt/ros/jazzy /usr/bin/cmake --install /home/kenbio/sensor_ws/build/ldlidar
[0.848s] Level 1:colcon.colcon_core.environment:create_environment_scripts_only(ldlidar)
[0.848s] DEBUG:colcon.colcon_core.event_handler.log_command:Invoked command in '/home/kenbio/sensor_ws/build/ldlidar' returned '0': CMAKE_PREFIX_PATH=${CMAKE_PREFIX_PATH}:/opt/ros/jazzy /usr/bin/cmake --install /home/kenbio/sensor_ws/build/ldlidar
[0.859s] Level 1:colcon.colcon_core.environment:checking '/home/kenbio/sensor_ws/install/ldlidar' for CMake module files
[0.860s] Level 1:colcon.colcon_core.environment:checking '/home/kenbio/sensor_ws/install/ldlidar' for CMake config files
[0.861s] Level 1:colcon.colcon_core.shell:create_environment_hook('ldlidar', 'cmake_prefix_path')
[0.861s] INFO:colcon.colcon_core.shell:Creating environment hook '/home/kenbio/sensor_ws/install/ldlidar/share/ldlidar/hook/cmake_prefix_path.ps1'
[0.862s] INFO:colcon.colcon_core.shell:Creating environment descriptor '/home/kenbio/sensor_ws/install/ldlidar/share/ldlidar/hook/cmake_prefix_path.dsv'
[0.863s] INFO:colcon.colcon_core.shell:Creating environment hook '/home/kenbio/sensor_ws/install/ldlidar/share/ldlidar/hook/cmake_prefix_path.sh'
[0.865s] Level 1:colcon.colcon_core.environment:checking '/home/kenbio/sensor_ws/install/ldlidar/lib'
[0.865s] Level 1:colcon.colcon_core.environment:checking '/home/kenbio/sensor_ws/install/ldlidar/bin'
[0.865s] Level 1:colcon.colcon_core.environment:checking '/home/kenbio/sensor_ws/install/ldlidar/lib/pkgconfig/ldlidar.pc'
[0.865s] Level 1:colcon.colcon_core.environment:checking '/home/kenbio/sensor_ws/install/ldlidar/lib/python3.12/site-packages'
[0.866s] Level 1:colcon.colcon_core.environment:checking '/home/kenbio/sensor_ws/install/ldlidar/bin'
[0.866s] INFO:colcon.colcon_core.shell:Creating package script '/home/kenbio/sensor_ws/install/ldlidar/share/ldlidar/package.ps1'
[0.868s] INFO:colcon.colcon_core.shell:Creating package descriptor '/home/kenbio/sensor_ws/install/ldlidar/share/ldlidar/package.dsv'
[0.869s] INFO:colcon.colcon_core.shell:Creating package script '/home/kenbio/sensor_ws/install/ldlidar/share/ldlidar/package.sh'
[0.870s] INFO:colcon.colcon_core.shell:Creating package script '/home/kenbio/sensor_ws/install/ldlidar/share/ldlidar/package.bash'
[0.872s] INFO:colcon.colcon_core.shell:Creating package script '/home/kenbio/sensor_ws/install/ldlidar/share/ldlidar/package.zsh'
[0.873s] Level 1:colcon.colcon_core.environment:create_file_with_runtime_dependencies(/home/kenbio/sensor_ws/install/ldlidar/share/colcon-core/packages/ldlidar)
[0.874s] Level 1:colcon.colcon_core.environment:create_environment_scripts_only(ldlidar)
[0.874s] Level 1:colcon.colcon_core.environment:checking '/home/kenbio/sensor_ws/install/ldlidar' for CMake module files
[0.874s] Level 1:colcon.colcon_core.environment:checking '/home/kenbio/sensor_ws/install/ldlidar' for CMake config files
[0.875s] Level 1:colcon.colcon_core.shell:create_environment_hook('ldlidar', 'cmake_prefix_path')
[0.875s] INFO:colcon.colcon_core.shell:Creating environment hook '/home/kenbio/sensor_ws/install/ldlidar/share/ldlidar/hook/cmake_prefix_path.ps1'
[0.875s] INFO:colcon.colcon_core.shell:Creating environment descriptor '/home/kenbio/sensor_ws/install/ldlidar/share/ldlidar/hook/cmake_prefix_path.dsv'
[0.876s] INFO:colcon.colcon_core.shell:Creating environment hook '/home/kenbio/sensor_ws/install/ldlidar/share/ldlidar/hook/cmake_prefix_path.sh'
[0.877s] Level 1:colcon.colcon_core.environment:checking '/home/kenbio/sensor_ws/install/ldlidar/lib'
[0.877s] Level 1:colcon.colcon_core.environment:checking '/home/kenbio/sensor_ws/install/ldlidar/bin'
[0.877s] Level 1:colcon.colcon_core.environment:checking '/home/kenbio/sensor_ws/install/ldlidar/lib/pkgconfig/ldlidar.pc'
[0.878s] Level 1:colcon.colcon_core.environment:checking '/home/kenbio/sensor_ws/install/ldlidar/lib/python3.12/site-packages'
[0.878s] Level 1:colcon.colcon_core.environment:checking '/home/kenbio/sensor_ws/install/ldlidar/bin'
[0.879s] INFO:colcon.colcon_core.shell:Creating package script '/home/kenbio/sensor_ws/install/ldlidar/share/ldlidar/package.ps1'
[0.879s] INFO:colcon.colcon_core.shell:Creating package descriptor '/home/kenbio/sensor_ws/install/ldlidar/share/ldlidar/package.dsv'
[0.880s] INFO:colcon.colcon_core.shell:Creating package script '/home/kenbio/sensor_ws/install/ldlidar/share/ldlidar/package.sh'
[0.881s] INFO:colcon.colcon_core.shell:Creating package script '/home/kenbio/sensor_ws/install/ldlidar/share/ldlidar/package.bash'
[0.881s] INFO:colcon.colcon_core.shell:Creating package script '/home/kenbio/sensor_ws/install/ldlidar/share/ldlidar/package.zsh'
[0.882s] Level 1:colcon.colcon_core.environment:create_file_with_runtime_dependencies(/home/kenbio/sensor_ws/install/ldlidar/share/colcon-core/packages/ldlidar)
[0.882s] INFO:colcon.colcon_ros.task.ament_python.build:Building ROS package in '/home/kenbio/sensor_ws/src/sensor_bringup' with build type 'ament_python'
[0.882s] Level 1:colcon.colcon_core.shell:create_environment_hook('sensor_bringup', 'ament_prefix_path')
[0.882s] INFO:colcon.colcon_core.shell:Creating environment hook '/home/kenbio/sensor_ws/install/sensor_bringup/share/sensor_bringup/hook/ament_prefix_path.ps1'
[0.883s] INFO:colcon.colcon_core.shell:Creating environment descriptor '/home/kenbio/sensor_ws/install/sensor_bringup/share/sensor_bringup/hook/ament_prefix_path.dsv'
[0.884s] INFO:colcon.colcon_core.shell:Creating environment hook '/home/kenbio/sensor_ws/install/sensor_bringup/share/sensor_bringup/hook/ament_prefix_path.sh'
[0.884s] INFO:colcon.colcon_core.shell:Skip shell extension 'powershell' for command environment: Not usable outside of PowerShell
[0.884s] DEBUG:colcon.colcon_core.shell:Skip shell extension 'dsv' for command environment
[1.209s] INFO:colcon.colcon_core.task.python.build:Building Python package in '/home/kenbio/sensor_ws/src/sensor_bringup'
[1.209s] INFO:colcon.colcon_core.shell:Skip shell extension 'powershell' for command environment: Not usable outside of PowerShell
[1.209s] DEBUG:colcon.colcon_core.shell:Skip shell extension 'dsv' for command environment
[2.436s] DEBUG:colcon.colcon_core.event_handler.log_command:Invoking command in '/home/kenbio/sensor_ws/src/sensor_bringup': AMENT_PREFIX_PATH=/home/kenbio/sensor_ws/install/ldlidar:/home/kenbio/sensor_ws/install/imu_ros2_device:/home/kenbio/sensor_ws/install/agv_control:${AMENT_PREFIX_PATH} CMAKE_PREFIX_PATH=/home/kenbio/sensor_ws/install/ldlidar:${CMAKE_PREFIX_PATH} PYTHONPATH=/home/kenbio/sensor_ws/build/sensor_bringup/prefix_override:/usr/lib/python3/dist-packages/colcon_core/task/python/colcon_distutils_commands:/home/kenbio/sensor_ws/install/sensor_bringup/lib/python3.12/site-packages:/home/kenbio/sensor_ws/install/imu_ros2_device/lib/python3.12/site-packages:/home/kenbio/sensor_ws/install/agv_control/lib/python3.12/site-packages:${PYTHONPATH} /usr/bin/python3 -W ignore:setup.py install is deprecated -W ignore:easy_install command is deprecated setup.py egg_info --egg-base ../../build/sensor_bringup build --build-base /home/kenbio/sensor_ws/build/sensor_bringup/build install --record /home/kenbio/sensor_ws/build/sensor_bringup/install.log --single-version-externally-managed install_data
[3.235s] Level 1:colcon.colcon_core.environment:checking '/home/kenbio/sensor_ws/install/sensor_bringup' for CMake module files
[3.235s] DEBUG:colcon.colcon_core.event_handler.log_command:Invoked command in '/home/kenbio/sensor_ws/src/sensor_bringup' returned '0': AMENT_PREFIX_PATH=/home/kenbio/sensor_ws/install/ldlidar:/home/kenbio/sensor_ws/install/imu_ros2_device:/home/kenbio/sensor_ws/install/agv_control:${AMENT_PREFIX_PATH} CMAKE_PREFIX_PATH=/home/kenbio/sensor_ws/install/ldlidar:${CMAKE_PREFIX_PATH} PYTHONPATH=/home/kenbio/sensor_ws/build/sensor_bringup/prefix_override:/usr/lib/python3/dist-packages/colcon_core/task/python/colcon_distutils_commands:/home/kenbio/sensor_ws/install/sensor_bringup/lib/python3.12/site-packages:/home/kenbio/sensor_ws/install/imu_ros2_device/lib/python3.12/site-packages:/home/kenbio/sensor_ws/install/agv_control/lib/python3.12/site-packages:${PYTHONPATH} /usr/bin/python3 -W ignore:setup.py install is deprecated -W ignore:easy_install command is deprecated setup.py egg_info --egg-base ../../build/sensor_bringup build --build-base /home/kenbio/sensor_ws/build/sensor_bringup/build install --record /home/kenbio/sensor_ws/build/sensor_bringup/install.log --single-version-externally-managed install_data
[3.236s] Level 1:colcon.colcon_core.environment:checking '/home/kenbio/sensor_ws/install/sensor_bringup' for CMake config files
[3.238s] Level 1:colcon.colcon_core.environment:checking '/home/kenbio/sensor_ws/install/sensor_bringup/lib'
[3.238s] Level 1:colcon.colcon_core.environment:checking '/home/kenbio/sensor_ws/install/sensor_bringup/bin'
[3.238s] Level 1:colcon.colcon_core.environment:checking '/home/kenbio/sensor_ws/install/sensor_bringup/lib/pkgconfig/sensor_bringup.pc'
[3.238s] Level 1:colcon.colcon_core.environment:checking '/home/kenbio/sensor_ws/install/sensor_bringup/lib/python3.12/site-packages'
[3.239s] Level 1:colcon.colcon_core.shell:create_environment_hook('sensor_bringup', 'pythonpath')
[3.239s] INFO:colcon.colcon_core.shell:Creating environment hook '/home/kenbio/sensor_ws/install/sensor_bringup/share/sensor_bringup/hook/pythonpath.ps1'
[3.240s] INFO:colcon.colcon_core.shell:Creating environment descriptor '/home/kenbio/sensor_ws/install/sensor_bringup/share/sensor_bringup/hook/pythonpath.dsv'
[3.240s] INFO:colcon.colcon_core.shell:Creating environment hook '/home/kenbio/sensor_ws/install/sensor_bringup/share/sensor_bringup/hook/pythonpath.sh'
[3.242s] Level 1:colcon.colcon_core.environment:checking '/home/kenbio/sensor_ws/install/sensor_bringup/bin'
[3.242s] Level 1:colcon.colcon_core.environment:create_environment_scripts_only(sensor_bringup)
[3.242s] INFO:colcon.colcon_core.shell:Creating package script '/home/kenbio/sensor_ws/install/sensor_bringup/share/sensor_bringup/package.ps1'
[3.243s] INFO:colcon.colcon_core.shell:Creating package descriptor '/home/kenbio/sensor_ws/install/sensor_bringup/share/sensor_bringup/package.dsv'
[3.244s] INFO:colcon.colcon_core.shell:Creating package script '/home/kenbio/sensor_ws/install/sensor_bringup/share/sensor_bringup/package.sh'
[3.245s] INFO:colcon.colcon_core.shell:Creating package script '/home/kenbio/sensor_ws/install/sensor_bringup/share/sensor_bringup/package.bash'
[3.246s] INFO:colcon.colcon_core.shell:Creating package script '/home/kenbio/sensor_ws/install/sensor_bringup/share/sensor_bringup/package.zsh'
[3.246s] Level 1:colcon.colcon_core.environment:create_file_with_runtime_dependencies(/home/kenbio/sensor_ws/install/sensor_bringup/share/colcon-core/packages/sensor_bringup)
[3.247s] DEBUG:colcon.colcon_parallel_executor.executor.parallel:closing loop
[3.247s] DEBUG:colcon.colcon_parallel_executor.executor.parallel:loop closed
[3.247s] DEBUG:colcon.colcon_parallel_executor.executor.parallel:run_until_complete finished with '0'
[3.247s] DEBUG:colcon.colcon_core.event_reactor:joining thread
[3.248s] DEBUG:colcon.colcon_core.event_reactor:joined thread
[3.248s] INFO:colcon.colcon_core.shell:Creating prefix script '/home/kenbio/sensor_ws/install/local_setup.ps1'
[3.249s] INFO:colcon.colcon_core.shell:Creating prefix util module '/home/kenbio/sensor_ws/install/_local_setup_util_ps1.py'
[3.251s] INFO:colcon.colcon_core.shell:Creating prefix chain script '/home/kenbio/sensor_ws/install/setup.ps1'
[3.253s] INFO:colcon.colcon_core.shell:Creating prefix script '/home/kenbio/sensor_ws/install/local_setup.sh'
[3.254s] INFO:colcon.colcon_core.shell:Creating prefix util module '/home/kenbio/sensor_ws/install/_local_setup_util_sh.py'
[3.255s] INFO:colcon.colcon_core.shell:Creating prefix chain script '/home/kenbio/sensor_ws/install/setup.sh'
[3.257s] INFO:colcon.colcon_core.shell:Creating prefix script '/home/kenbio/sensor_ws/install/local_setup.bash'
[3.258s] INFO:colcon.colcon_core.shell:Creating prefix chain script '/home/kenbio/sensor_ws/install/setup.bash'
[3.259s] INFO:colcon.colcon_core.shell:Creating prefix script '/home/kenbio/sensor_ws/install/local_setup.zsh'
[3.260s] INFO:colcon.colcon_core.shell:Creating prefix chain script '/home/kenbio/sensor_ws/install/setup.zsh'
