[0.145s] DEBUG:colcon:Command line arguments: ['/usr/bin/colcon', 'build']
[0.145s] DEBUG:colcon:Parsed command line arguments: Namespace(log_base=None, log_level=None, verb_name='build', build_base='build', install_base='install', merge_install=False, symlink_install=False, test_result_base=None, continue_on_error=False, executor='parallel', parallel_workers=4, event_handlers=None, ignore_user_meta=False, metas=['./colcon.meta'], base_paths=['.'], packages_ignore=None, packages_ignore_regex=None, paths=None, packages_up_to=None, packages_up_to_regex=None, packages_above=None, packages_above_and_dependencies=None, packages_above_depth=None, packages_select_by_dep=None, packages_skip_by_dep=None, packages_skip_up_to=None, packages_select_build_failed=False, packages_skip_build_finished=False, packages_select_test_failures=False, packages_skip_test_passed=False, packages_select=None, packages_skip=None, packages_select_regex=None, packages_skip_regex=None, packages_start=None, packages_end=None, allow_overriding=[], cmake_args=None, cmake_target=None, cmake_target_skip_unavailable=False, cmake_clean_cache=False, cmake_clean_first=False, cmake_force_configure=False, ament_cmake_args=None, catkin_cmake_args=None, catkin_skip_building_tests=False, verb_parser=<colcon_defaults.argument_parser.defaults.DefaultArgumentsDecorator object at 0x7cb074915100>, verb_extension=<colcon_core.verb.build.BuildVerb object at 0x7cb074adede0>, main=<bound method BuildVerb.main of <colcon_core.verb.build.BuildVerb object at 0x7cb074adede0>>)
[0.198s] Level 1:colcon.colcon_core.package_discovery:discover_packages(colcon_meta) check parameters
[0.198s] Level 1:colcon.colcon_core.package_discovery:discover_packages(recursive) check parameters
[0.198s] Level 1:colcon.colcon_core.package_discovery:discover_packages(ignore) check parameters
[0.198s] Level 1:colcon.colcon_core.package_discovery:discover_packages(path) check parameters
[0.198s] Level 1:colcon.colcon_core.package_discovery:discover_packages(colcon_meta) discover
[0.199s] Level 1:colcon.colcon_core.package_discovery:discover_packages(recursive) discover
[0.199s] INFO:colcon.colcon_core.package_discovery:Crawling recursively for packages in '/home/kenbio/sensor_ws'
[0.199s] Level 1:colcon.colcon_core.package_identification:_identify(.) by extensions ['ignore', 'ignore_ament_install']
[0.199s] Level 1:colcon.colcon_core.package_identification:_identify(.) by extension 'ignore'
[0.199s] Level 1:colcon.colcon_core.package_identification:_identify(.) by extension 'ignore_ament_install'
[0.199s] Level 1:colcon.colcon_core.package_identification:_identify(.) by extensions ['colcon_pkg']
[0.199s] Level 1:colcon.colcon_core.package_identification:_identify(.) by extension 'colcon_pkg'
[0.199s] Level 1:colcon.colcon_core.package_identification:_identify(.) by extensions ['colcon_meta']
[0.199s] Level 1:colcon.colcon_core.package_identification:_identify(.) by extension 'colcon_meta'
[0.199s] Level 1:colcon.colcon_core.package_identification:_identify(.) by extensions ['ros']
[0.199s] Level 1:colcon.colcon_core.package_identification:_identify(.) by extension 'ros'
[0.233s] Level 1:colcon.colcon_core.package_identification:_identify(.) by extensions ['cmake', 'python']
[0.233s] Level 1:colcon.colcon_core.package_identification:_identify(.) by extension 'cmake'
[0.234s] Level 1:colcon.colcon_core.package_identification:_identify(.) by extension 'python'
[0.234s] Level 1:colcon.colcon_core.package_identification:_identify(.) by extensions ['python_setup_py']
[0.234s] Level 1:colcon.colcon_core.package_identification:_identify(.) by extension 'python_setup_py'
[0.234s] Level 1:colcon.colcon_core.package_identification:_identify(build) by extensions ['ignore', 'ignore_ament_install']
[0.234s] Level 1:colcon.colcon_core.package_identification:_identify(build) by extension 'ignore'
[0.234s] Level 1:colcon.colcon_core.package_identification:_identify(build) ignored
[0.234s] Level 1:colcon.colcon_core.package_identification:_identify(install) by extensions ['ignore', 'ignore_ament_install']
[0.234s] Level 1:colcon.colcon_core.package_identification:_identify(install) by extension 'ignore'
[0.234s] Level 1:colcon.colcon_core.package_identification:_identify(install) ignored
[0.234s] Level 1:colcon.colcon_core.package_identification:_identify(log) by extensions ['ignore', 'ignore_ament_install']
[0.234s] Level 1:colcon.colcon_core.package_identification:_identify(log) by extension 'ignore'
[0.235s] Level 1:colcon.colcon_core.package_identification:_identify(log) ignored
[0.235s] Level 1:colcon.colcon_core.package_identification:_identify(src) by extensions ['ignore', 'ignore_ament_install']
[0.235s] Level 1:colcon.colcon_core.package_identification:_identify(src) by extension 'ignore'
[0.235s] Level 1:colcon.colcon_core.package_identification:_identify(src) by extension 'ignore_ament_install'
[0.235s] Level 1:colcon.colcon_core.package_identification:_identify(src) by extensions ['colcon_pkg']
[0.235s] Level 1:colcon.colcon_core.package_identification:_identify(src) by extension 'colcon_pkg'
[0.235s] Level 1:colcon.colcon_core.package_identification:_identify(src) by extensions ['colcon_meta']
[0.235s] Level 1:colcon.colcon_core.package_identification:_identify(src) by extension 'colcon_meta'
[0.235s] Level 1:colcon.colcon_core.package_identification:_identify(src) by extensions ['ros']
[0.235s] Level 1:colcon.colcon_core.package_identification:_identify(src) by extension 'ros'
[0.235s] Level 1:colcon.colcon_core.package_identification:_identify(src) by extensions ['cmake', 'python']
[0.235s] Level 1:colcon.colcon_core.package_identification:_identify(src) by extension 'cmake'
[0.235s] Level 1:colcon.colcon_core.package_identification:_identify(src) by extension 'python'
[0.235s] Level 1:colcon.colcon_core.package_identification:_identify(src) by extensions ['python_setup_py']
[0.235s] Level 1:colcon.colcon_core.package_identification:_identify(src) by extension 'python_setup_py'
[0.236s] Level 1:colcon.colcon_core.package_identification:_identify(src/agv_control) by extensions ['ignore', 'ignore_ament_install']
[0.236s] Level 1:colcon.colcon_core.package_identification:_identify(src/agv_control) by extension 'ignore'
[0.236s] Level 1:colcon.colcon_core.package_identification:_identify(src/agv_control) by extension 'ignore_ament_install'
[0.236s] Level 1:colcon.colcon_core.package_identification:_identify(src/agv_control) by extensions ['colcon_pkg']
[0.236s] Level 1:colcon.colcon_core.package_identification:_identify(src/agv_control) by extension 'colcon_pkg'
[0.236s] Level 1:colcon.colcon_core.package_identification:_identify(src/agv_control) by extensions ['colcon_meta']
[0.236s] Level 1:colcon.colcon_core.package_identification:_identify(src/agv_control) by extension 'colcon_meta'
[0.236s] Level 1:colcon.colcon_core.package_identification:_identify(src/agv_control) by extensions ['ros']
[0.236s] Level 1:colcon.colcon_core.package_identification:_identify(src/agv_control) by extension 'ros'
[0.239s] DEBUG:colcon.colcon_core.package_identification:Package 'src/agv_control' with type 'ros.ament_python' and name 'agv_control'
[0.239s] Level 1:colcon.colcon_core.package_identification:_identify(src/imu_ros2_device) by extensions ['ignore', 'ignore_ament_install']
[0.239s] Level 1:colcon.colcon_core.package_identification:_identify(src/imu_ros2_device) by extension 'ignore'
[0.239s] Level 1:colcon.colcon_core.package_identification:_identify(src/imu_ros2_device) by extension 'ignore_ament_install'
[0.239s] Level 1:colcon.colcon_core.package_identification:_identify(src/imu_ros2_device) by extensions ['colcon_pkg']
[0.239s] Level 1:colcon.colcon_core.package_identification:_identify(src/imu_ros2_device) by extension 'colcon_pkg'
[0.240s] Level 1:colcon.colcon_core.package_identification:_identify(src/imu_ros2_device) by extensions ['colcon_meta']
[0.240s] Level 1:colcon.colcon_core.package_identification:_identify(src/imu_ros2_device) by extension 'colcon_meta'
[0.240s] Level 1:colcon.colcon_core.package_identification:_identify(src/imu_ros2_device) by extensions ['ros']
[0.240s] Level 1:colcon.colcon_core.package_identification:_identify(src/imu_ros2_device) by extension 'ros'
[0.240s] DEBUG:colcon.colcon_core.package_identification:Package 'src/imu_ros2_device' with type 'ros.ament_python' and name 'imu_ros2_device'
[0.241s] Level 1:colcon.colcon_core.package_identification:_identify(src/ldlidar_ros2) by extensions ['ignore', 'ignore_ament_install']
[0.241s] Level 1:colcon.colcon_core.package_identification:_identify(src/ldlidar_ros2) by extension 'ignore'
[0.241s] Level 1:colcon.colcon_core.package_identification:_identify(src/ldlidar_ros2) by extension 'ignore_ament_install'
[0.241s] Level 1:colcon.colcon_core.package_identification:_identify(src/ldlidar_ros2) by extensions ['colcon_pkg']
[0.241s] Level 1:colcon.colcon_core.package_identification:_identify(src/ldlidar_ros2) by extension 'colcon_pkg'
[0.241s] Level 1:colcon.colcon_core.package_identification:_identify(src/ldlidar_ros2) by extensions ['colcon_meta']
[0.241s] Level 1:colcon.colcon_core.package_identification:_identify(src/ldlidar_ros2) by extension 'colcon_meta'
[0.241s] Level 1:colcon.colcon_core.package_identification:_identify(src/ldlidar_ros2) by extensions ['ros']
[0.241s] Level 1:colcon.colcon_core.package_identification:_identify(src/ldlidar_ros2) by extension 'ros'
[0.241s] Level 1:colcon.colcon_core.package_identification:_identify(src/ldlidar_ros2) by extensions ['cmake', 'python']
[0.241s] Level 1:colcon.colcon_core.package_identification:_identify(src/ldlidar_ros2) by extension 'cmake'
[0.241s] Level 1:colcon.colcon_core.package_identification:_identify(src/ldlidar_ros2) by extension 'python'
[0.241s] Level 1:colcon.colcon_core.package_identification:_identify(src/ldlidar_ros2) by extensions ['python_setup_py']
[0.241s] Level 1:colcon.colcon_core.package_identification:_identify(src/ldlidar_ros2) by extension 'python_setup_py'
[0.241s] Level 1:colcon.colcon_core.package_identification:_identify(src/ldlidar_ros2/ldlidar) by extensions ['ignore', 'ignore_ament_install']
[0.242s] Level 1:colcon.colcon_core.package_identification:_identify(src/ldlidar_ros2/ldlidar) by extension 'ignore'
[0.242s] Level 1:colcon.colcon_core.package_identification:_identify(src/ldlidar_ros2/ldlidar) by extension 'ignore_ament_install'
[0.242s] Level 1:colcon.colcon_core.package_identification:_identify(src/ldlidar_ros2/ldlidar) by extensions ['colcon_pkg']
[0.242s] Level 1:colcon.colcon_core.package_identification:_identify(src/ldlidar_ros2/ldlidar) by extension 'colcon_pkg'
[0.242s] Level 1:colcon.colcon_core.package_identification:_identify(src/ldlidar_ros2/ldlidar) by extensions ['colcon_meta']
[0.242s] Level 1:colcon.colcon_core.package_identification:_identify(src/ldlidar_ros2/ldlidar) by extension 'colcon_meta'
[0.242s] Level 1:colcon.colcon_core.package_identification:_identify(src/ldlidar_ros2/ldlidar) by extensions ['ros']
[0.242s] Level 1:colcon.colcon_core.package_identification:_identify(src/ldlidar_ros2/ldlidar) by extension 'ros'
[0.243s] DEBUG:colcon.colcon_core.package_identification:Package 'src/ldlidar_ros2/ldlidar' with type 'ros.ament_cmake' and name 'ldlidar'
[0.243s] Level 1:colcon.colcon_core.package_identification:_identify(src/ldlidar_ros2/ldlidar_driver) by extensions ['ignore', 'ignore_ament_install']
[0.243s] Level 1:colcon.colcon_core.package_identification:_identify(src/ldlidar_ros2/ldlidar_driver) by extension 'ignore'
[0.243s] Level 1:colcon.colcon_core.package_identification:_identify(src/ldlidar_ros2/ldlidar_driver) by extension 'ignore_ament_install'
[0.243s] Level 1:colcon.colcon_core.package_identification:_identify(src/ldlidar_ros2/ldlidar_driver) by extensions ['colcon_pkg']
[0.243s] Level 1:colcon.colcon_core.package_identification:_identify(src/ldlidar_ros2/ldlidar_driver) by extension 'colcon_pkg'
[0.243s] Level 1:colcon.colcon_core.package_identification:_identify(src/ldlidar_ros2/ldlidar_driver) by extensions ['colcon_meta']
[0.243s] Level 1:colcon.colcon_core.package_identification:_identify(src/ldlidar_ros2/ldlidar_driver) by extension 'colcon_meta'
[0.243s] Level 1:colcon.colcon_core.package_identification:_identify(src/ldlidar_ros2/ldlidar_driver) by extensions ['ros']
[0.243s] Level 1:colcon.colcon_core.package_identification:_identify(src/ldlidar_ros2/ldlidar_driver) by extension 'ros'
[0.243s] Level 1:colcon.colcon_core.package_identification:_identify(src/ldlidar_ros2/ldlidar_driver) by extensions ['cmake', 'python']
[0.243s] Level 1:colcon.colcon_core.package_identification:_identify(src/ldlidar_ros2/ldlidar_driver) by extension 'cmake'
[0.243s] Level 1:colcon.colcon_core.package_identification:_identify(src/ldlidar_ros2/ldlidar_driver) by extension 'python'
[0.243s] Level 1:colcon.colcon_core.package_identification:_identify(src/ldlidar_ros2/ldlidar_driver) by extensions ['python_setup_py']
[0.244s] Level 1:colcon.colcon_core.package_identification:_identify(src/ldlidar_ros2/ldlidar_driver) by extension 'python_setup_py'
[0.244s] Level 1:colcon.colcon_core.package_identification:_identify(src/ldlidar_ros2/ldlidar_driver/include) by extensions ['ignore', 'ignore_ament_install']
[0.244s] Level 1:colcon.colcon_core.package_identification:_identify(src/ldlidar_ros2/ldlidar_driver/include) by extension 'ignore'
[0.244s] Level 1:colcon.colcon_core.package_identification:_identify(src/ldlidar_ros2/ldlidar_driver/include) by extension 'ignore_ament_install'
[0.244s] Level 1:colcon.colcon_core.package_identification:_identify(src/ldlidar_ros2/ldlidar_driver/include) by extensions ['colcon_pkg']
[0.244s] Level 1:colcon.colcon_core.package_identification:_identify(src/ldlidar_ros2/ldlidar_driver/include) by extension 'colcon_pkg'
[0.244s] Level 1:colcon.colcon_core.package_identification:_identify(src/ldlidar_ros2/ldlidar_driver/include) by extensions ['colcon_meta']
[0.244s] Level 1:colcon.colcon_core.package_identification:_identify(src/ldlidar_ros2/ldlidar_driver/include) by extension 'colcon_meta'
[0.244s] Level 1:colcon.colcon_core.package_identification:_identify(src/ldlidar_ros2/ldlidar_driver/include) by extensions ['ros']
[0.244s] Level 1:colcon.colcon_core.package_identification:_identify(src/ldlidar_ros2/ldlidar_driver/include) by extension 'ros'
[0.244s] Level 1:colcon.colcon_core.package_identification:_identify(src/ldlidar_ros2/ldlidar_driver/include) by extensions ['cmake', 'python']
[0.244s] Level 1:colcon.colcon_core.package_identification:_identify(src/ldlidar_ros2/ldlidar_driver/include) by extension 'cmake'
[0.244s] Level 1:colcon.colcon_core.package_identification:_identify(src/ldlidar_ros2/ldlidar_driver/include) by extension 'python'
[0.244s] Level 1:colcon.colcon_core.package_identification:_identify(src/ldlidar_ros2/ldlidar_driver/include) by extensions ['python_setup_py']
[0.244s] Level 1:colcon.colcon_core.package_identification:_identify(src/ldlidar_ros2/ldlidar_driver/include) by extension 'python_setup_py'
[0.245s] Level 1:colcon.colcon_core.package_identification:_identify(src/ldlidar_ros2/ldlidar_driver/include/core) by extensions ['ignore', 'ignore_ament_install']
[0.245s] Level 1:colcon.colcon_core.package_identification:_identify(src/ldlidar_ros2/ldlidar_driver/include/core) by extension 'ignore'
[0.245s] Level 1:colcon.colcon_core.package_identification:_identify(src/ldlidar_ros2/ldlidar_driver/include/core) by extension 'ignore_ament_install'
[0.245s] Level 1:colcon.colcon_core.package_identification:_identify(src/ldlidar_ros2/ldlidar_driver/include/core) by extensions ['colcon_pkg']
[0.245s] Level 1:colcon.colcon_core.package_identification:_identify(src/ldlidar_ros2/ldlidar_driver/include/core) by extension 'colcon_pkg'
[0.245s] Level 1:colcon.colcon_core.package_identification:_identify(src/ldlidar_ros2/ldlidar_driver/include/core) by extensions ['colcon_meta']
[0.245s] Level 1:colcon.colcon_core.package_identification:_identify(src/ldlidar_ros2/ldlidar_driver/include/core) by extension 'colcon_meta'
[0.245s] Level 1:colcon.colcon_core.package_identification:_identify(src/ldlidar_ros2/ldlidar_driver/include/core) by extensions ['ros']
[0.245s] Level 1:colcon.colcon_core.package_identification:_identify(src/ldlidar_ros2/ldlidar_driver/include/core) by extension 'ros'
[0.245s] Level 1:colcon.colcon_core.package_identification:_identify(src/ldlidar_ros2/ldlidar_driver/include/core) by extensions ['cmake', 'python']
[0.245s] Level 1:colcon.colcon_core.package_identification:_identify(src/ldlidar_ros2/ldlidar_driver/include/core) by extension 'cmake'
[0.245s] Level 1:colcon.colcon_core.package_identification:_identify(src/ldlidar_ros2/ldlidar_driver/include/core) by extension 'python'
[0.245s] Level 1:colcon.colcon_core.package_identification:_identify(src/ldlidar_ros2/ldlidar_driver/include/core) by extensions ['python_setup_py']
[0.245s] Level 1:colcon.colcon_core.package_identification:_identify(src/ldlidar_ros2/ldlidar_driver/include/core) by extension 'python_setup_py'
[0.246s] Level 1:colcon.colcon_core.package_identification:_identify(src/ldlidar_ros2/ldlidar_driver/include/dataprocess) by extensions ['ignore', 'ignore_ament_install']
[0.246s] Level 1:colcon.colcon_core.package_identification:_identify(src/ldlidar_ros2/ldlidar_driver/include/dataprocess) by extension 'ignore'
[0.246s] Level 1:colcon.colcon_core.package_identification:_identify(src/ldlidar_ros2/ldlidar_driver/include/dataprocess) by extension 'ignore_ament_install'
[0.246s] Level 1:colcon.colcon_core.package_identification:_identify(src/ldlidar_ros2/ldlidar_driver/include/dataprocess) by extensions ['colcon_pkg']
[0.246s] Level 1:colcon.colcon_core.package_identification:_identify(src/ldlidar_ros2/ldlidar_driver/include/dataprocess) by extension 'colcon_pkg'
[0.246s] Level 1:colcon.colcon_core.package_identification:_identify(src/ldlidar_ros2/ldlidar_driver/include/dataprocess) by extensions ['colcon_meta']
[0.246s] Level 1:colcon.colcon_core.package_identification:_identify(src/ldlidar_ros2/ldlidar_driver/include/dataprocess) by extension 'colcon_meta'
[0.246s] Level 1:colcon.colcon_core.package_identification:_identify(src/ldlidar_ros2/ldlidar_driver/include/dataprocess) by extensions ['ros']
[0.246s] Level 1:colcon.colcon_core.package_identification:_identify(src/ldlidar_ros2/ldlidar_driver/include/dataprocess) by extension 'ros'
[0.247s] Level 1:colcon.colcon_core.package_identification:_identify(src/ldlidar_ros2/ldlidar_driver/include/dataprocess) by extensions ['cmake', 'python']
[0.247s] Level 1:colcon.colcon_core.package_identification:_identify(src/ldlidar_ros2/ldlidar_driver/include/dataprocess) by extension 'cmake'
[0.247s] Level 1:colcon.colcon_core.package_identification:_identify(src/ldlidar_ros2/ldlidar_driver/include/dataprocess) by extension 'python'
[0.247s] Level 1:colcon.colcon_core.package_identification:_identify(src/ldlidar_ros2/ldlidar_driver/include/dataprocess) by extensions ['python_setup_py']
[0.247s] Level 1:colcon.colcon_core.package_identification:_identify(src/ldlidar_ros2/ldlidar_driver/include/dataprocess) by extension 'python_setup_py'
[0.247s] Level 1:colcon.colcon_core.package_identification:_identify(src/ldlidar_ros2/ldlidar_driver/include/filter) by extensions ['ignore', 'ignore_ament_install']
[0.247s] Level 1:colcon.colcon_core.package_identification:_identify(src/ldlidar_ros2/ldlidar_driver/include/filter) by extension 'ignore'
[0.247s] Level 1:colcon.colcon_core.package_identification:_identify(src/ldlidar_ros2/ldlidar_driver/include/filter) by extension 'ignore_ament_install'
[0.247s] Level 1:colcon.colcon_core.package_identification:_identify(src/ldlidar_ros2/ldlidar_driver/include/filter) by extensions ['colcon_pkg']
[0.247s] Level 1:colcon.colcon_core.package_identification:_identify(src/ldlidar_ros2/ldlidar_driver/include/filter) by extension 'colcon_pkg'
[0.247s] Level 1:colcon.colcon_core.package_identification:_identify(src/ldlidar_ros2/ldlidar_driver/include/filter) by extensions ['colcon_meta']
[0.247s] Level 1:colcon.colcon_core.package_identification:_identify(src/ldlidar_ros2/ldlidar_driver/include/filter) by extension 'colcon_meta'
[0.247s] Level 1:colcon.colcon_core.package_identification:_identify(src/ldlidar_ros2/ldlidar_driver/include/filter) by extensions ['ros']
[0.247s] Level 1:colcon.colcon_core.package_identification:_identify(src/ldlidar_ros2/ldlidar_driver/include/filter) by extension 'ros'
[0.248s] Level 1:colcon.colcon_core.package_identification:_identify(src/ldlidar_ros2/ldlidar_driver/include/filter) by extensions ['cmake', 'python']
[0.248s] Level 1:colcon.colcon_core.package_identification:_identify(src/ldlidar_ros2/ldlidar_driver/include/filter) by extension 'cmake'
[0.248s] Level 1:colcon.colcon_core.package_identification:_identify(src/ldlidar_ros2/ldlidar_driver/include/filter) by extension 'python'
[0.248s] Level 1:colcon.colcon_core.package_identification:_identify(src/ldlidar_ros2/ldlidar_driver/include/filter) by extensions ['python_setup_py']
[0.248s] Level 1:colcon.colcon_core.package_identification:_identify(src/ldlidar_ros2/ldlidar_driver/include/filter) by extension 'python_setup_py'
[0.248s] Level 1:colcon.colcon_core.package_identification:_identify(src/ldlidar_ros2/ldlidar_driver/include/logger) by extensions ['ignore', 'ignore_ament_install']
[0.248s] Level 1:colcon.colcon_core.package_identification:_identify(src/ldlidar_ros2/ldlidar_driver/include/logger) by extension 'ignore'
[0.248s] Level 1:colcon.colcon_core.package_identification:_identify(src/ldlidar_ros2/ldlidar_driver/include/logger) by extension 'ignore_ament_install'
[0.248s] Level 1:colcon.colcon_core.package_identification:_identify(src/ldlidar_ros2/ldlidar_driver/include/logger) by extensions ['colcon_pkg']
[0.248s] Level 1:colcon.colcon_core.package_identification:_identify(src/ldlidar_ros2/ldlidar_driver/include/logger) by extension 'colcon_pkg'
[0.248s] Level 1:colcon.colcon_core.package_identification:_identify(src/ldlidar_ros2/ldlidar_driver/include/logger) by extensions ['colcon_meta']
[0.248s] Level 1:colcon.colcon_core.package_identification:_identify(src/ldlidar_ros2/ldlidar_driver/include/logger) by extension 'colcon_meta'
[0.248s] Level 1:colcon.colcon_core.package_identification:_identify(src/ldlidar_ros2/ldlidar_driver/include/logger) by extensions ['ros']
[0.248s] Level 1:colcon.colcon_core.package_identification:_identify(src/ldlidar_ros2/ldlidar_driver/include/logger) by extension 'ros'
[0.249s] Level 1:colcon.colcon_core.package_identification:_identify(src/ldlidar_ros2/ldlidar_driver/include/logger) by extensions ['cmake', 'python']
[0.249s] Level 1:colcon.colcon_core.package_identification:_identify(src/ldlidar_ros2/ldlidar_driver/include/logger) by extension 'cmake'
[0.249s] Level 1:colcon.colcon_core.package_identification:_identify(src/ldlidar_ros2/ldlidar_driver/include/logger) by extension 'python'
[0.249s] Level 1:colcon.colcon_core.package_identification:_identify(src/ldlidar_ros2/ldlidar_driver/include/logger) by extensions ['python_setup_py']
[0.249s] Level 1:colcon.colcon_core.package_identification:_identify(src/ldlidar_ros2/ldlidar_driver/include/logger) by extension 'python_setup_py'
[0.249s] Level 1:colcon.colcon_core.package_identification:_identify(src/ldlidar_ros2/ldlidar_driver/include/networkcom) by extensions ['ignore', 'ignore_ament_install']
[0.249s] Level 1:colcon.colcon_core.package_identification:_identify(src/ldlidar_ros2/ldlidar_driver/include/networkcom) by extension 'ignore'
[0.249s] Level 1:colcon.colcon_core.package_identification:_identify(src/ldlidar_ros2/ldlidar_driver/include/networkcom) by extension 'ignore_ament_install'
[0.249s] Level 1:colcon.colcon_core.package_identification:_identify(src/ldlidar_ros2/ldlidar_driver/include/networkcom) by extensions ['colcon_pkg']
[0.249s] Level 1:colcon.colcon_core.package_identification:_identify(src/ldlidar_ros2/ldlidar_driver/include/networkcom) by extension 'colcon_pkg'
[0.249s] Level 1:colcon.colcon_core.package_identification:_identify(src/ldlidar_ros2/ldlidar_driver/include/networkcom) by extensions ['colcon_meta']
[0.249s] Level 1:colcon.colcon_core.package_identification:_identify(src/ldlidar_ros2/ldlidar_driver/include/networkcom) by extension 'colcon_meta'
[0.249s] Level 1:colcon.colcon_core.package_identification:_identify(src/ldlidar_ros2/ldlidar_driver/include/networkcom) by extensions ['ros']
[0.249s] Level 1:colcon.colcon_core.package_identification:_identify(src/ldlidar_ros2/ldlidar_driver/include/networkcom) by extension 'ros'
[0.250s] Level 1:colcon.colcon_core.package_identification:_identify(src/ldlidar_ros2/ldlidar_driver/include/networkcom) by extensions ['cmake', 'python']
[0.250s] Level 1:colcon.colcon_core.package_identification:_identify(src/ldlidar_ros2/ldlidar_driver/include/networkcom) by extension 'cmake'
[0.250s] Level 1:colcon.colcon_core.package_identification:_identify(src/ldlidar_ros2/ldlidar_driver/include/networkcom) by extension 'python'
[0.250s] Level 1:colcon.colcon_core.package_identification:_identify(src/ldlidar_ros2/ldlidar_driver/include/networkcom) by extensions ['python_setup_py']
[0.250s] Level 1:colcon.colcon_core.package_identification:_identify(src/ldlidar_ros2/ldlidar_driver/include/networkcom) by extension 'python_setup_py'
[0.250s] Level 1:colcon.colcon_core.package_identification:_identify(src/ldlidar_ros2/ldlidar_driver/include/serialcom) by extensions ['ignore', 'ignore_ament_install']
[0.250s] Level 1:colcon.colcon_core.package_identification:_identify(src/ldlidar_ros2/ldlidar_driver/include/serialcom) by extension 'ignore'
[0.250s] Level 1:colcon.colcon_core.package_identification:_identify(src/ldlidar_ros2/ldlidar_driver/include/serialcom) by extension 'ignore_ament_install'
[0.250s] Level 1:colcon.colcon_core.package_identification:_identify(src/ldlidar_ros2/ldlidar_driver/include/serialcom) by extensions ['colcon_pkg']
[0.250s] Level 1:colcon.colcon_core.package_identification:_identify(src/ldlidar_ros2/ldlidar_driver/include/serialcom) by extension 'colcon_pkg'
[0.250s] Level 1:colcon.colcon_core.package_identification:_identify(src/ldlidar_ros2/ldlidar_driver/include/serialcom) by extensions ['colcon_meta']
[0.250s] Level 1:colcon.colcon_core.package_identification:_identify(src/ldlidar_ros2/ldlidar_driver/include/serialcom) by extension 'colcon_meta'
[0.250s] Level 1:colcon.colcon_core.package_identification:_identify(src/ldlidar_ros2/ldlidar_driver/include/serialcom) by extensions ['ros']
[0.250s] Level 1:colcon.colcon_core.package_identification:_identify(src/ldlidar_ros2/ldlidar_driver/include/serialcom) by extension 'ros'
[0.250s] Level 1:colcon.colcon_core.package_identification:_identify(src/ldlidar_ros2/ldlidar_driver/include/serialcom) by extensions ['cmake', 'python']
[0.250s] Level 1:colcon.colcon_core.package_identification:_identify(src/ldlidar_ros2/ldlidar_driver/include/serialcom) by extension 'cmake'
[0.251s] Level 1:colcon.colcon_core.package_identification:_identify(src/ldlidar_ros2/ldlidar_driver/include/serialcom) by extension 'python'
[0.251s] Level 1:colcon.colcon_core.package_identification:_identify(src/ldlidar_ros2/ldlidar_driver/include/serialcom) by extensions ['python_setup_py']
[0.251s] Level 1:colcon.colcon_core.package_identification:_identify(src/ldlidar_ros2/ldlidar_driver/include/serialcom) by extension 'python_setup_py'
[0.251s] Level 1:colcon.colcon_core.package_identification:_identify(src/ldlidar_ros2/ldlidar_driver/src) by extensions ['ignore', 'ignore_ament_install']
[0.251s] Level 1:colcon.colcon_core.package_identification:_identify(src/ldlidar_ros2/ldlidar_driver/src) by extension 'ignore'
[0.251s] Level 1:colcon.colcon_core.package_identification:_identify(src/ldlidar_ros2/ldlidar_driver/src) by extension 'ignore_ament_install'
[0.251s] Level 1:colcon.colcon_core.package_identification:_identify(src/ldlidar_ros2/ldlidar_driver/src) by extensions ['colcon_pkg']
[0.251s] Level 1:colcon.colcon_core.package_identification:_identify(src/ldlidar_ros2/ldlidar_driver/src) by extension 'colcon_pkg'
[0.251s] Level 1:colcon.colcon_core.package_identification:_identify(src/ldlidar_ros2/ldlidar_driver/src) by extensions ['colcon_meta']
[0.251s] Level 1:colcon.colcon_core.package_identification:_identify(src/ldlidar_ros2/ldlidar_driver/src) by extension 'colcon_meta'
[0.251s] Level 1:colcon.colcon_core.package_identification:_identify(src/ldlidar_ros2/ldlidar_driver/src) by extensions ['ros']
[0.251s] Level 1:colcon.colcon_core.package_identification:_identify(src/ldlidar_ros2/ldlidar_driver/src) by extension 'ros'
[0.251s] Level 1:colcon.colcon_core.package_identification:_identify(src/ldlidar_ros2/ldlidar_driver/src) by extensions ['cmake', 'python']
[0.251s] Level 1:colcon.colcon_core.package_identification:_identify(src/ldlidar_ros2/ldlidar_driver/src) by extension 'cmake'
[0.251s] Level 1:colcon.colcon_core.package_identification:_identify(src/ldlidar_ros2/ldlidar_driver/src) by extension 'python'
[0.252s] Level 1:colcon.colcon_core.package_identification:_identify(src/ldlidar_ros2/ldlidar_driver/src) by extensions ['python_setup_py']
[0.252s] Level 1:colcon.colcon_core.package_identification:_identify(src/ldlidar_ros2/ldlidar_driver/src) by extension 'python_setup_py'
[0.252s] Level 1:colcon.colcon_core.package_identification:_identify(src/ldlidar_ros2/ldlidar_driver/src/core) by extensions ['ignore', 'ignore_ament_install']
[0.252s] Level 1:colcon.colcon_core.package_identification:_identify(src/ldlidar_ros2/ldlidar_driver/src/core) by extension 'ignore'
[0.252s] Level 1:colcon.colcon_core.package_identification:_identify(src/ldlidar_ros2/ldlidar_driver/src/core) by extension 'ignore_ament_install'
[0.252s] Level 1:colcon.colcon_core.package_identification:_identify(src/ldlidar_ros2/ldlidar_driver/src/core) by extensions ['colcon_pkg']
[0.252s] Level 1:colcon.colcon_core.package_identification:_identify(src/ldlidar_ros2/ldlidar_driver/src/core) by extension 'colcon_pkg'
[0.252s] Level 1:colcon.colcon_core.package_identification:_identify(src/ldlidar_ros2/ldlidar_driver/src/core) by extensions ['colcon_meta']
[0.252s] Level 1:colcon.colcon_core.package_identification:_identify(src/ldlidar_ros2/ldlidar_driver/src/core) by extension 'colcon_meta'
[0.252s] Level 1:colcon.colcon_core.package_identification:_identify(src/ldlidar_ros2/ldlidar_driver/src/core) by extensions ['ros']
[0.252s] Level 1:colcon.colcon_core.package_identification:_identify(src/ldlidar_ros2/ldlidar_driver/src/core) by extension 'ros'
[0.252s] Level 1:colcon.colcon_core.package_identification:_identify(src/ldlidar_ros2/ldlidar_driver/src/core) by extensions ['cmake', 'python']
[0.252s] Level 1:colcon.colcon_core.package_identification:_identify(src/ldlidar_ros2/ldlidar_driver/src/core) by extension 'cmake'
[0.252s] Level 1:colcon.colcon_core.package_identification:_identify(src/ldlidar_ros2/ldlidar_driver/src/core) by extension 'python'
[0.252s] Level 1:colcon.colcon_core.package_identification:_identify(src/ldlidar_ros2/ldlidar_driver/src/core) by extensions ['python_setup_py']
[0.253s] Level 1:colcon.colcon_core.package_identification:_identify(src/ldlidar_ros2/ldlidar_driver/src/core) by extension 'python_setup_py'
[0.253s] Level 1:colcon.colcon_core.package_identification:_identify(src/ldlidar_ros2/ldlidar_driver/src/dataprocess) by extensions ['ignore', 'ignore_ament_install']
[0.253s] Level 1:colcon.colcon_core.package_identification:_identify(src/ldlidar_ros2/ldlidar_driver/src/dataprocess) by extension 'ignore'
[0.253s] Level 1:colcon.colcon_core.package_identification:_identify(src/ldlidar_ros2/ldlidar_driver/src/dataprocess) by extension 'ignore_ament_install'
[0.253s] Level 1:colcon.colcon_core.package_identification:_identify(src/ldlidar_ros2/ldlidar_driver/src/dataprocess) by extensions ['colcon_pkg']
[0.253s] Level 1:colcon.colcon_core.package_identification:_identify(src/ldlidar_ros2/ldlidar_driver/src/dataprocess) by extension 'colcon_pkg'
[0.253s] Level 1:colcon.colcon_core.package_identification:_identify(src/ldlidar_ros2/ldlidar_driver/src/dataprocess) by extensions ['colcon_meta']
[0.253s] Level 1:colcon.colcon_core.package_identification:_identify(src/ldlidar_ros2/ldlidar_driver/src/dataprocess) by extension 'colcon_meta'
[0.253s] Level 1:colcon.colcon_core.package_identification:_identify(src/ldlidar_ros2/ldlidar_driver/src/dataprocess) by extensions ['ros']
[0.253s] Level 1:colcon.colcon_core.package_identification:_identify(src/ldlidar_ros2/ldlidar_driver/src/dataprocess) by extension 'ros'
[0.253s] Level 1:colcon.colcon_core.package_identification:_identify(src/ldlidar_ros2/ldlidar_driver/src/dataprocess) by extensions ['cmake', 'python']
[0.253s] Level 1:colcon.colcon_core.package_identification:_identify(src/ldlidar_ros2/ldlidar_driver/src/dataprocess) by extension 'cmake'
[0.253s] Level 1:colcon.colcon_core.package_identification:_identify(src/ldlidar_ros2/ldlidar_driver/src/dataprocess) by extension 'python'
[0.253s] Level 1:colcon.colcon_core.package_identification:_identify(src/ldlidar_ros2/ldlidar_driver/src/dataprocess) by extensions ['python_setup_py']
[0.253s] Level 1:colcon.colcon_core.package_identification:_identify(src/ldlidar_ros2/ldlidar_driver/src/dataprocess) by extension 'python_setup_py'
[0.254s] Level 1:colcon.colcon_core.package_identification:_identify(src/ldlidar_ros2/ldlidar_driver/src/filter) by extensions ['ignore', 'ignore_ament_install']
[0.254s] Level 1:colcon.colcon_core.package_identification:_identify(src/ldlidar_ros2/ldlidar_driver/src/filter) by extension 'ignore'
[0.254s] Level 1:colcon.colcon_core.package_identification:_identify(src/ldlidar_ros2/ldlidar_driver/src/filter) by extension 'ignore_ament_install'
[0.254s] Level 1:colcon.colcon_core.package_identification:_identify(src/ldlidar_ros2/ldlidar_driver/src/filter) by extensions ['colcon_pkg']
[0.254s] Level 1:colcon.colcon_core.package_identification:_identify(src/ldlidar_ros2/ldlidar_driver/src/filter) by extension 'colcon_pkg'
[0.254s] Level 1:colcon.colcon_core.package_identification:_identify(src/ldlidar_ros2/ldlidar_driver/src/filter) by extensions ['colcon_meta']
[0.254s] Level 1:colcon.colcon_core.package_identification:_identify(src/ldlidar_ros2/ldlidar_driver/src/filter) by extension 'colcon_meta'
[0.254s] Level 1:colcon.colcon_core.package_identification:_identify(src/ldlidar_ros2/ldlidar_driver/src/filter) by extensions ['ros']
[0.254s] Level 1:colcon.colcon_core.package_identification:_identify(src/ldlidar_ros2/ldlidar_driver/src/filter) by extension 'ros'
[0.254s] Level 1:colcon.colcon_core.package_identification:_identify(src/ldlidar_ros2/ldlidar_driver/src/filter) by extensions ['cmake', 'python']
[0.254s] Level 1:colcon.colcon_core.package_identification:_identify(src/ldlidar_ros2/ldlidar_driver/src/filter) by extension 'cmake'
[0.254s] Level 1:colcon.colcon_core.package_identification:_identify(src/ldlidar_ros2/ldlidar_driver/src/filter) by extension 'python'
[0.254s] Level 1:colcon.colcon_core.package_identification:_identify(src/ldlidar_ros2/ldlidar_driver/src/filter) by extensions ['python_setup_py']
[0.254s] Level 1:colcon.colcon_core.package_identification:_identify(src/ldlidar_ros2/ldlidar_driver/src/filter) by extension 'python_setup_py'
[0.255s] Level 1:colcon.colcon_core.package_identification:_identify(src/ldlidar_ros2/ldlidar_driver/src/logger) by extensions ['ignore', 'ignore_ament_install']
[0.255s] Level 1:colcon.colcon_core.package_identification:_identify(src/ldlidar_ros2/ldlidar_driver/src/logger) by extension 'ignore'
[0.255s] Level 1:colcon.colcon_core.package_identification:_identify(src/ldlidar_ros2/ldlidar_driver/src/logger) by extension 'ignore_ament_install'
[0.255s] Level 1:colcon.colcon_core.package_identification:_identify(src/ldlidar_ros2/ldlidar_driver/src/logger) by extensions ['colcon_pkg']
[0.255s] Level 1:colcon.colcon_core.package_identification:_identify(src/ldlidar_ros2/ldlidar_driver/src/logger) by extension 'colcon_pkg'
[0.255s] Level 1:colcon.colcon_core.package_identification:_identify(src/ldlidar_ros2/ldlidar_driver/src/logger) by extensions ['colcon_meta']
[0.255s] Level 1:colcon.colcon_core.package_identification:_identify(src/ldlidar_ros2/ldlidar_driver/src/logger) by extension 'colcon_meta'
[0.255s] Level 1:colcon.colcon_core.package_identification:_identify(src/ldlidar_ros2/ldlidar_driver/src/logger) by extensions ['ros']
[0.255s] Level 1:colcon.colcon_core.package_identification:_identify(src/ldlidar_ros2/ldlidar_driver/src/logger) by extension 'ros'
[0.255s] Level 1:colcon.colcon_core.package_identification:_identify(src/ldlidar_ros2/ldlidar_driver/src/logger) by extensions ['cmake', 'python']
[0.255s] Level 1:colcon.colcon_core.package_identification:_identify(src/ldlidar_ros2/ldlidar_driver/src/logger) by extension 'cmake'
[0.255s] Level 1:colcon.colcon_core.package_identification:_identify(src/ldlidar_ros2/ldlidar_driver/src/logger) by extension 'python'
[0.255s] Level 1:colcon.colcon_core.package_identification:_identify(src/ldlidar_ros2/ldlidar_driver/src/logger) by extensions ['python_setup_py']
[0.255s] Level 1:colcon.colcon_core.package_identification:_identify(src/ldlidar_ros2/ldlidar_driver/src/logger) by extension 'python_setup_py'
[0.255s] Level 1:colcon.colcon_core.package_identification:_identify(src/ldlidar_ros2/ldlidar_driver/src/networkcom) by extensions ['ignore', 'ignore_ament_install']
[0.256s] Level 1:colcon.colcon_core.package_identification:_identify(src/ldlidar_ros2/ldlidar_driver/src/networkcom) by extension 'ignore'
[0.256s] Level 1:colcon.colcon_core.package_identification:_identify(src/ldlidar_ros2/ldlidar_driver/src/networkcom) by extension 'ignore_ament_install'
[0.256s] Level 1:colcon.colcon_core.package_identification:_identify(src/ldlidar_ros2/ldlidar_driver/src/networkcom) by extensions ['colcon_pkg']
[0.256s] Level 1:colcon.colcon_core.package_identification:_identify(src/ldlidar_ros2/ldlidar_driver/src/networkcom) by extension 'colcon_pkg'
[0.256s] Level 1:colcon.colcon_core.package_identification:_identify(src/ldlidar_ros2/ldlidar_driver/src/networkcom) by extensions ['colcon_meta']
[0.256s] Level 1:colcon.colcon_core.package_identification:_identify(src/ldlidar_ros2/ldlidar_driver/src/networkcom) by extension 'colcon_meta'
[0.256s] Level 1:colcon.colcon_core.package_identification:_identify(src/ldlidar_ros2/ldlidar_driver/src/networkcom) by extensions ['ros']
[0.256s] Level 1:colcon.colcon_core.package_identification:_identify(src/ldlidar_ros2/ldlidar_driver/src/networkcom) by extension 'ros'
[0.256s] Level 1:colcon.colcon_core.package_identification:_identify(src/ldlidar_ros2/ldlidar_driver/src/networkcom) by extensions ['cmake', 'python']
[0.256s] Level 1:colcon.colcon_core.package_identification:_identify(src/ldlidar_ros2/ldlidar_driver/src/networkcom) by extension 'cmake'
[0.256s] Level 1:colcon.colcon_core.package_identification:_identify(src/ldlidar_ros2/ldlidar_driver/src/networkcom) by extension 'python'
[0.256s] Level 1:colcon.colcon_core.package_identification:_identify(src/ldlidar_ros2/ldlidar_driver/src/networkcom) by extensions ['python_setup_py']
[0.256s] Level 1:colcon.colcon_core.package_identification:_identify(src/ldlidar_ros2/ldlidar_driver/src/networkcom) by extension 'python_setup_py'
[0.256s] Level 1:colcon.colcon_core.package_identification:_identify(src/ldlidar_ros2/ldlidar_driver/src/serialcom) by extensions ['ignore', 'ignore_ament_install']
[0.257s] Level 1:colcon.colcon_core.package_identification:_identify(src/ldlidar_ros2/ldlidar_driver/src/serialcom) by extension 'ignore'
[0.257s] Level 1:colcon.colcon_core.package_identification:_identify(src/ldlidar_ros2/ldlidar_driver/src/serialcom) by extension 'ignore_ament_install'
[0.257s] Level 1:colcon.colcon_core.package_identification:_identify(src/ldlidar_ros2/ldlidar_driver/src/serialcom) by extensions ['colcon_pkg']
[0.257s] Level 1:colcon.colcon_core.package_identification:_identify(src/ldlidar_ros2/ldlidar_driver/src/serialcom) by extension 'colcon_pkg'
[0.257s] Level 1:colcon.colcon_core.package_identification:_identify(src/ldlidar_ros2/ldlidar_driver/src/serialcom) by extensions ['colcon_meta']
[0.257s] Level 1:colcon.colcon_core.package_identification:_identify(src/ldlidar_ros2/ldlidar_driver/src/serialcom) by extension 'colcon_meta'
[0.257s] Level 1:colcon.colcon_core.package_identification:_identify(src/ldlidar_ros2/ldlidar_driver/src/serialcom) by extensions ['ros']
[0.257s] Level 1:colcon.colcon_core.package_identification:_identify(src/ldlidar_ros2/ldlidar_driver/src/serialcom) by extension 'ros'
[0.257s] Level 1:colcon.colcon_core.package_identification:_identify(src/ldlidar_ros2/ldlidar_driver/src/serialcom) by extensions ['cmake', 'python']
[0.257s] Level 1:colcon.colcon_core.package_identification:_identify(src/ldlidar_ros2/ldlidar_driver/src/serialcom) by extension 'cmake'
[0.257s] Level 1:colcon.colcon_core.package_identification:_identify(src/ldlidar_ros2/ldlidar_driver/src/serialcom) by extension 'python'
[0.257s] Level 1:colcon.colcon_core.package_identification:_identify(src/ldlidar_ros2/ldlidar_driver/src/serialcom) by extensions ['python_setup_py']
[0.257s] Level 1:colcon.colcon_core.package_identification:_identify(src/ldlidar_ros2/ldlidar_driver/src/serialcom) by extension 'python_setup_py'
[0.257s] Level 1:colcon.colcon_core.package_identification:_identify(src/sensor_bringup) by extensions ['ignore', 'ignore_ament_install']
[0.258s] Level 1:colcon.colcon_core.package_identification:_identify(src/sensor_bringup) by extension 'ignore'
[0.258s] Level 1:colcon.colcon_core.package_identification:_identify(src/sensor_bringup) by extension 'ignore_ament_install'
[0.258s] Level 1:colcon.colcon_core.package_identification:_identify(src/sensor_bringup) by extensions ['colcon_pkg']
[0.258s] Level 1:colcon.colcon_core.package_identification:_identify(src/sensor_bringup) by extension 'colcon_pkg'
[0.258s] Level 1:colcon.colcon_core.package_identification:_identify(src/sensor_bringup) by extensions ['colcon_meta']
[0.258s] Level 1:colcon.colcon_core.package_identification:_identify(src/sensor_bringup) by extension 'colcon_meta'
[0.258s] Level 1:colcon.colcon_core.package_identification:_identify(src/sensor_bringup) by extensions ['ros']
[0.258s] Level 1:colcon.colcon_core.package_identification:_identify(src/sensor_bringup) by extension 'ros'
[0.260s] DEBUG:colcon.colcon_core.package_identification:Package 'src/sensor_bringup' with type 'ros.ament_python' and name 'sensor_bringup'
[0.260s] Level 1:colcon.colcon_core.package_discovery:discover_packages(recursive) using defaults
[0.260s] Level 1:colcon.colcon_core.package_discovery:discover_packages(ignore) discover
[0.260s] Level 1:colcon.colcon_core.package_discovery:discover_packages(ignore) using defaults
[0.260s] Level 1:colcon.colcon_core.package_discovery:discover_packages(path) discover
[0.260s] Level 1:colcon.colcon_core.package_discovery:discover_packages(path) using defaults
[0.286s] Level 1:colcon.colcon_core.package_discovery:discover_packages(prefix_path) check parameters
[0.286s] Level 1:colcon.colcon_core.package_discovery:discover_packages(prefix_path) discover
[0.290s] DEBUG:colcon.colcon_installed_package_information.package_discovery:Found 286 installed packages in /opt/ros/jazzy
[0.291s] Level 1:colcon.colcon_core.package_discovery:discover_packages(prefix_path) using defaults
[0.352s] Level 5:colcon.colcon_core.verb:set package 'agv_control' build argument 'cmake_args' from command line to 'None'
[0.352s] Level 5:colcon.colcon_core.verb:set package 'agv_control' build argument 'cmake_target' from command line to 'None'
[0.352s] Level 5:colcon.colcon_core.verb:set package 'agv_control' build argument 'cmake_target_skip_unavailable' from command line to 'False'
[0.352s] Level 5:colcon.colcon_core.verb:set package 'agv_control' build argument 'cmake_clean_cache' from command line to 'False'
[0.352s] Level 5:colcon.colcon_core.verb:set package 'agv_control' build argument 'cmake_clean_first' from command line to 'False'
[0.352s] Level 5:colcon.colcon_core.verb:set package 'agv_control' build argument 'cmake_force_configure' from command line to 'False'
[0.352s] Level 5:colcon.colcon_core.verb:set package 'agv_control' build argument 'ament_cmake_args' from command line to 'None'
[0.352s] Level 5:colcon.colcon_core.verb:set package 'agv_control' build argument 'catkin_cmake_args' from command line to 'None'
[0.352s] Level 5:colcon.colcon_core.verb:set package 'agv_control' build argument 'catkin_skip_building_tests' from command line to 'False'
[0.352s] DEBUG:colcon.colcon_core.verb:Building package 'agv_control' with the following arguments: {'ament_cmake_args': None, 'build_base': '/home/kenbio/sensor_ws/build/agv_control', 'catkin_cmake_args': None, 'catkin_skip_building_tests': False, 'cmake_args': None, 'cmake_clean_cache': False, 'cmake_clean_first': False, 'cmake_force_configure': False, 'cmake_target': None, 'cmake_target_skip_unavailable': False, 'install_base': '/home/kenbio/sensor_ws/install/agv_control', 'merge_install': False, 'path': '/home/kenbio/sensor_ws/src/agv_control', 'symlink_install': False, 'test_result_base': None}
[0.353s] Level 5:colcon.colcon_core.verb:set package 'imu_ros2_device' build argument 'cmake_args' from command line to 'None'
[0.353s] Level 5:colcon.colcon_core.verb:set package 'imu_ros2_device' build argument 'cmake_target' from command line to 'None'
[0.353s] Level 5:colcon.colcon_core.verb:set package 'imu_ros2_device' build argument 'cmake_target_skip_unavailable' from command line to 'False'
[0.353s] Level 5:colcon.colcon_core.verb:set package 'imu_ros2_device' build argument 'cmake_clean_cache' from command line to 'False'
[0.353s] Level 5:colcon.colcon_core.verb:set package 'imu_ros2_device' build argument 'cmake_clean_first' from command line to 'False'
[0.353s] Level 5:colcon.colcon_core.verb:set package 'imu_ros2_device' build argument 'cmake_force_configure' from command line to 'False'
[0.353s] Level 5:colcon.colcon_core.verb:set package 'imu_ros2_device' build argument 'ament_cmake_args' from command line to 'None'
[0.353s] Level 5:colcon.colcon_core.verb:set package 'imu_ros2_device' build argument 'catkin_cmake_args' from command line to 'None'
[0.353s] Level 5:colcon.colcon_core.verb:set package 'imu_ros2_device' build argument 'catkin_skip_building_tests' from command line to 'False'
[0.353s] DEBUG:colcon.colcon_core.verb:Building package 'imu_ros2_device' with the following arguments: {'ament_cmake_args': None, 'build_base': '/home/kenbio/sensor_ws/build/imu_ros2_device', 'catkin_cmake_args': None, 'catkin_skip_building_tests': False, 'cmake_args': None, 'cmake_clean_cache': False, 'cmake_clean_first': False, 'cmake_force_configure': False, 'cmake_target': None, 'cmake_target_skip_unavailable': False, 'install_base': '/home/kenbio/sensor_ws/install/imu_ros2_device', 'merge_install': False, 'path': '/home/kenbio/sensor_ws/src/imu_ros2_device', 'symlink_install': False, 'test_result_base': None}
[0.353s] Level 5:colcon.colcon_core.verb:set package 'ldlidar' build argument 'cmake_args' from command line to 'None'
[0.353s] Level 5:colcon.colcon_core.verb:set package 'ldlidar' build argument 'cmake_target' from command line to 'None'
[0.353s] Level 5:colcon.colcon_core.verb:set package 'ldlidar' build argument 'cmake_target_skip_unavailable' from command line to 'False'
[0.353s] Level 5:colcon.colcon_core.verb:set package 'ldlidar' build argument 'cmake_clean_cache' from command line to 'False'
[0.353s] Level 5:colcon.colcon_core.verb:set package 'ldlidar' build argument 'cmake_clean_first' from command line to 'False'
[0.353s] Level 5:colcon.colcon_core.verb:set package 'ldlidar' build argument 'cmake_force_configure' from command line to 'False'
[0.353s] Level 5:colcon.colcon_core.verb:set package 'ldlidar' build argument 'ament_cmake_args' from command line to 'None'
[0.353s] Level 5:colcon.colcon_core.verb:set package 'ldlidar' build argument 'catkin_cmake_args' from command line to 'None'
[0.353s] Level 5:colcon.colcon_core.verb:set package 'ldlidar' build argument 'catkin_skip_building_tests' from command line to 'False'
[0.353s] DEBUG:colcon.colcon_core.verb:Building package 'ldlidar' with the following arguments: {'ament_cmake_args': None, 'build_base': '/home/kenbio/sensor_ws/build/ldlidar', 'catkin_cmake_args': None, 'catkin_skip_building_tests': False, 'cmake_args': None, 'cmake_clean_cache': False, 'cmake_clean_first': False, 'cmake_force_configure': False, 'cmake_target': None, 'cmake_target_skip_unavailable': False, 'install_base': '/home/kenbio/sensor_ws/install/ldlidar', 'merge_install': False, 'path': '/home/kenbio/sensor_ws/src/ldlidar_ros2/ldlidar', 'symlink_install': False, 'test_result_base': None}
[0.354s] Level 5:colcon.colcon_core.verb:set package 'sensor_bringup' build argument 'cmake_args' from command line to 'None'
[0.354s] Level 5:colcon.colcon_core.verb:set package 'sensor_bringup' build argument 'cmake_target' from command line to 'None'
[0.354s] Level 5:colcon.colcon_core.verb:set package 'sensor_bringup' build argument 'cmake_target_skip_unavailable' from command line to 'False'
[0.354s] Level 5:colcon.colcon_core.verb:set package 'sensor_bringup' build argument 'cmake_clean_cache' from command line to 'False'
[0.354s] Level 5:colcon.colcon_core.verb:set package 'sensor_bringup' build argument 'cmake_clean_first' from command line to 'False'
[0.354s] Level 5:colcon.colcon_core.verb:set package 'sensor_bringup' build argument 'cmake_force_configure' from command line to 'False'
[0.354s] Level 5:colcon.colcon_core.verb:set package 'sensor_bringup' build argument 'ament_cmake_args' from command line to 'None'
[0.354s] Level 5:colcon.colcon_core.verb:set package 'sensor_bringup' build argument 'catkin_cmake_args' from command line to 'None'
[0.354s] Level 5:colcon.colcon_core.verb:set package 'sensor_bringup' build argument 'catkin_skip_building_tests' from command line to 'False'
[0.354s] DEBUG:colcon.colcon_core.verb:Building package 'sensor_bringup' with the following arguments: {'ament_cmake_args': None, 'build_base': '/home/kenbio/sensor_ws/build/sensor_bringup', 'catkin_cmake_args': None, 'catkin_skip_building_tests': False, 'cmake_args': None, 'cmake_clean_cache': False, 'cmake_clean_first': False, 'cmake_force_configure': False, 'cmake_target': None, 'cmake_target_skip_unavailable': False, 'install_base': '/home/kenbio/sensor_ws/install/sensor_bringup', 'merge_install': False, 'path': '/home/kenbio/sensor_ws/src/sensor_bringup', 'symlink_install': False, 'test_result_base': None}
[0.354s] INFO:colcon.colcon_core.executor:Executing jobs using 'parallel' executor
[0.355s] DEBUG:colcon.colcon_parallel_executor.executor.parallel:run_until_complete
[0.355s] INFO:colcon.colcon_ros.task.ament_python.build:Building ROS package in '/home/kenbio/sensor_ws/src/agv_control' with build type 'ament_python'
[0.355s] Level 1:colcon.colcon_core.shell:create_environment_hook('agv_control', 'ament_prefix_path')
[0.359s] INFO:colcon.colcon_core.plugin_system:Skipping extension 'colcon_core.shell.bat': Not used on non-Windows systems
[0.359s] INFO:colcon.colcon_core.shell:Creating environment hook '/home/kenbio/sensor_ws/install/agv_control/share/agv_control/hook/ament_prefix_path.ps1'
[0.360s] INFO:colcon.colcon_core.shell:Creating environment descriptor '/home/kenbio/sensor_ws/install/agv_control/share/agv_control/hook/ament_prefix_path.dsv'
[0.361s] INFO:colcon.colcon_core.shell:Creating environment hook '/home/kenbio/sensor_ws/install/agv_control/share/agv_control/hook/ament_prefix_path.sh'
[0.362s] INFO:colcon.colcon_core.shell:Skip shell extension 'powershell' for command environment: Not usable outside of PowerShell
[0.362s] DEBUG:colcon.colcon_core.shell:Skip shell extension 'dsv' for command environment
[0.366s] INFO:colcon.colcon_ros.task.ament_python.build:Building ROS package in '/home/kenbio/sensor_ws/src/imu_ros2_device' with build type 'ament_python'
[0.366s] Level 1:colcon.colcon_core.shell:create_environment_hook('imu_ros2_device', 'ament_prefix_path')
[0.366s] INFO:colcon.colcon_core.shell:Creating environment hook '/home/kenbio/sensor_ws/install/imu_ros2_device/share/imu_ros2_device/hook/ament_prefix_path.ps1'
[0.367s] INFO:colcon.colcon_core.shell:Creating environment descriptor '/home/kenbio/sensor_ws/install/imu_ros2_device/share/imu_ros2_device/hook/ament_prefix_path.dsv'
[0.368s] INFO:colcon.colcon_core.shell:Creating environment hook '/home/kenbio/sensor_ws/install/imu_ros2_device/share/imu_ros2_device/hook/ament_prefix_path.sh'
[0.368s] INFO:colcon.colcon_core.shell:Skip shell extension 'powershell' for command environment: Not usable outside of PowerShell
[0.369s] DEBUG:colcon.colcon_core.shell:Skip shell extension 'dsv' for command environment
[0.372s] INFO:colcon.colcon_ros.task.ament_cmake.build:Building ROS package in '/home/kenbio/sensor_ws/src/ldlidar_ros2/ldlidar' with build type 'ament_cmake'
[0.372s] INFO:colcon.colcon_cmake.task.cmake.build:Building CMake package in '/home/kenbio/sensor_ws/src/ldlidar_ros2/ldlidar'
[0.372s] INFO:colcon.colcon_core.shell:Skip shell extension 'powershell' for command environment: Not usable outside of PowerShell
[0.372s] DEBUG:colcon.colcon_core.shell:Skip shell extension 'dsv' for command environment
[0.661s] INFO:colcon.colcon_core.task.python.build:Building Python package in '/home/kenbio/sensor_ws/src/agv_control'
[0.661s] INFO:colcon.colcon_core.shell:Skip shell extension 'powershell' for command environment: Not usable outside of PowerShell
[0.661s] DEBUG:colcon.colcon_core.shell:Skip shell extension 'dsv' for command environment
[0.961s] INFO:colcon.colcon_core.task.python.build:Building Python package in '/home/kenbio/sensor_ws/src/imu_ros2_device'
[0.961s] INFO:colcon.colcon_core.shell:Skip shell extension 'powershell' for command environment: Not usable outside of PowerShell
[0.961s] DEBUG:colcon.colcon_core.shell:Skip shell extension 'dsv' for command environment
[0.969s] DEBUG:colcon.colcon_core.event_handler.log_command:Invoking command in '/home/kenbio/sensor_ws/build/ldlidar': CMAKE_PREFIX_PATH=${CMAKE_PREFIX_PATH}:/opt/ros/jazzy DEBUGINFOD_URLS=https://debuginfod.ubuntu.com /usr/bin/cmake /home/kenbio/sensor_ws/src/ldlidar_ros2/ldlidar -DCMAKE_INSTALL_PREFIX=/home/kenbio/sensor_ws/install/ldlidar
[2.034s] DEBUG:colcon.colcon_core.event_handler.log_command:Invoking command in '/home/kenbio/sensor_ws/src/imu_ros2_device': DEBUGINFOD_URLS=https://debuginfod.ubuntu.com PYTHONPATH=/home/kenbio/sensor_ws/build/imu_ros2_device/prefix_override:/usr/lib/python3/dist-packages/colcon_core/task/python/colcon_distutils_commands:/home/kenbio/sensor_ws/install/imu_ros2_device/lib/python3.12/site-packages:${PYTHONPATH} /usr/bin/python3 -W ignore:setup.py install is deprecated -W ignore:easy_install command is deprecated setup.py egg_info --egg-base ../../build/imu_ros2_device build --build-base /home/kenbio/sensor_ws/build/imu_ros2_device/build install --record /home/kenbio/sensor_ws/build/imu_ros2_device/install.log --single-version-externally-managed install_data
[2.099s] DEBUG:colcon.colcon_core.event_handler.log_command:Invoking command in '/home/kenbio/sensor_ws/src/agv_control': DEBUGINFOD_URLS=https://debuginfod.ubuntu.com PYTHONPATH=/home/kenbio/sensor_ws/build/agv_control/prefix_override:/usr/lib/python3/dist-packages/colcon_core/task/python/colcon_distutils_commands:/home/kenbio/sensor_ws/install/agv_control/lib/python3.12/site-packages:${PYTHONPATH} /usr/bin/python3 -W ignore:setup.py install is deprecated -W ignore:easy_install command is deprecated setup.py egg_info --egg-base ../../build/agv_control build --build-base /home/kenbio/sensor_ws/build/agv_control/build install --record /home/kenbio/sensor_ws/build/agv_control/install.log --single-version-externally-managed install_data
[2.872s] DEBUG:colcon.colcon_core.event_handler.log_command:Invoked command in '/home/kenbio/sensor_ws/src/imu_ros2_device' returned '0': DEBUGINFOD_URLS=https://debuginfod.ubuntu.com PYTHONPATH=/home/kenbio/sensor_ws/build/imu_ros2_device/prefix_override:/usr/lib/python3/dist-packages/colcon_core/task/python/colcon_distutils_commands:/home/kenbio/sensor_ws/install/imu_ros2_device/lib/python3.12/site-packages:${PYTHONPATH} /usr/bin/python3 -W ignore:setup.py install is deprecated -W ignore:easy_install command is deprecated setup.py egg_info --egg-base ../../build/imu_ros2_device build --build-base /home/kenbio/sensor_ws/build/imu_ros2_device/build install --record /home/kenbio/sensor_ws/build/imu_ros2_device/install.log --single-version-externally-managed install_data
[2.876s] Level 1:colcon.colcon_core.environment:checking '/home/kenbio/sensor_ws/install/imu_ros2_device' for CMake module files
[2.877s] Level 1:colcon.colcon_core.environment:checking '/home/kenbio/sensor_ws/install/imu_ros2_device' for CMake config files
[2.878s] Level 1:colcon.colcon_core.environment:checking '/home/kenbio/sensor_ws/install/imu_ros2_device/lib'
[2.878s] Level 1:colcon.colcon_core.environment:checking '/home/kenbio/sensor_ws/install/imu_ros2_device/bin'
[2.878s] Level 1:colcon.colcon_core.environment:checking '/home/kenbio/sensor_ws/install/imu_ros2_device/lib/pkgconfig/imu_ros2_device.pc'
[2.879s] Level 1:colcon.colcon_core.environment:checking '/home/kenbio/sensor_ws/install/imu_ros2_device/lib/python3.12/site-packages'
[2.879s] Level 1:colcon.colcon_core.shell:create_environment_hook('imu_ros2_device', 'pythonpath')
[2.879s] INFO:colcon.colcon_core.shell:Creating environment hook '/home/kenbio/sensor_ws/install/imu_ros2_device/share/imu_ros2_device/hook/pythonpath.ps1'
[2.880s] INFO:colcon.colcon_core.shell:Creating environment descriptor '/home/kenbio/sensor_ws/install/imu_ros2_device/share/imu_ros2_device/hook/pythonpath.dsv'
[2.880s] INFO:colcon.colcon_core.shell:Creating environment hook '/home/kenbio/sensor_ws/install/imu_ros2_device/share/imu_ros2_device/hook/pythonpath.sh'
[2.881s] Level 1:colcon.colcon_core.environment:checking '/home/kenbio/sensor_ws/install/imu_ros2_device/bin'
[2.881s] Level 1:colcon.colcon_core.environment:create_environment_scripts_only(imu_ros2_device)
[2.882s] INFO:colcon.colcon_core.shell:Creating package script '/home/kenbio/sensor_ws/install/imu_ros2_device/share/imu_ros2_device/package.ps1'
[2.883s] INFO:colcon.colcon_core.shell:Creating package descriptor '/home/kenbio/sensor_ws/install/imu_ros2_device/share/imu_ros2_device/package.dsv'
[2.884s] INFO:colcon.colcon_core.shell:Creating package script '/home/kenbio/sensor_ws/install/imu_ros2_device/share/imu_ros2_device/package.sh'
[2.884s] INFO:colcon.colcon_core.shell:Creating package script '/home/kenbio/sensor_ws/install/imu_ros2_device/share/imu_ros2_device/package.bash'
[2.885s] INFO:colcon.colcon_core.shell:Creating package script '/home/kenbio/sensor_ws/install/imu_ros2_device/share/imu_ros2_device/package.zsh'
[2.886s] Level 1:colcon.colcon_core.environment:create_file_with_runtime_dependencies(/home/kenbio/sensor_ws/install/imu_ros2_device/share/colcon-core/packages/imu_ros2_device)
[3.206s] Level 1:colcon.colcon_core.environment:checking '/home/kenbio/sensor_ws/install/agv_control' for CMake module files
[3.207s] DEBUG:colcon.colcon_core.event_handler.log_command:Invoked command in '/home/kenbio/sensor_ws/src/agv_control' returned '0': DEBUGINFOD_URLS=https://debuginfod.ubuntu.com PYTHONPATH=/home/kenbio/sensor_ws/build/agv_control/prefix_override:/usr/lib/python3/dist-packages/colcon_core/task/python/colcon_distutils_commands:/home/kenbio/sensor_ws/install/agv_control/lib/python3.12/site-packages:${PYTHONPATH} /usr/bin/python3 -W ignore:setup.py install is deprecated -W ignore:easy_install command is deprecated setup.py egg_info --egg-base ../../build/agv_control build --build-base /home/kenbio/sensor_ws/build/agv_control/build install --record /home/kenbio/sensor_ws/build/agv_control/install.log --single-version-externally-managed install_data
[3.208s] Level 1:colcon.colcon_core.environment:checking '/home/kenbio/sensor_ws/install/agv_control' for CMake config files
[3.209s] Level 1:colcon.colcon_core.environment:checking '/home/kenbio/sensor_ws/install/agv_control/lib'
[3.209s] Level 1:colcon.colcon_core.environment:checking '/home/kenbio/sensor_ws/install/agv_control/bin'
[3.209s] Level 1:colcon.colcon_core.environment:checking '/home/kenbio/sensor_ws/install/agv_control/lib/pkgconfig/agv_control.pc'
[3.209s] Level 1:colcon.colcon_core.environment:checking '/home/kenbio/sensor_ws/install/agv_control/lib/python3.12/site-packages'
[3.209s] Level 1:colcon.colcon_core.shell:create_environment_hook('agv_control', 'pythonpath')
[3.210s] INFO:colcon.colcon_core.shell:Creating environment hook '/home/kenbio/sensor_ws/install/agv_control/share/agv_control/hook/pythonpath.ps1'
[3.210s] INFO:colcon.colcon_core.shell:Creating environment descriptor '/home/kenbio/sensor_ws/install/agv_control/share/agv_control/hook/pythonpath.dsv'
[3.211s] INFO:colcon.colcon_core.shell:Creating environment hook '/home/kenbio/sensor_ws/install/agv_control/share/agv_control/hook/pythonpath.sh'
[3.212s] Level 1:colcon.colcon_core.environment:checking '/home/kenbio/sensor_ws/install/agv_control/bin'
[3.212s] Level 1:colcon.colcon_core.environment:create_environment_scripts_only(agv_control)
[3.213s] INFO:colcon.colcon_core.shell:Creating package script '/home/kenbio/sensor_ws/install/agv_control/share/agv_control/package.ps1'
[3.214s] INFO:colcon.colcon_core.shell:Creating package descriptor '/home/kenbio/sensor_ws/install/agv_control/share/agv_control/package.dsv'
[3.215s] INFO:colcon.colcon_core.shell:Creating package script '/home/kenbio/sensor_ws/install/agv_control/share/agv_control/package.sh'
[3.215s] INFO:colcon.colcon_core.shell:Creating package script '/home/kenbio/sensor_ws/install/agv_control/share/agv_control/package.bash'
[3.216s] INFO:colcon.colcon_core.shell:Creating package script '/home/kenbio/sensor_ws/install/agv_control/share/agv_control/package.zsh'
[3.216s] Level 1:colcon.colcon_core.environment:create_file_with_runtime_dependencies(/home/kenbio/sensor_ws/install/agv_control/share/colcon-core/packages/agv_control)
[3.616s] DEBUG:colcon.colcon_core.event_handler.log_command:Invoked command in '/home/kenbio/sensor_ws/build/ldlidar' returned '0': CMAKE_PREFIX_PATH=${CMAKE_PREFIX_PATH}:/opt/ros/jazzy DEBUGINFOD_URLS=https://debuginfod.ubuntu.com /usr/bin/cmake /home/kenbio/sensor_ws/src/ldlidar_ros2/ldlidar -DCMAKE_INSTALL_PREFIX=/home/kenbio/sensor_ws/install/ldlidar
[3.617s] DEBUG:colcon.colcon_core.event_handler.log_command:Invoking command in '/home/kenbio/sensor_ws/build/ldlidar': CMAKE_PREFIX_PATH=${CMAKE_PREFIX_PATH}:/opt/ros/jazzy DEBUGINFOD_URLS=https://debuginfod.ubuntu.com /usr/bin/cmake --build /home/kenbio/sensor_ws/build/ldlidar -- -j4 -l4
[11.052s] DEBUG:colcon.colcon_core.event_handler.log_command:Invoked command in '/home/kenbio/sensor_ws/build/ldlidar' returned '0': CMAKE_PREFIX_PATH=${CMAKE_PREFIX_PATH}:/opt/ros/jazzy DEBUGINFOD_URLS=https://debuginfod.ubuntu.com /usr/bin/cmake --build /home/kenbio/sensor_ws/build/ldlidar -- -j4 -l4
[11.066s] DEBUG:colcon.colcon_core.event_handler.log_command:Invoking command in '/home/kenbio/sensor_ws/build/ldlidar': CMAKE_PREFIX_PATH=${CMAKE_PREFIX_PATH}:/opt/ros/jazzy DEBUGINFOD_URLS=https://debuginfod.ubuntu.com /usr/bin/cmake --install /home/kenbio/sensor_ws/build/ldlidar
[11.086s] Level 1:colcon.colcon_core.environment:create_environment_scripts_only(ldlidar)
[11.087s] Level 1:colcon.colcon_core.environment:checking '/home/kenbio/sensor_ws/install/ldlidar' for CMake module files
[11.087s] DEBUG:colcon.colcon_core.event_handler.log_command:Invoked command in '/home/kenbio/sensor_ws/build/ldlidar' returned '0': CMAKE_PREFIX_PATH=${CMAKE_PREFIX_PATH}:/opt/ros/jazzy DEBUGINFOD_URLS=https://debuginfod.ubuntu.com /usr/bin/cmake --install /home/kenbio/sensor_ws/build/ldlidar
[11.088s] Level 1:colcon.colcon_core.environment:checking '/home/kenbio/sensor_ws/install/ldlidar' for CMake config files
[11.088s] Level 1:colcon.colcon_core.shell:create_environment_hook('ldlidar', 'cmake_prefix_path')
[11.088s] INFO:colcon.colcon_core.shell:Creating environment hook '/home/kenbio/sensor_ws/install/ldlidar/share/ldlidar/hook/cmake_prefix_path.ps1'
[11.089s] INFO:colcon.colcon_core.shell:Creating environment descriptor '/home/kenbio/sensor_ws/install/ldlidar/share/ldlidar/hook/cmake_prefix_path.dsv'
[11.089s] INFO:colcon.colcon_core.shell:Creating environment hook '/home/kenbio/sensor_ws/install/ldlidar/share/ldlidar/hook/cmake_prefix_path.sh'
[11.090s] Level 1:colcon.colcon_core.environment:checking '/home/kenbio/sensor_ws/install/ldlidar/lib'
[11.090s] Level 1:colcon.colcon_core.environment:checking '/home/kenbio/sensor_ws/install/ldlidar/bin'
[11.090s] Level 1:colcon.colcon_core.environment:checking '/home/kenbio/sensor_ws/install/ldlidar/lib/pkgconfig/ldlidar.pc'
[11.090s] Level 1:colcon.colcon_core.environment:checking '/home/kenbio/sensor_ws/install/ldlidar/lib/python3.12/site-packages'
[11.091s] Level 1:colcon.colcon_core.environment:checking '/home/kenbio/sensor_ws/install/ldlidar/bin'
[11.091s] INFO:colcon.colcon_core.shell:Creating package script '/home/kenbio/sensor_ws/install/ldlidar/share/ldlidar/package.ps1'
[11.091s] INFO:colcon.colcon_core.shell:Creating package descriptor '/home/kenbio/sensor_ws/install/ldlidar/share/ldlidar/package.dsv'
[11.092s] INFO:colcon.colcon_core.shell:Creating package script '/home/kenbio/sensor_ws/install/ldlidar/share/ldlidar/package.sh'
[11.092s] INFO:colcon.colcon_core.shell:Creating package script '/home/kenbio/sensor_ws/install/ldlidar/share/ldlidar/package.bash'
[11.093s] INFO:colcon.colcon_core.shell:Creating package script '/home/kenbio/sensor_ws/install/ldlidar/share/ldlidar/package.zsh'
[11.093s] Level 1:colcon.colcon_core.environment:create_file_with_runtime_dependencies(/home/kenbio/sensor_ws/install/ldlidar/share/colcon-core/packages/ldlidar)
[11.094s] Level 1:colcon.colcon_core.environment:create_environment_scripts_only(ldlidar)
[11.094s] Level 1:colcon.colcon_core.environment:checking '/home/kenbio/sensor_ws/install/ldlidar' for CMake module files
[11.094s] Level 1:colcon.colcon_core.environment:checking '/home/kenbio/sensor_ws/install/ldlidar' for CMake config files
[11.095s] Level 1:colcon.colcon_core.shell:create_environment_hook('ldlidar', 'cmake_prefix_path')
[11.095s] INFO:colcon.colcon_core.shell:Creating environment hook '/home/kenbio/sensor_ws/install/ldlidar/share/ldlidar/hook/cmake_prefix_path.ps1'
[11.095s] INFO:colcon.colcon_core.shell:Creating environment descriptor '/home/kenbio/sensor_ws/install/ldlidar/share/ldlidar/hook/cmake_prefix_path.dsv'
[11.096s] INFO:colcon.colcon_core.shell:Creating environment hook '/home/kenbio/sensor_ws/install/ldlidar/share/ldlidar/hook/cmake_prefix_path.sh'
[11.096s] Level 1:colcon.colcon_core.environment:checking '/home/kenbio/sensor_ws/install/ldlidar/lib'
[11.097s] Level 1:colcon.colcon_core.environment:checking '/home/kenbio/sensor_ws/install/ldlidar/bin'
[11.097s] Level 1:colcon.colcon_core.environment:checking '/home/kenbio/sensor_ws/install/ldlidar/lib/pkgconfig/ldlidar.pc'
[11.097s] Level 1:colcon.colcon_core.environment:checking '/home/kenbio/sensor_ws/install/ldlidar/lib/python3.12/site-packages'
[11.097s] Level 1:colcon.colcon_core.environment:checking '/home/kenbio/sensor_ws/install/ldlidar/bin'
[11.098s] INFO:colcon.colcon_core.shell:Creating package script '/home/kenbio/sensor_ws/install/ldlidar/share/ldlidar/package.ps1'
[11.098s] INFO:colcon.colcon_core.shell:Creating package descriptor '/home/kenbio/sensor_ws/install/ldlidar/share/ldlidar/package.dsv'
[11.099s] INFO:colcon.colcon_core.shell:Creating package script '/home/kenbio/sensor_ws/install/ldlidar/share/ldlidar/package.sh'
[11.099s] INFO:colcon.colcon_core.shell:Creating package script '/home/kenbio/sensor_ws/install/ldlidar/share/ldlidar/package.bash'
[11.100s] INFO:colcon.colcon_core.shell:Creating package script '/home/kenbio/sensor_ws/install/ldlidar/share/ldlidar/package.zsh'
[11.100s] Level 1:colcon.colcon_core.environment:create_file_with_runtime_dependencies(/home/kenbio/sensor_ws/install/ldlidar/share/colcon-core/packages/ldlidar)
[11.101s] INFO:colcon.colcon_ros.task.ament_python.build:Building ROS package in '/home/kenbio/sensor_ws/src/sensor_bringup' with build type 'ament_python'
[11.101s] Level 1:colcon.colcon_core.shell:create_environment_hook('sensor_bringup', 'ament_prefix_path')
[11.102s] INFO:colcon.colcon_core.shell:Creating environment hook '/home/kenbio/sensor_ws/install/sensor_bringup/share/sensor_bringup/hook/ament_prefix_path.ps1'
[11.103s] INFO:colcon.colcon_core.shell:Creating environment descriptor '/home/kenbio/sensor_ws/install/sensor_bringup/share/sensor_bringup/hook/ament_prefix_path.dsv'
[11.103s] INFO:colcon.colcon_core.shell:Creating environment hook '/home/kenbio/sensor_ws/install/sensor_bringup/share/sensor_bringup/hook/ament_prefix_path.sh'
[11.104s] INFO:colcon.colcon_core.shell:Skip shell extension 'powershell' for command environment: Not usable outside of PowerShell
[11.104s] DEBUG:colcon.colcon_core.shell:Skip shell extension 'dsv' for command environment
[11.395s] INFO:colcon.colcon_core.task.python.build:Building Python package in '/home/kenbio/sensor_ws/src/sensor_bringup'
[11.395s] INFO:colcon.colcon_core.shell:Skip shell extension 'powershell' for command environment: Not usable outside of PowerShell
[11.395s] DEBUG:colcon.colcon_core.shell:Skip shell extension 'dsv' for command environment
[12.222s] DEBUG:colcon.colcon_core.event_handler.log_command:Invoking command in '/home/kenbio/sensor_ws/src/sensor_bringup': AMENT_PREFIX_PATH=/home/kenbio/sensor_ws/install/ldlidar:/home/kenbio/sensor_ws/install/imu_ros2_device:/home/kenbio/sensor_ws/install/agv_control:${AMENT_PREFIX_PATH} CMAKE_PREFIX_PATH=/home/kenbio/sensor_ws/install/ldlidar:${CMAKE_PREFIX_PATH} DEBUGINFOD_URLS=https://debuginfod.ubuntu.com PYTHONPATH=/home/kenbio/sensor_ws/build/sensor_bringup/prefix_override:/usr/lib/python3/dist-packages/colcon_core/task/python/colcon_distutils_commands:/home/kenbio/sensor_ws/install/sensor_bringup/lib/python3.12/site-packages:/home/kenbio/sensor_ws/install/imu_ros2_device/lib/python3.12/site-packages:/home/kenbio/sensor_ws/install/agv_control/lib/python3.12/site-packages:${PYTHONPATH} /usr/bin/python3 -W ignore:setup.py install is deprecated -W ignore:easy_install command is deprecated setup.py egg_info --egg-base ../../build/sensor_bringup build --build-base /home/kenbio/sensor_ws/build/sensor_bringup/build install --record /home/kenbio/sensor_ws/build/sensor_bringup/install.log --single-version-externally-managed install_data
[12.964s] Level 1:colcon.colcon_core.environment:checking '/home/kenbio/sensor_ws/install/sensor_bringup' for CMake module files
[12.965s] DEBUG:colcon.colcon_core.event_handler.log_command:Invoked command in '/home/kenbio/sensor_ws/src/sensor_bringup' returned '0': AMENT_PREFIX_PATH=/home/kenbio/sensor_ws/install/ldlidar:/home/kenbio/sensor_ws/install/imu_ros2_device:/home/kenbio/sensor_ws/install/agv_control:${AMENT_PREFIX_PATH} CMAKE_PREFIX_PATH=/home/kenbio/sensor_ws/install/ldlidar:${CMAKE_PREFIX_PATH} DEBUGINFOD_URLS=https://debuginfod.ubuntu.com PYTHONPATH=/home/kenbio/sensor_ws/build/sensor_bringup/prefix_override:/usr/lib/python3/dist-packages/colcon_core/task/python/colcon_distutils_commands:/home/kenbio/sensor_ws/install/sensor_bringup/lib/python3.12/site-packages:/home/kenbio/sensor_ws/install/imu_ros2_device/lib/python3.12/site-packages:/home/kenbio/sensor_ws/install/agv_control/lib/python3.12/site-packages:${PYTHONPATH} /usr/bin/python3 -W ignore:setup.py install is deprecated -W ignore:easy_install command is deprecated setup.py egg_info --egg-base ../../build/sensor_bringup build --build-base /home/kenbio/sensor_ws/build/sensor_bringup/build install --record /home/kenbio/sensor_ws/build/sensor_bringup/install.log --single-version-externally-managed install_data
[12.965s] Level 1:colcon.colcon_core.environment:checking '/home/kenbio/sensor_ws/install/sensor_bringup' for CMake config files
[12.966s] Level 1:colcon.colcon_core.environment:checking '/home/kenbio/sensor_ws/install/sensor_bringup/lib'
[12.966s] Level 1:colcon.colcon_core.environment:checking '/home/kenbio/sensor_ws/install/sensor_bringup/bin'
[12.966s] Level 1:colcon.colcon_core.environment:checking '/home/kenbio/sensor_ws/install/sensor_bringup/lib/pkgconfig/sensor_bringup.pc'
[12.966s] Level 1:colcon.colcon_core.environment:checking '/home/kenbio/sensor_ws/install/sensor_bringup/lib/python3.12/site-packages'
[12.966s] Level 1:colcon.colcon_core.shell:create_environment_hook('sensor_bringup', 'pythonpath')
[12.967s] INFO:colcon.colcon_core.shell:Creating environment hook '/home/kenbio/sensor_ws/install/sensor_bringup/share/sensor_bringup/hook/pythonpath.ps1'
[12.967s] INFO:colcon.colcon_core.shell:Creating environment descriptor '/home/kenbio/sensor_ws/install/sensor_bringup/share/sensor_bringup/hook/pythonpath.dsv'
[12.967s] INFO:colcon.colcon_core.shell:Creating environment hook '/home/kenbio/sensor_ws/install/sensor_bringup/share/sensor_bringup/hook/pythonpath.sh'
[12.968s] Level 1:colcon.colcon_core.environment:checking '/home/kenbio/sensor_ws/install/sensor_bringup/bin'
[12.968s] Level 1:colcon.colcon_core.environment:create_environment_scripts_only(sensor_bringup)
[12.968s] INFO:colcon.colcon_core.shell:Creating package script '/home/kenbio/sensor_ws/install/sensor_bringup/share/sensor_bringup/package.ps1'
[12.969s] INFO:colcon.colcon_core.shell:Creating package descriptor '/home/kenbio/sensor_ws/install/sensor_bringup/share/sensor_bringup/package.dsv'
[12.970s] INFO:colcon.colcon_core.shell:Creating package script '/home/kenbio/sensor_ws/install/sensor_bringup/share/sensor_bringup/package.sh'
[12.970s] INFO:colcon.colcon_core.shell:Creating package script '/home/kenbio/sensor_ws/install/sensor_bringup/share/sensor_bringup/package.bash'
[12.970s] INFO:colcon.colcon_core.shell:Creating package script '/home/kenbio/sensor_ws/install/sensor_bringup/share/sensor_bringup/package.zsh'
[12.971s] Level 1:colcon.colcon_core.environment:create_file_with_runtime_dependencies(/home/kenbio/sensor_ws/install/sensor_bringup/share/colcon-core/packages/sensor_bringup)
[12.971s] DEBUG:colcon.colcon_parallel_executor.executor.parallel:closing loop
[12.971s] DEBUG:colcon.colcon_parallel_executor.executor.parallel:loop closed
[12.971s] DEBUG:colcon.colcon_parallel_executor.executor.parallel:run_until_complete finished with '0'
[12.971s] DEBUG:colcon.colcon_core.event_reactor:joining thread
[12.973s] DEBUG:colcon.colcon_core.event_reactor:joined thread
[12.973s] INFO:colcon.colcon_core.shell:Creating prefix script '/home/kenbio/sensor_ws/install/local_setup.ps1'
[12.974s] INFO:colcon.colcon_core.shell:Creating prefix util module '/home/kenbio/sensor_ws/install/_local_setup_util_ps1.py'
[12.976s] INFO:colcon.colcon_core.shell:Creating prefix chain script '/home/kenbio/sensor_ws/install/setup.ps1'
[12.977s] INFO:colcon.colcon_core.shell:Creating prefix script '/home/kenbio/sensor_ws/install/local_setup.sh'
[12.978s] INFO:colcon.colcon_core.shell:Creating prefix util module '/home/kenbio/sensor_ws/install/_local_setup_util_sh.py'
[12.978s] INFO:colcon.colcon_core.shell:Creating prefix chain script '/home/kenbio/sensor_ws/install/setup.sh'
[12.979s] INFO:colcon.colcon_core.shell:Creating prefix script '/home/kenbio/sensor_ws/install/local_setup.bash'
[12.980s] INFO:colcon.colcon_core.shell:Creating prefix chain script '/home/kenbio/sensor_ws/install/setup.bash'
[12.981s] INFO:colcon.colcon_core.shell:Creating prefix script '/home/kenbio/sensor_ws/install/local_setup.zsh'
[12.982s] INFO:colcon.colcon_core.shell:Creating prefix chain script '/home/kenbio/sensor_ws/install/setup.zsh'
