[1.667s] Invoking command in '/home/kenbio/sensor_ws/src/imu_ros2_device': DEBUGINFOD_URLS=https://debuginfod.ubuntu.com PYTHONPATH=/home/kenbio/sensor_ws/build/imu_ros2_device/prefix_override:/usr/lib/python3/dist-packages/colcon_core/task/python/colcon_distutils_commands:/home/kenbio/sensor_ws/install/imu_ros2_device/lib/python3.12/site-packages:${PYTHONPATH} /usr/bin/python3 -W ignore:setup.py install is deprecated -W ignore:easy_install command is deprecated setup.py egg_info --egg-base ../../build/imu_ros2_device build --build-base /home/kenbio/sensor_ws/build/imu_ros2_device/build install --record /home/kenbio/sensor_ws/build/imu_ros2_device/install.log --single-version-externally-managed install_data
[2.102s] running egg_info
[2.103s] creating ../../build/imu_ros2_device/imu_ros2_device.egg-info
[2.130s] writing ../../build/imu_ros2_device/imu_ros2_device.egg-info/PKG-INFO
[2.130s] writing dependency_links to ../../build/imu_ros2_device/imu_ros2_device.egg-info/dependency_links.txt
[2.130s] writing entry points to ../../build/imu_ros2_device/imu_ros2_device.egg-info/entry_points.txt
[2.131s] writing requirements to ../../build/imu_ros2_device/imu_ros2_device.egg-info/requires.txt
[2.131s] writing top-level names to ../../build/imu_ros2_device/imu_ros2_device.egg-info/top_level.txt
[2.131s] writing manifest file '../../build/imu_ros2_device/imu_ros2_device.egg-info/SOURCES.txt'
[2.189s] reading manifest file '../../build/imu_ros2_device/imu_ros2_device.egg-info/SOURCES.txt'
[2.190s] writing manifest file '../../build/imu_ros2_device/imu_ros2_device.egg-info/SOURCES.txt'
[2.190s] running build
[2.190s] running build_py
[2.191s] creating /home/kenbio/sensor_ws/build/imu_ros2_device/build
[2.191s] creating /home/kenbio/sensor_ws/build/imu_ros2_device/build/lib
[2.191s] creating /home/kenbio/sensor_ws/build/imu_ros2_device/build/lib/imu_ros2_device
[2.192s] copying imu_ros2_device/__init__.py -> /home/kenbio/sensor_ws/build/imu_ros2_device/build/lib/imu_ros2_device
[2.192s] copying imu_ros2_device/ybimu_driver.py -> /home/kenbio/sensor_ws/build/imu_ros2_device/build/lib/imu_ros2_device
[2.192s] creating /home/kenbio/sensor_ws/build/imu_ros2_device/build/lib/imu_ros2_device/vendor_ybimu
[2.192s] copying imu_ros2_device/vendor_ybimu/YbImuSerialLib.py -> /home/kenbio/sensor_ws/build/imu_ros2_device/build/lib/imu_ros2_device/vendor_ybimu
[2.192s] copying imu_ros2_device/vendor_ybimu/__init__.py -> /home/kenbio/sensor_ws/build/imu_ros2_device/build/lib/imu_ros2_device/vendor_ybimu
[2.193s] running install
[2.202s] running install_lib
[2.229s] creating /home/kenbio/sensor_ws/install/imu_ros2_device/lib/python3.12/site-packages/imu_ros2_device
[2.230s] copying /home/kenbio/sensor_ws/build/imu_ros2_device/build/lib/imu_ros2_device/__init__.py -> /home/kenbio/sensor_ws/install/imu_ros2_device/lib/python3.12/site-packages/imu_ros2_device
[2.230s] copying /home/kenbio/sensor_ws/build/imu_ros2_device/build/lib/imu_ros2_device/ybimu_driver.py -> /home/kenbio/sensor_ws/install/imu_ros2_device/lib/python3.12/site-packages/imu_ros2_device
[2.230s] creating /home/kenbio/sensor_ws/install/imu_ros2_device/lib/python3.12/site-packages/imu_ros2_device/vendor_ybimu
[2.230s] copying /home/kenbio/sensor_ws/build/imu_ros2_device/build/lib/imu_ros2_device/vendor_ybimu/YbImuSerialLib.py -> /home/kenbio/sensor_ws/install/imu_ros2_device/lib/python3.12/site-packages/imu_ros2_device/vendor_ybimu
[2.231s] copying /home/kenbio/sensor_ws/build/imu_ros2_device/build/lib/imu_ros2_device/vendor_ybimu/__init__.py -> /home/kenbio/sensor_ws/install/imu_ros2_device/lib/python3.12/site-packages/imu_ros2_device/vendor_ybimu
[2.231s] byte-compiling /home/kenbio/sensor_ws/install/imu_ros2_device/lib/python3.12/site-packages/imu_ros2_device/__init__.py to __init__.cpython-312.pyc
[2.232s] byte-compiling /home/kenbio/sensor_ws/install/imu_ros2_device/lib/python3.12/site-packages/imu_ros2_device/ybimu_driver.py to ybimu_driver.cpython-312.pyc
[2.234s] byte-compiling /home/kenbio/sensor_ws/install/imu_ros2_device/lib/python3.12/site-packages/imu_ros2_device/vendor_ybimu/YbImuSerialLib.py to YbImuSerialLib.cpython-312.pyc
[2.239s] byte-compiling /home/kenbio/sensor_ws/install/imu_ros2_device/lib/python3.12/site-packages/imu_ros2_device/vendor_ybimu/__init__.py to __init__.cpython-312.pyc
[2.239s] running install_data
[2.240s] creating /home/kenbio/sensor_ws/install/imu_ros2_device/share/ament_index
[2.240s] creating /home/kenbio/sensor_ws/install/imu_ros2_device/share/ament_index/resource_index
[2.240s] creating /home/kenbio/sensor_ws/install/imu_ros2_device/share/ament_index/resource_index/packages
[2.240s] copying resource/imu_ros2_device -> /home/kenbio/sensor_ws/install/imu_ros2_device/share/ament_index/resource_index/packages
[2.241s] copying package.xml -> /home/kenbio/sensor_ws/install/imu_ros2_device/share/imu_ros2_device
[2.241s] creating /home/kenbio/sensor_ws/install/imu_ros2_device/share/imu_ros2_device/launch
[2.241s] copying launch/ybimu_display.launch.py -> /home/kenbio/sensor_ws/install/imu_ros2_device/share/imu_ros2_device/launch
[2.242s] creating /home/kenbio/sensor_ws/install/imu_ros2_device/share/imu_ros2_device/rviz
[2.242s] creating /home/kenbio/sensor_ws/install/imu_ros2_device/share/imu_ros2_device/config
[2.242s] copying config/imu_filter_param(1).yaml -> /home/kenbio/sensor_ws/install/imu_ros2_device/share/imu_ros2_device/config
[2.242s] copying config/imu_filter_param.yaml -> /home/kenbio/sensor_ws/install/imu_ros2_device/share/imu_ros2_device/config
[2.242s] running install_egg_info
[2.270s] Copying ../../build/imu_ros2_device/imu_ros2_device.egg-info to /home/kenbio/sensor_ws/install/imu_ros2_device/lib/python3.12/site-packages/imu_ros2_device-0.0.1-py3.12.egg-info
[2.272s] running install_scripts
[2.456s] Installing ybimu_driver script to /home/kenbio/sensor_ws/install/imu_ros2_device/lib/imu_ros2_device
[2.457s] writing list of installed files to '/home/kenbio/sensor_ws/build/imu_ros2_device/install.log'
[2.506s] Invoked command in '/home/kenbio/sensor_ws/src/imu_ros2_device' returned '0': DEBUGINFOD_URLS=https://debuginfod.ubuntu.com PYTHONPATH=/home/kenbio/sensor_ws/build/imu_ros2_device/prefix_override:/usr/lib/python3/dist-packages/colcon_core/task/python/colcon_distutils_commands:/home/kenbio/sensor_ws/install/imu_ros2_device/lib/python3.12/site-packages:${PYTHONPATH} /usr/bin/python3 -W ignore:setup.py install is deprecated -W ignore:easy_install command is deprecated setup.py egg_info --egg-base ../../build/imu_ros2_device build --build-base /home/kenbio/sensor_ws/build/imu_ros2_device/build install --record /home/kenbio/sensor_ws/build/imu_ros2_device/install.log --single-version-externally-managed install_data
